<?xml version="1.0" encoding="ISO-8859-1" ?>
<link_info>
   <banner>TI ARM Linker PC v20.2.7.LTS</banner>
   <copyright>Copyright (c) 1996-2018 Texas Instruments Incorporated</copyright>
   <link_time>0x65b6ef6f</link_time>
   <link_errors>0x0</link_errors>
   <output_file>pwmled2_CC3220S_LAUNCHXL_nortos_ccs.out</output_file>
   <entry_point>
      <name>resetISR</name>
      <address>0x2000e441</address>
   </entry_point>
   <input_file_list>
      <input_file id="fl-2">
         <path>.\</path>
         <kind>object</kind>
         <file>main_nortos.obj</file>
         <name>main_nortos.obj</name>
      </input_file>
      <input_file id="fl-3">
         <path>.\</path>
         <kind>object</kind>
         <file>pwmled2.obj</file>
         <name>pwmled2.obj</name>
      </input_file>
      <input_file id="fl-4">
         <path>.\syscfg\</path>
         <kind>object</kind>
         <file>ti_drivers_config.obj</file>
         <name>ti_drivers_config.obj</name>
      </input_file>
      <input_file id="fl-d">
         <kind>object</kind>
         <file>&lt;internal&gt;</file>
         <name>&lt;internal&gt;</name>
      </input_file>
      <input_file id="fl-e">
         <path>C:\ti\simplelink_cc32xx_sdk_4_30_00_06\source\ti\drivers\lib\ccs\m4\</path>
         <kind>archive</kind>
         <file>drivers_cc32xx.a</file>
         <name>PWM.oem4</name>
      </input_file>
      <input_file id="fl-f">
         <path>C:\ti\simplelink_cc32xx_sdk_4_30_00_06\source\ti\drivers\lib\ccs\m4\</path>
         <kind>archive</kind>
         <file>drivers_cc32xx.a</file>
         <name>PowerCC32XX.oem4</name>
      </input_file>
      <input_file id="fl-10">
         <path>C:\ti\simplelink_cc32xx_sdk_4_30_00_06\source\ti\drivers\lib\ccs\m4\</path>
         <kind>archive</kind>
         <file>drivers_cc32xx.a</file>
         <name>PowerCC32XX_asm.oem4</name>
      </input_file>
      <input_file id="fl-11">
         <path>C:\ti\simplelink_cc32xx_sdk_4_30_00_06\source\ti\drivers\lib\ccs\m4\</path>
         <kind>archive</kind>
         <file>drivers_cc32xx.a</file>
         <name>PWMTimerCC32XX.oem4</name>
      </input_file>
      <input_file id="fl-12">
         <path>C:\ti\simplelink_cc32xx_sdk_4_30_00_06\source\ti\drivers\lib\ccs\m4\</path>
         <kind>archive</kind>
         <file>drivers_cc32xx.a</file>
         <name>TimerCC32XX.oem4</name>
      </input_file>
      <input_file id="fl-13">
         <path>C:\ti\simplelink_cc32xx_sdk_4_30_00_06\source\ti\drivers\lib\ccs\m4\</path>
         <kind>archive</kind>
         <file>drivers_cc32xx.a</file>
         <name>List.oem4</name>
      </input_file>
      <input_file id="fl-14">
         <path>C:\ti\simplelink_cc32xx_sdk_4_30_00_06\kernel\nortos\lib\ccs\m4\</path>
         <kind>archive</kind>
         <file>nortos_cc32xx.a</file>
         <name>posix_sleep.oem4</name>
      </input_file>
      <input_file id="fl-15">
         <path>C:\ti\simplelink_cc32xx_sdk_4_30_00_06\kernel\nortos\lib\ccs\m4\</path>
         <kind>archive</kind>
         <file>nortos_cc32xx.a</file>
         <name>NoRTOS.oem4</name>
      </input_file>
      <input_file id="fl-16">
         <path>C:\ti\simplelink_cc32xx_sdk_4_30_00_06\kernel\nortos\lib\ccs\m4\</path>
         <kind>archive</kind>
         <file>nortos_cc32xx.a</file>
         <name>SemaphoreP_nortos.oem4</name>
      </input_file>
      <input_file id="fl-17">
         <path>C:\ti\simplelink_cc32xx_sdk_4_30_00_06\kernel\nortos\lib\ccs\m4\</path>
         <kind>archive</kind>
         <file>nortos_cc32xx.a</file>
         <name>ClockPSysTick_nortos.oem4</name>
      </input_file>
      <input_file id="fl-18">
         <path>C:\ti\simplelink_cc32xx_sdk_4_30_00_06\kernel\nortos\lib\ccs\m4\</path>
         <kind>archive</kind>
         <file>nortos_cc32xx.a</file>
         <name>HwiPCC32XX_nortos.oem4</name>
      </input_file>
      <input_file id="fl-19">
         <path>C:\ti\simplelink_cc32xx_sdk_4_30_00_06\kernel\nortos\lib\ccs\m4\</path>
         <kind>archive</kind>
         <file>nortos_cc32xx.a</file>
         <name>PowerCC32XX_nortos.oem4</name>
      </input_file>
      <input_file id="fl-1a">
         <path>C:\ti\simplelink_cc32xx_sdk_4_30_00_06\kernel\nortos\lib\ccs\m4\</path>
         <kind>archive</kind>
         <file>nortos_cc32xx.a</file>
         <name>startup_cc32xx_ccs.oem4</name>
      </input_file>
      <input_file id="fl-1b">
         <path>C:\ti\simplelink_cc32xx_sdk_4_30_00_06\kernel\nortos\lib\ccs\m4\</path>
         <kind>archive</kind>
         <file>nortos_cc32xx.a</file>
         <name>SwiP_nortos.oem4</name>
      </input_file>
      <input_file id="fl-1c">
         <path>C:\ti\simplelink_cc32xx_sdk_4_30_00_06\kernel\nortos\lib\ccs\m4\</path>
         <kind>archive</kind>
         <file>nortos_cc32xx.a</file>
         <name>QueueP_nortos.oem4</name>
      </input_file>
      <input_file id="fl-1d">
         <path>C:\ti\simplelink_cc32xx_sdk_4_30_00_06\source\ti\devices\cc32xx\driverlib\ccs\Release\</path>
         <kind>archive</kind>
         <file>driverlib.a</file>
         <name>cpu.obj</name>
      </input_file>
      <input_file id="fl-1e">
         <path>C:\ti\simplelink_cc32xx_sdk_4_30_00_06\source\ti\devices\cc32xx\driverlib\ccs\Release\</path>
         <kind>archive</kind>
         <file>driverlib.a</file>
         <name>interrupt.obj</name>
      </input_file>
      <input_file id="fl-1f">
         <path>C:\ti\simplelink_cc32xx_sdk_4_30_00_06\source\ti\devices\cc32xx\driverlib\ccs\Release\</path>
         <kind>archive</kind>
         <file>driverlib.a</file>
         <name>pin.obj</name>
      </input_file>
      <input_file id="fl-20">
         <path>C:\ti\simplelink_cc32xx_sdk_4_30_00_06\source\ti\devices\cc32xx\driverlib\ccs\Release\</path>
         <kind>archive</kind>
         <file>driverlib.a</file>
         <name>prcm.obj</name>
      </input_file>
      <input_file id="fl-21">
         <path>C:\ti\simplelink_cc32xx_sdk_4_30_00_06\source\ti\devices\cc32xx\driverlib\ccs\Release\</path>
         <kind>archive</kind>
         <file>driverlib.a</file>
         <name>timer.obj</name>
      </input_file>
      <input_file id="fl-22">
         <path>C:\ti\simplelink_cc32xx_sdk_4_30_00_06\source\ti\devices\cc32xx\driverlib\ccs\Release\</path>
         <kind>archive</kind>
         <file>driverlib.a</file>
         <name>utils.obj</name>
      </input_file>
      <input_file id="fl-23">
         <path>C:\ti\simplelink_cc32xx_sdk_4_30_00_06\source\ti\devices\cc32xx\driverlib\ccs\Release\</path>
         <kind>archive</kind>
         <file>driverlib.a</file>
         <name>flash.obj</name>
      </input_file>
      <input_file id="fl-d9">
         <path>C:\Users\sstut\ti\ccs1250\ccs\tools\compiler\ti-cgt-arm_20.2.7.LTS\lib\</path>
         <kind>archive</kind>
         <file>rtsv7M4_T_le_eabi.lib</file>
         <name>fd_mul_t2.asm.obj</name>
      </input_file>
      <input_file id="fl-da">
         <path>C:\Users\sstut\ti\ccs1250\ccs\tools\compiler\ti-cgt-arm_20.2.7.LTS\lib\</path>
         <kind>archive</kind>
         <file>rtsv7M4_T_le_eabi.lib</file>
         <name>fd_toi_t2.asm.obj</name>
      </input_file>
      <input_file id="fl-db">
         <path>C:\Users\sstut\ti\ccs1250\ccs\tools\compiler\ti-cgt-arm_20.2.7.LTS\lib\</path>
         <kind>archive</kind>
         <file>rtsv7M4_T_le_eabi.lib</file>
         <name>ll_mul_t2.asm.obj</name>
      </input_file>
      <input_file id="fl-dc">
         <path>C:\Users\sstut\ti\ccs1250\ccs\tools\compiler\ti-cgt-arm_20.2.7.LTS\lib\</path>
         <kind>archive</kind>
         <file>rtsv7M4_T_le_eabi.lib</file>
         <name>memcpy_t2.asm.obj</name>
      </input_file>
      <input_file id="fl-dd">
         <path>C:\Users\sstut\ti\ccs1250\ccs\tools\compiler\ti-cgt-arm_20.2.7.LTS\lib\</path>
         <kind>archive</kind>
         <file>rtsv7M4_T_le_eabi.lib</file>
         <name>u_tofd_t2.asm.obj</name>
      </input_file>
      <input_file id="fl-de">
         <path>C:\Users\sstut\ti\ccs1250\ccs\tools\compiler\ti-cgt-arm_20.2.7.LTS\lib\</path>
         <kind>archive</kind>
         <file>rtsv7M4_T_le_eabi.lib</file>
         <name>ull_div_t2.asm.obj</name>
      </input_file>
      <input_file id="fl-df">
         <path>C:\Users\sstut\ti\ccs1250\ccs\tools\compiler\ti-cgt-arm_20.2.7.LTS\lib\</path>
         <kind>archive</kind>
         <file>rtsv7M4_T_le_eabi.lib</file>
         <name>copy_zero_init.c.obj</name>
      </input_file>
      <input_file id="fl-e0">
         <path>C:\Users\sstut\ti\ccs1250\ccs\tools\compiler\ti-cgt-arm_20.2.7.LTS\lib\</path>
         <kind>archive</kind>
         <file>rtsv7M4_T_le_eabi.lib</file>
         <name>copy_decompress_none.c.obj</name>
      </input_file>
      <input_file id="fl-e1">
         <path>C:\Users\sstut\ti\ccs1250\ccs\tools\compiler\ti-cgt-arm_20.2.7.LTS\lib\</path>
         <kind>archive</kind>
         <file>rtsv7M4_T_le_eabi.lib</file>
         <name>copy_decompress_lzss.c.obj</name>
      </input_file>
      <input_file id="fl-e2">
         <path>C:\Users\sstut\ti\ccs1250\ccs\tools\compiler\ti-cgt-arm_20.2.7.LTS\lib\</path>
         <kind>archive</kind>
         <file>rtsv7M4_T_le_eabi.lib</file>
         <name>memory.c.obj</name>
      </input_file>
      <input_file id="fl-e3">
         <path>C:\Users\sstut\ti\ccs1250\ccs\tools\compiler\ti-cgt-arm_20.2.7.LTS\lib\</path>
         <kind>archive</kind>
         <file>rtsv7M4_T_le_eabi.lib</file>
         <name>boot_cortex_m.c.obj</name>
      </input_file>
      <input_file id="fl-e4">
         <path>C:\Users\sstut\ti\ccs1250\ccs\tools\compiler\ti-cgt-arm_20.2.7.LTS\lib\</path>
         <kind>archive</kind>
         <file>rtsv7M4_T_le_eabi.lib</file>
         <name>div0.asm.obj</name>
      </input_file>
      <input_file id="fl-e5">
         <path>C:\Users\sstut\ti\ccs1250\ccs\tools\compiler\ti-cgt-arm_20.2.7.LTS\lib\</path>
         <kind>archive</kind>
         <file>rtsv7M4_T_le_eabi.lib</file>
         <name>memset_t2.asm.obj</name>
      </input_file>
      <input_file id="fl-e6">
         <path>C:\Users\sstut\ti\ccs1250\ccs\tools\compiler\ti-cgt-arm_20.2.7.LTS\lib\</path>
         <kind>archive</kind>
         <file>rtsv7M4_T_le_eabi.lib</file>
         <name>autoinit.c.obj</name>
      </input_file>
      <input_file id="fl-e7">
         <path>C:\Users\sstut\ti\ccs1250\ccs\tools\compiler\ti-cgt-arm_20.2.7.LTS\lib\</path>
         <kind>archive</kind>
         <file>rtsv7M4_T_le_eabi.lib</file>
         <name>pre_init.c.obj</name>
      </input_file>
      <input_file id="fl-e8">
         <path>C:\Users\sstut\ti\ccs1250\ccs\tools\compiler\ti-cgt-arm_20.2.7.LTS\lib\</path>
         <kind>archive</kind>
         <file>rtsv7M4_T_le_eabi.lib</file>
         <name>cpy_tbl.c.obj</name>
      </input_file>
      <input_file id="fl-e9">
         <path>C:\Users\sstut\ti\ccs1250\ccs\tools\compiler\ti-cgt-arm_20.2.7.LTS\lib\</path>
         <kind>archive</kind>
         <file>rtsv7M4_T_le_eabi.lib</file>
         <name>exit.c.obj</name>
      </input_file>
      <input_file id="fl-ea">
         <path>C:\Users\sstut\ti\ccs1250\ccs\tools\compiler\ti-cgt-arm_20.2.7.LTS\lib\</path>
         <kind>archive</kind>
         <file>rtsv7M4_T_le_eabi.lib</file>
         <name>_lock.c.obj</name>
      </input_file>
      <input_file id="fl-eb">
         <path>C:\Users\sstut\ti\ccs1250\ccs\tools\compiler\ti-cgt-arm_20.2.7.LTS\lib\</path>
         <kind>archive</kind>
         <file>rtsv7M4_T_le_eabi.lib</file>
         <name>args_main.c.obj</name>
      </input_file>
   </input_file_list>
   <object_component_list>
      <object_component id="oc-1a9">
         <name>.text:PRCMCC3200MCUInit</name>
         <load_address>0x2000c040</load_address>
         <run_address>0x2000c040</run_address>
         <size>0x42c</size>
         <input_file_ref idref="fl-20"/>
      </object_component>
      <object_component id="oc-2f7">
         <name>.text:PowerCC32XX_sleepPolicy</name>
         <load_address>0x2000c46c</load_address>
         <run_address>0x2000c46c</run_address>
         <size>0x19c</size>
         <input_file_ref idref="fl-19"/>
      </object_component>
      <object_component id="oc-435">
         <name>.text:parkPins</name>
         <load_address>0x2000c608</load_address>
         <run_address>0x2000c608</run_address>
         <size>0x148</size>
         <input_file_ref idref="fl-f"/>
      </object_component>
      <object_component id="oc-3d2">
         <name>.text:PWMTimerCC32XX_setDutyAndPeriod</name>
         <load_address>0x2000c750</load_address>
         <run_address>0x2000c750</run_address>
         <size>0x140</size>
         <input_file_ref idref="fl-11"/>
      </object_component>
      <object_component id="oc-388">
         <name>.text:Power_sleep</name>
         <load_address>0x2000c890</load_address>
         <run_address>0x2000c890</run_address>
         <size>0x138</size>
         <input_file_ref idref="fl-f"/>
      </object_component>
      <object_component id="oc-1c2">
         <name>.text</name>
         <load_address>0x2000c9c8</load_address>
         <run_address>0x2000c9c8</run_address>
         <size>0xfc</size>
         <input_file_ref idref="fl-d9"/>
      </object_component>
      <object_component id="oc-3c0">
         <name>.text:PWMTimerCC32XX_open</name>
         <load_address>0x2000cac4</load_address>
         <run_address>0x2000cac4</run_address>
         <size>0xf0</size>
         <input_file_ref idref="fl-11"/>
      </object_component>
      <object_component id="oc-15e">
         <name>.text:mainThread</name>
         <load_address>0x2000cbb4</load_address>
         <run_address>0x2000cbb4</run_address>
         <size>0xdc</size>
         <input_file_ref idref="fl-3"/>
      </object_component>
      <object_component id="oc-3de">
         <name>.text:PWMTimerCC32XX_stop</name>
         <load_address>0x2000cc90</load_address>
         <run_address>0x2000cc90</run_address>
         <size>0xc4</size>
         <input_file_ref idref="fl-11"/>
      </object_component>
      <object_component id="oc-452">
         <name>.text:restoreParkedPins</name>
         <load_address>0x2000cd54</load_address>
         <run_address>0x2000cd54</run_address>
         <size>0xc0</size>
         <input_file_ref idref="fl-f"/>
      </object_component>
      <object_component id="oc-3c6">
         <name>.text:PWMTimerCC32XX_setDuty</name>
         <load_address>0x2000ce14</load_address>
         <run_address>0x2000ce14</run_address>
         <size>0xb8</size>
         <input_file_ref idref="fl-11"/>
      </object_component>
      <object_component id="oc-b5">
         <name>.text:IntEnable</name>
         <load_address>0x2000cecc</load_address>
         <run_address>0x2000cecc</run_address>
         <size>0xa8</size>
         <input_file_ref idref="fl-1e"/>
      </object_component>
      <object_component id="oc-270">
         <name>.text:PowerCC32XX_configureWakeup</name>
         <load_address>0x2000cf74</load_address>
         <run_address>0x2000cf74</run_address>
         <size>0xa8</size>
         <input_file_ref idref="fl-f"/>
      </object_component>
      <object_component id="oc-4ab">
         <name>.text:initHw</name>
         <load_address>0x2000d01c</load_address>
         <run_address>0x2000d01c</run_address>
         <size>0xa4</size>
         <input_file_ref idref="fl-11"/>
      </object_component>
      <object_component id="oc-32a">
         <name>.text:SemaphoreP_pend</name>
         <load_address>0x2000d0c0</load_address>
         <run_address>0x2000d0c0</run_address>
         <size>0xa0</size>
         <input_file_ref idref="fl-16"/>
      </object_component>
      <object_component id="oc-3b">
         <name>.text</name>
         <load_address>0x2000d160</load_address>
         <run_address>0x2000d160</run_address>
         <size>0x9c</size>
         <input_file_ref idref="fl-dc"/>
      </object_component>
      <object_component id="oc-3cc">
         <name>.text:PWMTimerCC32XX_setPeriod</name>
         <load_address>0x2000d1fc</load_address>
         <run_address>0x2000d1fc</run_address>
         <size>0x98</size>
         <input_file_ref idref="fl-11"/>
      </object_component>
      <object_component id="oc-29e">
         <name>.text</name>
         <load_address>0x2000d294</load_address>
         <run_address>0x2000d294</run_address>
         <size>0x96</size>
         <input_file_ref idref="fl-de"/>
      </object_component>
      <object_component id="oc-1b5">
         <name>.text:Board_initHook</name>
         <load_address>0x2000d32a</load_address>
         <run_address>0x2000d32a</run_address>
         <size>0x2</size>
         <input_file_ref idref="fl-4"/>
      </object_component>
      <object_component id="oc-446">
         <name>.text:restoreNVICRegs</name>
         <load_address>0x2000d32c</load_address>
         <run_address>0x2000d32c</run_address>
         <size>0x90</size>
         <input_file_ref idref="fl-f"/>
      </object_component>
      <object_component id="oc-535">
         <name>.text:IntPendSet</name>
         <load_address>0x2000d3bc</load_address>
         <run_address>0x2000d3bc</run_address>
         <size>0x88</size>
         <input_file_ref idref="fl-1e"/>
      </object_component>
      <object_component id="oc-3ae">
         <name>.text:PWMTimerCC32XX_close</name>
         <load_address>0x2000d444</load_address>
         <run_address>0x2000d444</run_address>
         <size>0x88</size>
         <input_file_ref idref="fl-11"/>
      </object_component>
      <object_component id="oc-57b">
         <name>.text:PinConfigSet</name>
         <load_address>0x2000d4cc</load_address>
         <run_address>0x2000d4cc</run_address>
         <size>0x88</size>
         <input_file_ref idref="fl-1f"/>
      </object_component>
      <object_component id="oc-1af">
         <name>.text:Power_init</name>
         <load_address>0x2000d554</load_address>
         <run_address>0x2000d554</run_address>
         <size>0x84</size>
         <input_file_ref idref="fl-f"/>
      </object_component>
      <object_component id="oc-43b">
         <name>.text:saveNVICRegs</name>
         <load_address>0x2000d5d8</load_address>
         <run_address>0x2000d5d8</run_address>
         <size>0x84</size>
         <input_file_ref idref="fl-f"/>
      </object_component>
      <object_component id="oc-49f">
         <name>.text:Power_setDependency</name>
         <load_address>0x2000d65c</load_address>
         <run_address>0x2000d65c</run_address>
         <size>0x80</size>
         <input_file_ref idref="fl-f"/>
      </object_component>
      <object_component id="oc-3d8">
         <name>.text:PWMTimerCC32XX_start</name>
         <load_address>0x2000d6dc</load_address>
         <run_address>0x2000d6dc</run_address>
         <size>0x68</size>
         <input_file_ref idref="fl-11"/>
      </object_component>
      <object_component id="oc-14">
         <name>.text:decompress:lzss:__TI_decompress_lzss</name>
         <load_address>0x2000d744</load_address>
         <run_address>0x2000d744</run_address>
         <size>0x68</size>
         <input_file_ref idref="fl-e1"/>
      </object_component>
      <object_component id="oc-4b1">
         <name>.text:PowerCC32XX_setParkState</name>
         <load_address>0x2000d7ac</load_address>
         <run_address>0x2000d7ac</run_address>
         <size>0x64</size>
         <input_file_ref idref="fl-f"/>
      </object_component>
      <object_component id="oc-23e">
         <name>.text:PRCMSysResetCauseGet</name>
         <load_address>0x2000d810</load_address>
         <run_address>0x2000d810</run_address>
         <size>0x60</size>
         <input_file_ref idref="fl-20"/>
      </object_component>
      <object_component id="oc-31a">
         <name>.text:sysTickInit</name>
         <load_address>0x2000d870</load_address>
         <run_address>0x2000d870</run_address>
         <size>0x5c</size>
         <input_file_ref idref="fl-17"/>
      </object_component>
      <object_component id="oc-257">
         <name>.text:PRCMPeripheralReset</name>
         <load_address>0x2000d8cc</load_address>
         <run_address>0x2000d8cc</run_address>
         <size>0x58</size>
         <input_file_ref idref="fl-20"/>
      </object_component>
      <object_component id="oc-47e">
         <name>.text:Power_releaseDependency</name>
         <load_address>0x2000d924</load_address>
         <run_address>0x2000d924</run_address>
         <size>0x58</size>
         <input_file_ref idref="fl-f"/>
      </object_component>
      <object_component id="oc-512">
         <name>.text:PowerCC32XX_resumeLPDS</name>
         <load_address>0x2000d97c</load_address>
         <run_address>0x2000d97c</run_address>
         <size>0x52</size>
         <input_file_ref idref="fl-10"/>
      </object_component>
      <object_component id="oc-3ba">
         <name>.text:PWMTimerCC32XX_init</name>
         <load_address>0x2000d9ce</load_address>
         <run_address>0x2000d9ce</run_address>
         <size>0x2</size>
         <input_file_ref idref="fl-11"/>
      </object_component>
      <object_component id="oc-79">
         <name>.text:ClockP_sysTickHandler</name>
         <load_address>0x2000d9d0</load_address>
         <run_address>0x2000d9d0</run_address>
         <size>0x50</size>
         <input_file_ref idref="fl-17"/>
      </object_component>
      <object_component id="oc-324">
         <name>.text:SemaphoreP_construct</name>
         <load_address>0x2000da20</load_address>
         <run_address>0x2000da20</run_address>
         <size>0x50</size>
         <input_file_ref idref="fl-16"/>
      </object_component>
      <object_component id="oc-499">
         <name>.text:TimerCC32XX_allocateTimerResource</name>
         <load_address>0x2000da70</load_address>
         <run_address>0x2000da70</run_address>
         <size>0x50</size>
         <input_file_ref idref="fl-12"/>
      </object_component>
      <object_component id="oc-509">
         <name>.text:PowerCC32XX_parkPin</name>
         <load_address>0x2000dac0</load_address>
         <run_address>0x2000dac0</run_address>
         <size>0x4c</size>
         <input_file_ref idref="fl-f"/>
      </object_component>
      <object_component id="oc-4be">
         <name>.text:getDutyCounts</name>
         <load_address>0x2000db0c</load_address>
         <run_address>0x2000db0c</run_address>
         <size>0x4c</size>
         <input_file_ref idref="fl-11"/>
      </object_component>
      <object_component id="oc-4c8">
         <name>.text:getPeriodCounts</name>
         <load_address>0x2000db58</load_address>
         <run_address>0x2000db58</run_address>
         <size>0x4c</size>
         <input_file_ref idref="fl-11"/>
      </object_component>
      <object_component id="oc-44c">
         <name>.text:restorePeriphClocks</name>
         <load_address>0x2000dba4</load_address>
         <run_address>0x2000dba4</run_address>
         <size>0x4c</size>
         <input_file_ref idref="fl-f"/>
      </object_component>
      <object_component id="oc-52d">
         <name>.text:FlashDisable</name>
         <load_address>0x2000dbf0</load_address>
         <run_address>0x2000dbf0</run_address>
         <size>0x48</size>
         <input_file_ref idref="fl-23"/>
      </object_component>
      <object_component id="oc-458">
         <name>.text:PRCMLPDSEnter</name>
         <load_address>0x2000dc38</load_address>
         <run_address>0x2000dc38</run_address>
         <size>0x48</size>
         <input_file_ref idref="fl-20"/>
      </object_component>
      <object_component id="oc-251">
         <name>.text:PRCMPeripheralClkEnable</name>
         <load_address>0x2000dc80</load_address>
         <run_address>0x2000dc80</run_address>
         <size>0x48</size>
         <input_file_ref idref="fl-20"/>
      </object_component>
      <object_component id="oc-4d7">
         <name>.text:Power_releaseConstraint</name>
         <load_address>0x2000dcc8</load_address>
         <run_address>0x2000dcc8</run_address>
         <size>0x48</size>
         <input_file_ref idref="fl-f"/>
      </object_component>
      <object_component id="oc-1c7">
         <name>.text</name>
         <load_address>0x2000dd10</load_address>
         <run_address>0x2000dd10</run_address>
         <size>0x48</size>
         <input_file_ref idref="fl-da"/>
      </object_component>
      <object_component id="oc-4ef">
         <name>.text:ClockP_stop</name>
         <load_address>0x2000dd58</load_address>
         <run_address>0x2000dd58</run_address>
         <size>0x44</size>
         <input_file_ref idref="fl-17"/>
      </object_component>
      <object_component id="oc-517">
         <name>.text:PRCMLPDSRestoreInfoSet</name>
         <load_address>0x2000dd9c</load_address>
         <run_address>0x2000dd9c</run_address>
         <size>0x44</size>
         <input_file_ref idref="fl-20"/>
      </object_component>
      <object_component id="oc-1cc">
         <name>.text:PWM_init</name>
         <load_address>0x2000dde0</load_address>
         <run_address>0x2000dde0</run_address>
         <size>0x44</size>
         <input_file_ref idref="fl-e"/>
      </object_component>
      <object_component id="oc-441">
         <name>.text:PowerCC32XX_enterLPDS</name>
         <load_address>0x2000de24</load_address>
         <run_address>0x2000de24</run_address>
         <size>0x44</size>
         <input_file_ref idref="fl-10"/>
      </object_component>
      <object_component id="oc-399">
         <name>.text:SwiP_restore</name>
         <load_address>0x2000de68</load_address>
         <run_address>0x2000de68</run_address>
         <size>0x44</size>
         <input_file_ref idref="fl-1b"/>
      </object_component>
      <object_component id="oc-171">
         <name>.text:__TI_auto_init_nobinit_nopinit:__TI_auto_init_nobinit_nopinit</name>
         <load_address>0x2000deac</load_address>
         <run_address>0x2000deac</run_address>
         <size>0x44</size>
         <input_file_ref idref="fl-e6"/>
      </object_component>
      <object_component id="oc-1d8">
         <name>.text:PWM_open</name>
         <load_address>0x2000def0</load_address>
         <run_address>0x2000def0</run_address>
         <size>0x40</size>
         <input_file_ref idref="fl-e"/>
      </object_component>
      <object_component id="oc-269">
         <name>.text:PinModeSet</name>
         <load_address>0x2000df30</load_address>
         <run_address>0x2000df30</run_address>
         <size>0x40</size>
         <input_file_ref idref="fl-1f"/>
      </object_component>
      <object_component id="oc-40f">
         <name>.text:ClockP_destruct</name>
         <load_address>0x2000df70</load_address>
         <run_address>0x2000df70</run_address>
         <size>0x3c</size>
         <input_file_ref idref="fl-17"/>
      </object_component>
      <object_component id="oc-4d0">
         <name>.text:Power_setConstraint</name>
         <load_address>0x2000dfac</load_address>
         <run_address>0x2000dfac</run_address>
         <size>0x3c</size>
         <input_file_ref idref="fl-f"/>
      </object_component>
      <object_component id="oc-382">
         <name>.text:getCountsRTC</name>
         <load_address>0x2000dfe8</load_address>
         <run_address>0x2000dfe8</run_address>
         <size>0x3a</size>
         <input_file_ref idref="fl-19"/>
      </object_component>
      <object_component id="oc-478">
         <name>.text:getPowerMgrId</name>
         <load_address>0x2000e022</load_address>
         <run_address>0x2000e022</run_address>
         <size>0x3a</size>
         <input_file_ref idref="fl-11"/>
      </object_component>
      <object_component id="oc-45e">
         <name>.text:PRCMLPDSEnterKeepDebugIf</name>
         <load_address>0x2000e05c</load_address>
         <run_address>0x2000e05c</run_address>
         <size>0x38</size>
         <input_file_ref idref="fl-20"/>
      </object_component>
      <object_component id="oc-db">
         <name>.text:addToList</name>
         <load_address>0x2000e094</load_address>
         <run_address>0x2000e094</run_address>
         <size>0x38</size>
         <input_file_ref idref="fl-17"/>
      </object_component>
      <object_component id="oc-59">
         <name>.text:initVectors</name>
         <load_address>0x2000e0cc</load_address>
         <run_address>0x2000e0cc</run_address>
         <size>0x38</size>
         <input_file_ref idref="fl-1a"/>
      </object_component>
      <object_component id="oc-42f">
         <name>.text:notify</name>
         <load_address>0x2000e104</load_address>
         <run_address>0x2000e104</run_address>
         <size>0x38</size>
         <input_file_ref idref="fl-f"/>
      </object_component>
      <object_component id="oc-370">
         <name>.text:ClockP_getTicksUntilInterrupt</name>
         <load_address>0x2000e13c</load_address>
         <run_address>0x2000e13c</run_address>
         <size>0x34</size>
         <input_file_ref idref="fl-17"/>
      </object_component>
      <object_component id="oc-2a3">
         <name>.text:ClockP_startup</name>
         <load_address>0x2000e170</load_address>
         <run_address>0x2000e170</run_address>
         <size>0x34</size>
         <input_file_ref idref="fl-17"/>
      </object_component>
      <object_component id="oc-263">
         <name>.text:PinModeGet</name>
         <load_address>0x2000e1a4</load_address>
         <run_address>0x2000e1a4</run_address>
         <size>0x34</size>
         <input_file_ref idref="fl-1f"/>
      </object_component>
      <object_component id="oc-472">
         <name>.text:TimerCC32XX_freeTimerResource</name>
         <load_address>0x2000e1d8</load_address>
         <run_address>0x2000e1d8</run_address>
         <size>0x34</size>
         <input_file_ref idref="fl-12"/>
      </object_component>
      <object_component id="oc-545">
         <name>.text:getPowerMgrId</name>
         <load_address>0x2000e20c</load_address>
         <run_address>0x2000e20c</run_address>
         <size>0x34</size>
         <input_file_ref idref="fl-12"/>
      </object_component>
      <object_component id="oc-3fd">
         <name>.text:ClockP_start</name>
         <load_address>0x2000e240</load_address>
         <run_address>0x2000e240</run_address>
         <size>0x30</size>
         <input_file_ref idref="fl-17"/>
      </object_component>
      <object_component id="oc-526">
         <name>.text:PowerCC32XX_restoreParkedPin</name>
         <load_address>0x2000e270</load_address>
         <run_address>0x2000e270</run_address>
         <size>0x30</size>
         <input_file_ref idref="fl-f"/>
      </object_component>
      <object_component id="oc-1ea">
         <name>.text:ClockP_sleep</name>
         <load_address>0x2000e2a0</load_address>
         <run_address>0x2000e2a0</run_address>
         <size>0x28</size>
         <input_file_ref idref="fl-17"/>
      </object_component>
      <object_component id="oc-25d">
         <name>.text:PRCMPeripheralClkDisable</name>
         <load_address>0x2000e2c8</load_address>
         <run_address>0x2000e2c8</run_address>
         <size>0x28</size>
         <input_file_ref idref="fl-20"/>
      </object_component>
      <object_component id="oc-4a5">
         <name>.text:Power_registerNotify</name>
         <load_address>0x2000e2f0</load_address>
         <run_address>0x2000e2f0</run_address>
         <size>0x28</size>
         <input_file_ref idref="fl-f"/>
      </object_component>
      <object_component id="oc-560">
         <name>.text:List_put</name>
         <load_address>0x2000e318</load_address>
         <run_address>0x2000e318</run_address>
         <size>0x26</size>
         <input_file_ref idref="fl-13"/>
      </object_component>
      <object_component id="oc-552">
         <name>.text:List_remove</name>
         <load_address>0x2000e33e</load_address>
         <run_address>0x2000e33e</run_address>
         <size>0x26</size>
         <input_file_ref idref="fl-13"/>
      </object_component>
      <object_component id="oc-c5">
         <name>.text:_c_int00_noargs:_c_int00_noargs</name>
         <load_address>0x2000e364</load_address>
         <run_address>0x2000e364</run_address>
         <size>0x24</size>
         <input_file_ref idref="fl-e3"/>
      </object_component>
      <object_component id="oc-2a9">
         <name>.text:sleepTicks</name>
         <load_address>0x2000e388</load_address>
         <run_address>0x2000e388</run_address>
         <size>0x24</size>
         <input_file_ref idref="fl-17"/>
      </object_component>
      <object_component id="oc-484">
         <name>.text:Power_unregisterNotify</name>
         <load_address>0x2000e3ac</load_address>
         <run_address>0x2000e3ac</run_address>
         <size>0x20</size>
         <input_file_ref idref="fl-f"/>
      </object_component>
      <object_component id="oc-1bd">
         <name>.text</name>
         <load_address>0x2000e3cc</load_address>
         <run_address>0x2000e3cc</run_address>
         <size>0x20</size>
         <input_file_ref idref="fl-dd"/>
      </object_component>
      <object_component id="oc-48a">
         <name>.text:PinToPadGet</name>
         <load_address>0x2000e3ec</load_address>
         <run_address>0x2000e3ec</run_address>
         <size>0x1c</size>
         <input_file_ref idref="fl-1f"/>
      </object_component>
      <object_component id="oc-364">
         <name>.text:SwiP_disable</name>
         <load_address>0x2000e408</load_address>
         <run_address>0x2000e408</run_address>
         <size>0x1c</size>
         <input_file_ref idref="fl-1b"/>
      </object_component>
      <object_component id="oc-47">
         <name>.text:decompress:ZI:__TI_zero_init_nomemset:__TI_zero_init_nomemset</name>
         <load_address>0x2000e424</load_address>
         <run_address>0x2000e424</run_address>
         <size>0x1c</size>
         <input_file_ref idref="fl-df"/>
      </object_component>
      <object_component id="oc-21">
         <name>.text:resetISR</name>
         <load_address>0x2000e440</load_address>
         <run_address>0x2000e440</run_address>
         <size>0x1a</size>
         <input_file_ref idref="fl-1a"/>
      </object_component>
      <object_component id="oc-2f1">
         <name>.text:PowerCC32XX_initPolicy</name>
         <load_address>0x2000e45a</load_address>
         <run_address>0x2000e45a</run_address>
         <size>0x2</size>
         <input_file_ref idref="fl-19"/>
      </object_component>
      <object_component id="oc-376">
         <name>.text:Power_getTransitionLatency</name>
         <load_address>0x2000e45c</load_address>
         <run_address>0x2000e45c</run_address>
         <size>0x18</size>
         <input_file_ref idref="fl-f"/>
      </object_component>
      <object_component id="oc-572">
         <name>.text:Power_idleFunc</name>
         <load_address>0x2000e474</load_address>
         <run_address>0x2000e474</run_address>
         <size>0x18</size>
         <input_file_ref idref="fl-f"/>
      </object_component>
      <object_component id="oc-38e">
         <name>.text</name>
         <load_address>0x2000e48c</load_address>
         <run_address>0x2000e48c</run_address>
         <size>0x18</size>
         <input_file_ref idref="fl-db"/>
      </object_component>
      <object_component id="oc-24b">
         <name>.text:PRCMHIBRegRead</name>
         <load_address>0x2000e4a4</load_address>
         <run_address>0x2000e4a4</run_address>
         <size>0x16</size>
         <input_file_ref idref="fl-20"/>
      </object_component>
      <object_component id="oc-245">
         <name>.text:PRCMHIBRegWrite</name>
         <load_address>0x2000e4ba</load_address>
         <run_address>0x2000e4ba</run_address>
         <size>0x16</size>
         <input_file_ref idref="fl-20"/>
      </object_component>
      <object_component id="oc-a3">
         <name>.text:CPUcpsid</name>
         <load_address>0x2000e4d0</load_address>
         <run_address>0x2000e4d0</run_address>
         <size>0x14</size>
         <input_file_ref idref="fl-1d"/>
      </object_component>
      <object_component id="oc-af">
         <name>.text:IntVTableBaseSet</name>
         <load_address>0x2000e4e4</load_address>
         <run_address>0x2000e4e4</run_address>
         <size>0x14</size>
         <input_file_ref idref="fl-1e"/>
      </object_component>
      <object_component id="oc-1d2">
         <name>.text:PWM_Params_init</name>
         <load_address>0x2000e4f8</load_address>
         <run_address>0x2000e4f8</run_address>
         <size>0x14</size>
         <input_file_ref idref="fl-e"/>
      </object_component>
      <object_component id="oc-51f">
         <name>.text:Power_getDependencyCount</name>
         <load_address>0x2000e50c</load_address>
         <run_address>0x2000e50c</run_address>
         <size>0x14</size>
         <input_file_ref idref="fl-f"/>
      </object_component>
      <object_component id="oc-11a">
         <name>.text:main</name>
         <load_address>0x2000e520</load_address>
         <run_address>0x2000e520</run_address>
         <size>0x12</size>
         <input_file_ref idref="fl-2"/>
      </object_component>
      <object_component id="oc-4b7">
         <name>.text:postNotifyFxn</name>
         <load_address>0x2000e532</load_address>
         <run_address>0x2000e532</run_address>
         <size>0x12</size>
         <input_file_ref idref="fl-11"/>
      </object_component>
      <object_component id="oc-152">
         <name>.text:Board_init</name>
         <load_address>0x2000e544</load_address>
         <run_address>0x2000e544</run_address>
         <size>0x10</size>
         <input_file_ref idref="fl-4"/>
      </object_component>
      <object_component id="oc-3f7">
         <name>.text:ClockP_add</name>
         <load_address>0x2000e554</load_address>
         <run_address>0x2000e554</run_address>
         <size>0x10</size>
         <input_file_ref idref="fl-17"/>
      </object_component>
      <object_component id="oc-35e">
         <name>.text:ClockP_getCpuFreq</name>
         <load_address>0x2000e564</load_address>
         <run_address>0x2000e564</run_address>
         <size>0x10</size>
         <input_file_ref idref="fl-17"/>
      </object_component>
      <object_component id="oc-37c">
         <name>.text:ClockP_getSystemTicks</name>
         <load_address>0x2000e574</load_address>
         <run_address>0x2000e574</run_address>
         <size>0x10</size>
         <input_file_ref idref="fl-17"/>
      </object_component>
      <object_component id="oc-393">
         <name>.text:ClockP_setTicks</name>
         <load_address>0x2000e584</load_address>
         <run_address>0x2000e584</run_address>
         <size>0x10</size>
         <input_file_ref idref="fl-17"/>
      </object_component>
      <object_component id="oc-287">
         <name>.text:HwiP_restore</name>
         <load_address>0x2000e594</load_address>
         <run_address>0x2000e594</run_address>
         <size>0x10</size>
         <input_file_ref idref="fl-18"/>
      </object_component>
      <object_component id="oc-403">
         <name>.text:Power_enablePolicy</name>
         <load_address>0x2000e5a4</load_address>
         <run_address>0x2000e5a4</run_address>
         <size>0x10</size>
         <input_file_ref idref="fl-f"/>
      </object_component>
      <object_component id="oc-3ec">
         <name>.text:SemaphoreP_Params_init</name>
         <load_address>0x2000e5b4</load_address>
         <run_address>0x2000e5b4</run_address>
         <size>0x10</size>
         <input_file_ref idref="fl-16"/>
      </object_component>
      <object_component id="oc-281">
         <name>.text:HwiP_disable</name>
         <load_address>0x2000e5c4</load_address>
         <run_address>0x2000e5c4</run_address>
         <size>0xe</size>
         <input_file_ref idref="fl-18"/>
      </object_component>
      <object_component id="oc-158">
         <name>.text:HwiP_enable</name>
         <load_address>0x2000e5d2</load_address>
         <run_address>0x2000e5d2</run_address>
         <size>0xe</size>
         <input_file_ref idref="fl-18"/>
      </object_component>
      <object_component id="oc-1a">
         <name>.text:decompress:none:__TI_decompress_none</name>
         <load_address>0x2000e5e0</load_address>
         <run_address>0x2000e5e0</run_address>
         <size>0xe</size>
         <input_file_ref idref="fl-e0"/>
      </object_component>
      <object_component id="oc-330">
         <name>.text:SemaphoreP_destruct</name>
         <load_address>0x2000e5ee</load_address>
         <run_address>0x2000e5ee</run_address>
         <size>0x2</size>
         <input_file_ref idref="fl-16"/>
      </object_component>
      <object_component id="oc-36a">
         <name>.text:Power_getConstraintMask</name>
         <load_address>0x2000e5f0</load_address>
         <run_address>0x2000e5f0</run_address>
         <size>0xc</size>
         <input_file_ref idref="fl-f"/>
      </object_component>
      <object_component id="oc-409">
         <name>.text:ClockP_isActive</name>
         <load_address>0x2000e5fc</load_address>
         <run_address>0x2000e5fc</run_address>
         <size>0xa</size>
         <input_file_ref idref="fl-17"/>
      </object_component>
      <object_component id="oc-53">
         <name>.text:IntMasterDisable</name>
         <load_address>0x2000e606</load_address>
         <run_address>0x2000e606</run_address>
         <size>0xa</size>
         <input_file_ref idref="fl-1e"/>
      </object_component>
      <object_component id="oc-1e4">
         <name>.text:PWM_setDuty</name>
         <load_address>0x2000e610</load_address>
         <run_address>0x2000e610</run_address>
         <size>0xa</size>
         <input_file_ref idref="fl-e"/>
      </object_component>
      <object_component id="oc-1de">
         <name>.text:PWM_start</name>
         <load_address>0x2000e61a</load_address>
         <run_address>0x2000e61a</run_address>
         <size>0xa</size>
         <input_file_ref idref="fl-e"/>
      </object_component>
      <object_component id="oc-3b4">
         <name>.text:PWMTimerCC32XX_control</name>
         <load_address>0x2000e624</load_address>
         <run_address>0x2000e624</run_address>
         <size>0x6</size>
         <input_file_ref idref="fl-11"/>
      </object_component>
      <object_component id="oc-244">
         <name>.text:UtilsDelay</name>
         <load_address>0x2000e62a</load_address>
         <run_address>0x2000e62a</run_address>
         <size>0x6</size>
         <input_file_ref idref="fl-22"/>
      </object_component>
      <object_component id="oc-467">
         <name>.text:HwiP_post</name>
         <load_address>0x2000e630</load_address>
         <run_address>0x2000e630</run_address>
         <size>0x4</size>
         <input_file_ref idref="fl-18"/>
      </object_component>
      <object_component id="oc-114">
         <name>.text:_system_pre_init</name>
         <load_address>0x2000e634</load_address>
         <run_address>0x2000e634</run_address>
         <size>0x4</size>
         <input_file_ref idref="fl-e7"/>
      </object_component>
      <object_component id="oc-165">
         <name>.text:abort:abort</name>
         <load_address>0x2000e638</load_address>
         <run_address>0x2000e638</run_address>
         <size>0x4</size>
         <input_file_ref idref="fl-e9"/>
      </object_component>
      <object_component id="oc-73">
         <name>.text:busFaultHandler</name>
         <load_address>0x2000e63c</load_address>
         <run_address>0x2000e63c</run_address>
         <size>0x2</size>
         <input_file_ref idref="fl-1a"/>
      </object_component>
      <object_component id="oc-415">
         <name>.text:clkFxn</name>
         <load_address>0x2000e63e</load_address>
         <run_address>0x2000e63e</run_address>
         <size>0x2</size>
         <input_file_ref idref="fl-16"/>
      </object_component>
      <object_component id="oc-6d">
         <name>.text:defaultHandler</name>
         <load_address>0x2000e640</load_address>
         <run_address>0x2000e640</run_address>
         <size>0x2</size>
         <input_file_ref idref="fl-1a"/>
      </object_component>
      <object_component id="oc-67">
         <name>.text:faultISR</name>
         <load_address>0x2000e642</load_address>
         <run_address>0x2000e642</run_address>
         <size>0x2</size>
         <input_file_ref idref="fl-1a"/>
      </object_component>
      <object_component id="oc-61">
         <name>.text:nmiISR</name>
         <load_address>0x2000e644</load_address>
         <run_address>0x2000e644</run_address>
         <size>0x2</size>
         <input_file_ref idref="fl-1a"/>
      </object_component>
      <object_component id="oc-314">
         <name>.text</name>
         <load_address>0x2000e646</load_address>
         <run_address>0x2000e646</run_address>
         <size>0x2</size>
         <input_file_ref idref="fl-e4"/>
      </object_component>
      <object_component id="oc-2e7">
         <name>.const:g_ulPinToPadMap</name>
         <load_address>0x2000e648</load_address>
         <run_address>0x2000e648</run_address>
         <size>0x100</size>
         <input_file_ref idref="fl-1f"/>
      </object_component>
      <object_component id="oc-2e0">
         <name>.const:PRCM_PeriphRegsList</name>
         <load_address>0x2000e748</load_address>
         <run_address>0x2000e748</run_address>
         <size>0xa8</size>
         <input_file_ref idref="fl-20"/>
      </object_component>
      <object_component id="oc-279">
         <name>.const:PowerCC32XX_config</name>
         <load_address>0x2000e7f0</load_address>
         <run_address>0x2000e7f0</run_address>
         <size>0x44</size>
         <input_file_ref idref="fl-4"/>
      </object_component>
      <object_component id="oc-309">
         <name>.const:PWMTimerCC32XX_fxnTable</name>
         <load_address>0x2000e834</load_address>
         <run_address>0x2000e834</run_address>
         <size>0x24</size>
         <input_file_ref idref="fl-11"/>
      </object_component>
      <object_component id="oc-4dd">
         <name>.const:gpioPinIndexes</name>
         <load_address>0x2000e858</load_address>
         <run_address>0x2000e858</run_address>
         <size>0x20</size>
         <input_file_ref idref="fl-11"/>
      </object_component>
      <object_component id="oc-293">
         <name>.const:PWM_config</name>
         <load_address>0x2000e878</load_address>
         <run_address>0x2000e878</run_address>
         <size>0x18</size>
         <input_file_ref idref="fl-4"/>
      </object_component>
      <object_component id="oc-297">
         <name>.const:PWM_defaultParams</name>
         <load_address>0x2000e890</load_address>
         <run_address>0x2000e890</run_address>
         <size>0x18</size>
         <input_file_ref idref="fl-e"/>
      </object_component>
      <object_component id="oc-10e">
         <name>.const:g_pulEnRegs</name>
         <load_address>0x2000e8a8</load_address>
         <run_address>0x2000e8a8</run_address>
         <size>0x18</size>
         <input_file_ref idref="fl-1e"/>
      </object_component>
      <object_component id="oc-587">
         <name>.const:g_pulPendRegs</name>
         <load_address>0x2000e8c0</load_address>
         <run_address>0x2000e8c0</run_address>
         <size>0x18</size>
         <input_file_ref idref="fl-1e"/>
      </object_component>
      <object_component id="oc-493">
         <name>.const:gpioBaseAddresses</name>
         <load_address>0x2000e8d8</load_address>
         <run_address>0x2000e8d8</run_address>
         <size>0x10</size>
         <input_file_ref idref="fl-11"/>
      </object_component>
      <object_component id="oc-490">
         <name>.const:timerBaseAddresses</name>
         <load_address>0x2000e8e8</load_address>
         <run_address>0x2000e8e8</run_address>
         <size>0x10</size>
         <input_file_ref idref="fl-11"/>
      </object_component>
      <object_component id="oc-30d">
         <name>.const:pwmTimerCC32XXHWAttrs</name>
         <load_address>0x2000e8f8</load_address>
         <run_address>0x2000e8f8</run_address>
         <size>0x8</size>
         <input_file_ref idref="fl-4"/>
      </object_component>
      <object_component id="oc-4c4">
         <name>.const:timerHalves</name>
         <load_address>0x2000e900</load_address>
         <run_address>0x2000e900</run_address>
         <size>0x8</size>
         <input_file_ref idref="fl-11"/>
      </object_component>
      <object_component id="oc-290">
         <name>.const</name>
         <load_address>0x2000e908</load_address>
         <run_address>0x2000e908</run_address>
         <size>0x3</size>
         <input_file_ref idref="fl-4"/>
      </object_component>
      <object_component id="oc-5cb">
         <name>.cinit..data.load</name>
         <load_address>0x2000ed30</load_address>
         <run_address>0x2000ed30</run_address>
         <size>0xb0</size>
      </object_component>
      <object_component id="oc-5c9">
         <name>__TI_handler_table</name>
         <load_address>0x2000ede0</load_address>
         <run_address>0x2000ede0</run_address>
         <size>0xc</size>
      </object_component>
      <object_component id="oc-5cc">
         <name>.cinit..bss.load</name>
         <load_address>0x2000edf0</load_address>
         <run_address>0x2000edf0</run_address>
         <size>0x8</size>
      </object_component>
      <object_component id="oc-5ca">
         <name>__TI_cinit_table</name>
         <load_address>0x2000edf8</load_address>
         <run_address>0x2000edf8</run_address>
         <size>0x10</size>
      </object_component>
      <object_component id="oc-2fd">
         <name>.data:parkInfo</name>
         <load_address>0x2000ea78</load_address>
         <run_address>0x2000ea78</run_address>
         <size>0xf8</size>
         <input_file_ref idref="fl-4"/>
      </object_component>
      <object_component id="oc-28d">
         <name>.data</name>
         <load_address>0x2000eb88</load_address>
         <run_address>0x2000eb88</run_address>
         <size>0x1</size>
         <input_file_ref idref="fl-e"/>
      </object_component>
      <object_component id="oc-276">
         <name>.data:PowerCC32XX_module</name>
         <load_address>0x2000e90c</load_address>
         <run_address>0x2000e90c</run_address>
         <size>0x16c</size>
         <input_file_ref idref="fl-f"/>
      </object_component>
      <object_component id="oc-3f2">
         <name>.data</name>
         <load_address>0x2000eb85</load_address>
         <run_address>0x2000eb85</run_address>
         <size>0x3</size>
         <input_file_ref idref="fl-16"/>
      </object_component>
      <object_component id="oc-4e1">
         <name>.data:SemaphoreP_defaultParams</name>
         <load_address>0x2000eb70</load_address>
         <run_address>0x2000eb70</run_address>
         <size>0x8</size>
         <input_file_ref idref="fl-16"/>
      </object_component>
      <object_component id="oc-2af">
         <name>.data</name>
         <load_address>0x2000eb80</load_address>
         <run_address>0x2000eb80</run_address>
         <size>0x5</size>
         <input_file_ref idref="fl-17"/>
      </object_component>
      <object_component id="oc-46d">
         <name>.data</name>
         <load_address>0x2000eb78</load_address>
         <run_address>0x2000eb78</run_address>
         <size>0x8</size>
         <input_file_ref idref="fl-18"/>
      </object_component>
      <object_component id="oc-54b">
         <name>.bss:timerState</name>
         <uninitialized>true</uninitialized>
         <run_address>0x2000ed28</run_address>
         <size>0x4</size>
         <input_file_ref idref="fl-12"/>
      </object_component>
      <object_component id="oc-320">
         <name>.bss</name>
         <uninitialized>true</uninitialized>
         <run_address>0x2000ed04</run_address>
         <size>0x4</size>
         <input_file_ref idref="fl-17"/>
      </object_component>
      <object_component id="oc-420">
         <name>.bss</name>
         <uninitialized>true</uninitialized>
         <run_address>0x2000ed18</run_address>
         <size>0xd</size>
         <input_file_ref idref="fl-1b"/>
      </object_component>
      <object_component id="oc-30c">
         <name>.common:pwmTimerCC32XXObjects</name>
         <uninitialized>true</uninitialized>
         <run_address>0x2000ecbc</run_address>
         <size>0x48</size>
      </object_component>
      <object_component id="oc-510">
         <name>.common:PowerCC32XX_contextSave</name>
         <uninitialized>true</uninitialized>
         <run_address>0x2000eb90</run_address>
         <size>0x12c</size>
      </object_component>
      <object_component id="oc-e1">
         <name>.common:ClockP_ctrl</name>
         <uninitialized>true</uninitialized>
         <run_address>0x2000ed08</run_address>
         <size>0x10</size>
      </object_component>
      <object_component id="oc-2a">
         <name>.sysmem</name>
         <uninitialized>true</uninitialized>
         <run_address>0x20004040</run_address>
         <size>0x10</size>
         <input_file_ref idref="fl-e2"/>
      </object_component>
      <object_component id="oc-5cf">
         <name>.sysmem</name>
         <uninitialized>true</uninitialized>
         <run_address>0x20004040</run_address>
         <size>0x0</size>
      </object_component>
      <object_component id="oc-2d">
         <name>.stack</name>
         <uninitialized>true</uninitialized>
         <run_address>0x20003000</run_address>
         <size>0x4</size>
         <input_file_ref idref="fl-e3"/>
      </object_component>
      <object_component id="oc-5ce">
         <name>.stack</name>
         <uninitialized>true</uninitialized>
         <run_address>0x20003000</run_address>
         <size>0x0</size>
      </object_component>
      <object_component id="oc-27">
         <name>.resetVecs:retain</name>
         <load_address>0x20004000</load_address>
         <run_address>0x20004000</run_address>
         <size>0x40</size>
         <input_file_ref idref="fl-1a"/>
      </object_component>
      <object_component id="oc-bb">
         <name>.ramVecs</name>
         <uninitialized>true</uninitialized>
         <run_address>0x20000000</run_address>
         <size>0x30c</size>
         <input_file_ref idref="fl-1a"/>
      </object_component>
      <object_component id="oc-14d">
         <name>.debug_info</name>
         <load_address>0x0</load_address>
         <run_address>0x0</run_address>
         <size>0x1b8</size>
         <input_file_ref idref="fl-2"/>
      </object_component>
      <object_component id="oc-11e">
         <name>.debug_info</name>
         <load_address>0x1b8</load_address>
         <run_address>0x1b8</run_address>
         <size>0x150</size>
         <input_file_ref idref="fl-2"/>
      </object_component>
      <object_component id="oc-e7">
         <name>.debug_info</name>
         <load_address>0x308</load_address>
         <run_address>0x308</run_address>
         <size>0x26b</size>
         <input_file_ref idref="fl-2"/>
      </object_component>
      <object_component id="oc-36">
         <name>.debug_info</name>
         <load_address>0x573</load_address>
         <run_address>0x573</run_address>
         <size>0x84</size>
         <input_file_ref idref="fl-2"/>
      </object_component>
      <object_component id="oc-148">
         <name>.debug_info</name>
         <load_address>0x5f7</load_address>
         <run_address>0x5f7</run_address>
         <size>0x2a4</size>
         <input_file_ref idref="fl-2"/>
      </object_component>
      <object_component id="oc-219">
         <name>.debug_info</name>
         <load_address>0x89b</load_address>
         <run_address>0x89b</run_address>
         <size>0xef</size>
         <input_file_ref idref="fl-2"/>
      </object_component>
      <object_component id="oc-12f">
         <name>.debug_info</name>
         <load_address>0x98a</load_address>
         <run_address>0x98a</run_address>
         <size>0xbb</size>
         <input_file_ref idref="fl-2"/>
      </object_component>
      <object_component id="oc-540">
         <name>.debug_info</name>
         <load_address>0xa45</load_address>
         <run_address>0xa45</run_address>
         <size>0x53</size>
         <input_file_ref idref="fl-2"/>
      </object_component>
      <object_component id="oc-1f1">
         <name>.debug_info</name>
         <load_address>0xa98</load_address>
         <run_address>0xa98</run_address>
         <size>0x2dd</size>
         <input_file_ref idref="fl-3"/>
      </object_component>
      <object_component id="oc-160">
         <name>.debug_info</name>
         <load_address>0xd75</load_address>
         <run_address>0xd75</run_address>
         <size>0x309</size>
         <input_file_ref idref="fl-3"/>
      </object_component>
      <object_component id="oc-1f2">
         <name>.debug_info</name>
         <load_address>0x107e</load_address>
         <run_address>0x107e</run_address>
         <size>0x30f</size>
         <input_file_ref idref="fl-3"/>
      </object_component>
      <object_component id="oc-2d6">
         <name>.debug_info</name>
         <load_address>0x138d</load_address>
         <run_address>0x138d</run_address>
         <size>0x434</size>
         <input_file_ref idref="fl-4"/>
      </object_component>
      <object_component id="oc-30e">
         <name>.debug_info</name>
         <load_address>0x17c1</load_address>
         <run_address>0x17c1</run_address>
         <size>0x111</size>
         <input_file_ref idref="fl-4"/>
      </object_component>
      <object_component id="oc-294">
         <name>.debug_info</name>
         <load_address>0x18d2</load_address>
         <run_address>0x18d2</run_address>
         <size>0xfb</size>
         <input_file_ref idref="fl-4"/>
      </object_component>
      <object_component id="oc-291">
         <name>.debug_info</name>
         <load_address>0x19cd</load_address>
         <run_address>0x19cd</run_address>
         <size>0x163</size>
         <input_file_ref idref="fl-4"/>
      </object_component>
      <object_component id="oc-27a">
         <name>.debug_info</name>
         <load_address>0x1b30</load_address>
         <run_address>0x1b30</run_address>
         <size>0x10b</size>
         <input_file_ref idref="fl-4"/>
      </object_component>
      <object_component id="oc-2fe">
         <name>.debug_info</name>
         <load_address>0x1c3b</load_address>
         <run_address>0x1c3b</run_address>
         <size>0xf7</size>
         <input_file_ref idref="fl-4"/>
      </object_component>
      <object_component id="oc-1b8">
         <name>.debug_info</name>
         <load_address>0x1d32</load_address>
         <run_address>0x1d32</run_address>
         <size>0x14f</size>
         <input_file_ref idref="fl-4"/>
      </object_component>
      <object_component id="oc-154">
         <name>.debug_info</name>
         <load_address>0x1e81</load_address>
         <run_address>0x1e81</run_address>
         <size>0x185</size>
         <input_file_ref idref="fl-4"/>
      </object_component>
      <object_component id="oc-223">
         <name>.debug_info</name>
         <load_address>0x2006</load_address>
         <run_address>0x2006</run_address>
         <size>0x878</size>
         <input_file_ref idref="fl-4"/>
      </object_component>
      <object_component id="oc-21e">
         <name>.debug_info</name>
         <load_address>0x287e</load_address>
         <run_address>0x287e</run_address>
         <size>0xb6</size>
         <input_file_ref idref="fl-4"/>
      </object_component>
      <object_component id="oc-22d">
         <name>.debug_info</name>
         <load_address>0x2934</load_address>
         <run_address>0x2934</run_address>
         <size>0x10e</size>
         <input_file_ref idref="fl-4"/>
      </object_component>
      <object_component id="oc-237">
         <name>.debug_info</name>
         <load_address>0x2a42</load_address>
         <run_address>0x2a42</run_address>
         <size>0xa1</size>
         <input_file_ref idref="fl-4"/>
      </object_component>
      <object_component id="oc-34e">
         <name>.debug_info</name>
         <load_address>0x2ae3</load_address>
         <run_address>0x2ae3</run_address>
         <size>0x62</size>
         <input_file_ref idref="fl-4"/>
      </object_component>
      <object_component id="oc-108">
         <name>.debug_info</name>
         <load_address>0x2b45</load_address>
         <run_address>0x2b45</run_address>
         <size>0x8b</size>
         <input_file_ref idref="fl-4"/>
      </object_component>
      <object_component id="oc-aa">
         <name>.debug_info</name>
         <load_address>0x2bd0</load_address>
         <run_address>0x2bd0</run_address>
         <size>0x2c</size>
         <input_file_ref idref="fl-4"/>
      </object_component>
      <object_component id="oc-1a4">
         <name>.debug_info</name>
         <load_address>0x2bfc</load_address>
         <run_address>0x2bfc</run_address>
         <size>0x2c2</size>
         <input_file_ref idref="fl-e"/>
      </object_component>
      <object_component id="oc-298">
         <name>.debug_info</name>
         <load_address>0x2ebe</load_address>
         <run_address>0x2ebe</run_address>
         <size>0xdd</size>
         <input_file_ref idref="fl-e"/>
      </object_component>
      <object_component id="oc-28e">
         <name>.debug_info</name>
         <load_address>0x2f9b</load_address>
         <run_address>0x2f9b</run_address>
         <size>0xd4</size>
         <input_file_ref idref="fl-e"/>
      </object_component>
      <object_component id="oc-1df">
         <name>.debug_info</name>
         <load_address>0x306f</load_address>
         <run_address>0x306f</run_address>
         <size>0x120</size>
         <input_file_ref idref="fl-e"/>
      </object_component>
      <object_component id="oc-1e5">
         <name>.debug_info</name>
         <load_address>0x318f</load_address>
         <run_address>0x318f</run_address>
         <size>0x139</size>
         <input_file_ref idref="fl-e"/>
      </object_component>
      <object_component id="oc-1d9">
         <name>.debug_info</name>
         <load_address>0x32c8</load_address>
         <run_address>0x32c8</run_address>
         <size>0x15d</size>
         <input_file_ref idref="fl-e"/>
      </object_component>
      <object_component id="oc-1cd">
         <name>.debug_info</name>
         <load_address>0x3425</load_address>
         <run_address>0x3425</run_address>
         <size>0x129</size>
         <input_file_ref idref="fl-e"/>
      </object_component>
      <object_component id="oc-1d3">
         <name>.debug_info</name>
         <load_address>0x354e</load_address>
         <run_address>0x354e</run_address>
         <size>0x110</size>
         <input_file_ref idref="fl-e"/>
      </object_component>
      <object_component id="oc-2d8">
         <name>.debug_info</name>
         <load_address>0x365e</load_address>
         <run_address>0x365e</run_address>
         <size>0xf8</size>
         <input_file_ref idref="fl-e"/>
      </object_component>
      <object_component id="oc-139">
         <name>.debug_info</name>
         <load_address>0x3756</load_address>
         <run_address>0x3756</run_address>
         <size>0x110</size>
         <input_file_ref idref="fl-e"/>
      </object_component>
      <object_component id="oc-2ed">
         <name>.debug_info</name>
         <load_address>0x3866</load_address>
         <run_address>0x3866</run_address>
         <size>0x5a4</size>
         <input_file_ref idref="fl-f"/>
      </object_component>
      <object_component id="oc-277">
         <name>.debug_info</name>
         <load_address>0x3e0a</load_address>
         <run_address>0x3e0a</run_address>
         <size>0xed</size>
         <input_file_ref idref="fl-f"/>
      </object_component>
      <object_component id="oc-486">
         <name>.debug_info</name>
         <load_address>0x3ef7</load_address>
         <run_address>0x3ef7</run_address>
         <size>0x1b7</size>
         <input_file_ref idref="fl-f"/>
      </object_component>
      <object_component id="oc-431">
         <name>.debug_info</name>
         <load_address>0x40ae</load_address>
         <run_address>0x40ae</run_address>
         <size>0x167</size>
         <input_file_ref idref="fl-f"/>
      </object_component>
      <object_component id="oc-50b">
         <name>.debug_info</name>
         <load_address>0x4215</load_address>
         <run_address>0x4215</run_address>
         <size>0x255</size>
         <input_file_ref idref="fl-f"/>
      </object_component>
      <object_component id="oc-436">
         <name>.debug_info</name>
         <load_address>0x446a</load_address>
         <run_address>0x446a</run_address>
         <size>0x191</size>
         <input_file_ref idref="fl-f"/>
      </object_component>
      <object_component id="oc-43c">
         <name>.debug_info</name>
         <load_address>0x45fb</load_address>
         <run_address>0x45fb</run_address>
         <size>0x121</size>
         <input_file_ref idref="fl-f"/>
      </object_component>
      <object_component id="oc-447">
         <name>.debug_info</name>
         <load_address>0x471c</load_address>
         <run_address>0x471c</run_address>
         <size>0x127</size>
         <input_file_ref idref="fl-f"/>
      </object_component>
      <object_component id="oc-521">
         <name>.debug_info</name>
         <load_address>0x4843</load_address>
         <run_address>0x4843</run_address>
         <size>0x18a</size>
         <input_file_ref idref="fl-f"/>
      </object_component>
      <object_component id="oc-44e">
         <name>.debug_info</name>
         <load_address>0x49cd</load_address>
         <run_address>0x49cd</run_address>
         <size>0x167</size>
         <input_file_ref idref="fl-f"/>
      </object_component>
      <object_component id="oc-527">
         <name>.debug_info</name>
         <load_address>0x4b34</load_address>
         <run_address>0x4b34</run_address>
         <size>0x1f8</size>
         <input_file_ref idref="fl-f"/>
      </object_component>
      <object_component id="oc-453">
         <name>.debug_info</name>
         <load_address>0x4d2c</load_address>
         <run_address>0x4d2c</run_address>
         <size>0x171</size>
         <input_file_ref idref="fl-f"/>
      </object_component>
      <object_component id="oc-389">
         <name>.debug_info</name>
         <load_address>0x4e9d</load_address>
         <run_address>0x4e9d</run_address>
         <size>0x2d6</size>
         <input_file_ref idref="fl-f"/>
      </object_component>
      <object_component id="oc-36c">
         <name>.debug_info</name>
         <load_address>0x5173</load_address>
         <run_address>0x5173</run_address>
         <size>0x139</size>
         <input_file_ref idref="fl-f"/>
      </object_component>
      <object_component id="oc-4a0">
         <name>.debug_info</name>
         <load_address>0x52ac</load_address>
         <run_address>0x52ac</run_address>
         <size>0x1d9</size>
         <input_file_ref idref="fl-f"/>
      </object_component>
      <object_component id="oc-4d1">
         <name>.debug_info</name>
         <load_address>0x5485</load_address>
         <run_address>0x5485</run_address>
         <size>0x1b7</size>
         <input_file_ref idref="fl-f"/>
      </object_component>
      <object_component id="oc-47f">
         <name>.debug_info</name>
         <load_address>0x563c</load_address>
         <run_address>0x563c</run_address>
         <size>0x1da</size>
         <input_file_ref idref="fl-f"/>
      </object_component>
      <object_component id="oc-4d8">
         <name>.debug_info</name>
         <load_address>0x5816</load_address>
         <run_address>0x5816</run_address>
         <size>0x1db</size>
         <input_file_ref idref="fl-f"/>
      </object_component>
      <object_component id="oc-4a6">
         <name>.debug_info</name>
         <load_address>0x59f1</load_address>
         <run_address>0x59f1</run_address>
         <size>0x240</size>
         <input_file_ref idref="fl-f"/>
      </object_component>
      <object_component id="oc-271">
         <name>.debug_info</name>
         <load_address>0x5c31</load_address>
         <run_address>0x5c31</run_address>
         <size>0x18d</size>
         <input_file_ref idref="fl-f"/>
      </object_component>
      <object_component id="oc-1b0">
         <name>.debug_info</name>
         <load_address>0x5dbe</load_address>
         <run_address>0x5dbe</run_address>
         <size>0x14b</size>
         <input_file_ref idref="fl-f"/>
      </object_component>
      <object_component id="oc-573">
         <name>.debug_info</name>
         <load_address>0x5f09</load_address>
         <run_address>0x5f09</run_address>
         <size>0x12a</size>
         <input_file_ref idref="fl-f"/>
      </object_component>
      <object_component id="oc-377">
         <name>.debug_info</name>
         <load_address>0x6033</load_address>
         <run_address>0x6033</run_address>
         <size>0x195</size>
         <input_file_ref idref="fl-f"/>
      </object_component>
      <object_component id="oc-404">
         <name>.debug_info</name>
         <load_address>0x61c8</load_address>
         <run_address>0x61c8</run_address>
         <size>0x12b</size>
         <input_file_ref idref="fl-f"/>
      </object_component>
      <object_component id="oc-4b2">
         <name>.debug_info</name>
         <load_address>0x62f3</load_address>
         <run_address>0x62f3</run_address>
         <size>0x197</size>
         <input_file_ref idref="fl-f"/>
      </object_component>
      <object_component id="oc-358">
         <name>.debug_info</name>
         <load_address>0x648a</load_address>
         <run_address>0x648a</run_address>
         <size>0x2c</size>
         <input_file_ref idref="fl-f"/>
      </object_component>
      <object_component id="oc-442">
         <name>.debug_info</name>
         <load_address>0x64b6</load_address>
         <run_address>0x64b6</run_address>
         <size>0x11f</size>
         <input_file_ref idref="fl-10"/>
      </object_component>
      <object_component id="oc-514">
         <name>.debug_info</name>
         <load_address>0x65d5</load_address>
         <run_address>0x65d5</run_address>
         <size>0x103</size>
         <input_file_ref idref="fl-10"/>
      </object_component>
      <object_component id="oc-1a3">
         <name>.debug_info</name>
         <load_address>0x66d8</load_address>
         <run_address>0x66d8</run_address>
         <size>0x731</size>
         <input_file_ref idref="fl-11"/>
      </object_component>
      <object_component id="oc-30a">
         <name>.debug_info</name>
         <load_address>0x6e09</load_address>
         <run_address>0x6e09</run_address>
         <size>0xf8</size>
         <input_file_ref idref="fl-11"/>
      </object_component>
      <object_component id="oc-491">
         <name>.debug_info</name>
         <load_address>0x6f01</load_address>
         <run_address>0x6f01</run_address>
         <size>0xed</size>
         <input_file_ref idref="fl-11"/>
      </object_component>
      <object_component id="oc-4c5">
         <name>.debug_info</name>
         <load_address>0x6fee</load_address>
         <run_address>0x6fee</run_address>
         <size>0xdf</size>
         <input_file_ref idref="fl-11"/>
      </object_component>
      <object_component id="oc-494">
         <name>.debug_info</name>
         <load_address>0x70cd</load_address>
         <run_address>0x70cd</run_address>
         <size>0xeb</size>
         <input_file_ref idref="fl-11"/>
      </object_component>
      <object_component id="oc-4de">
         <name>.debug_info</name>
         <load_address>0x71b8</load_address>
         <run_address>0x71b8</run_address>
         <size>0xe5</size>
         <input_file_ref idref="fl-11"/>
      </object_component>
      <object_component id="oc-4c9">
         <name>.debug_info</name>
         <load_address>0x729d</load_address>
         <run_address>0x729d</run_address>
         <size>0x1c7</size>
         <input_file_ref idref="fl-11"/>
      </object_component>
      <object_component id="oc-4c0">
         <name>.debug_info</name>
         <load_address>0x7464</load_address>
         <run_address>0x7464</run_address>
         <size>0x215</size>
         <input_file_ref idref="fl-11"/>
      </object_component>
      <object_component id="oc-47a">
         <name>.debug_info</name>
         <load_address>0x7679</load_address>
         <run_address>0x7679</run_address>
         <size>0x15e</size>
         <input_file_ref idref="fl-11"/>
      </object_component>
      <object_component id="oc-3b0">
         <name>.debug_info</name>
         <load_address>0x77d7</load_address>
         <run_address>0x77d7</run_address>
         <size>0x2db</size>
         <input_file_ref idref="fl-11"/>
      </object_component>
      <object_component id="oc-3c2">
         <name>.debug_info</name>
         <load_address>0x7ab2</load_address>
         <run_address>0x7ab2</run_address>
         <size>0x37b</size>
         <input_file_ref idref="fl-11"/>
      </object_component>
      <object_component id="oc-3bc">
         <name>.debug_info</name>
         <load_address>0x7e2d</load_address>
         <run_address>0x7e2d</run_address>
         <size>0x148</size>
         <input_file_ref idref="fl-11"/>
      </object_component>
      <object_component id="oc-3b6">
         <name>.debug_info</name>
         <load_address>0x7f75</load_address>
         <run_address>0x7f75</run_address>
         <size>0x170</size>
         <input_file_ref idref="fl-11"/>
      </object_component>
      <object_component id="oc-3c8">
         <name>.debug_info</name>
         <load_address>0x80e5</load_address>
         <run_address>0x80e5</run_address>
         <size>0x26d</size>
         <input_file_ref idref="fl-11"/>
      </object_component>
      <object_component id="oc-3d5">
         <name>.debug_info</name>
         <load_address>0x8352</load_address>
         <run_address>0x8352</run_address>
         <size>0x338</size>
         <input_file_ref idref="fl-11"/>
      </object_component>
      <object_component id="oc-3db">
         <name>.debug_info</name>
         <load_address>0x868a</load_address>
         <run_address>0x868a</run_address>
         <size>0x22f</size>
         <input_file_ref idref="fl-11"/>
      </object_component>
      <object_component id="oc-3e1">
         <name>.debug_info</name>
         <load_address>0x88b9</load_address>
         <run_address>0x88b9</run_address>
         <size>0x29c</size>
         <input_file_ref idref="fl-11"/>
      </object_component>
      <object_component id="oc-3cf">
         <name>.debug_info</name>
         <load_address>0x8b55</load_address>
         <run_address>0x8b55</run_address>
         <size>0x27b</size>
         <input_file_ref idref="fl-11"/>
      </object_component>
      <object_component id="oc-4ae">
         <name>.debug_info</name>
         <load_address>0x8dd0</load_address>
         <run_address>0x8dd0</run_address>
         <size>0x29e</size>
         <input_file_ref idref="fl-11"/>
      </object_component>
      <object_component id="oc-4b9">
         <name>.debug_info</name>
         <load_address>0x906e</load_address>
         <run_address>0x906e</run_address>
         <size>0x1a1</size>
         <input_file_ref idref="fl-11"/>
      </object_component>
      <object_component id="oc-232">
         <name>.debug_info</name>
         <load_address>0x920f</load_address>
         <run_address>0x920f</run_address>
         <size>0x2a9</size>
         <input_file_ref idref="fl-11"/>
      </object_component>
      <object_component id="oc-134">
         <name>.debug_info</name>
         <load_address>0x94b8</load_address>
         <run_address>0x94b8</run_address>
         <size>0x100</size>
         <input_file_ref idref="fl-11"/>
      </object_component>
      <object_component id="oc-228">
         <name>.debug_info</name>
         <load_address>0x95b8</load_address>
         <run_address>0x95b8</run_address>
         <size>0x183</size>
         <input_file_ref idref="fl-11"/>
      </object_component>
      <object_component id="oc-13e">
         <name>.debug_info</name>
         <load_address>0x973b</load_address>
         <run_address>0x973b</run_address>
         <size>0x137</size>
         <input_file_ref idref="fl-11"/>
      </object_component>
      <object_component id="oc-54f">
         <name>.debug_info</name>
         <load_address>0x9872</load_address>
         <run_address>0x9872</run_address>
         <size>0x8ef</size>
         <input_file_ref idref="fl-12"/>
      </object_component>
      <object_component id="oc-54c">
         <name>.debug_info</name>
         <load_address>0xa161</load_address>
         <run_address>0xa161</run_address>
         <size>0xdc</size>
         <input_file_ref idref="fl-12"/>
      </object_component>
      <object_component id="oc-548">
         <name>.debug_info</name>
         <load_address>0xa23d</load_address>
         <run_address>0xa23d</run_address>
         <size>0x15b</size>
         <input_file_ref idref="fl-12"/>
      </object_component>
      <object_component id="oc-49c">
         <name>.debug_info</name>
         <load_address>0xa398</load_address>
         <run_address>0xa398</run_address>
         <size>0x253</size>
         <input_file_ref idref="fl-12"/>
      </object_component>
      <object_component id="oc-475">
         <name>.debug_info</name>
         <load_address>0xa5eb</load_address>
         <run_address>0xa5eb</run_address>
         <size>0x21b</size>
         <input_file_ref idref="fl-12"/>
      </object_component>
      <object_component id="oc-58e">
[...]
         <name>PWM_init</name>
         <value>0x2000dde1</value>
         <object_component_ref idref="oc-1cc"/>
      </symbol>
      <symbol id="sm-289">
         <name>PowerCC32XX_contextSave</name>
         <value>0x2000eb90</value>
      </symbol>
      <symbol id="sm-28a">
         <name>PowerCC32XX_configureWakeup</name>
         <value>0x2000cf75</value>
         <object_component_ref idref="oc-270"/>
      </symbol>
      <symbol id="sm-28b">
         <name>Power_registerNotify</name>
         <value>0x2000e2f1</value>
         <object_component_ref idref="oc-4a5"/>
      </symbol>
      <symbol id="sm-28c">
         <name>PowerCC32XX_restoreParkedPin</name>
         <value>0x2000e271</value>
         <object_component_ref idref="oc-526"/>
      </symbol>
      <symbol id="sm-28d">
         <name>Power_releaseDependency</name>
         <value>0x2000d925</value>
         <object_component_ref idref="oc-47e"/>
      </symbol>
      <symbol id="sm-28e">
         <name>Power_unregisterNotify</name>
         <value>0x2000e3ad</value>
         <object_component_ref idref="oc-484"/>
      </symbol>
      <symbol id="sm-28f">
         <name>Power_sleep</name>
         <value>0x2000c891</value>
         <object_component_ref idref="oc-388"/>
      </symbol>
      <symbol id="sm-290">
         <name>Power_releaseConstraint</name>
         <value>0x2000dcc9</value>
         <object_component_ref idref="oc-4d7"/>
      </symbol>
      <symbol id="sm-291">
         <name>Power_idleFunc</name>
         <value>0x2000e475</value>
         <object_component_ref idref="oc-572"/>
      </symbol>
      <symbol id="sm-292">
         <name>Power_getConstraintMask</name>
         <value>0x2000e5f1</value>
         <object_component_ref idref="oc-36a"/>
      </symbol>
      <symbol id="sm-293">
         <name>Power_init</name>
         <value>0x2000d555</value>
         <object_component_ref idref="oc-1af"/>
      </symbol>
      <symbol id="sm-294">
         <name>PowerCC32XX_setParkState</name>
         <value>0x2000d7ad</value>
         <object_component_ref idref="oc-4b1"/>
      </symbol>
      <symbol id="sm-295">
         <name>Power_getDependencyCount</name>
         <value>0x2000e50d</value>
         <object_component_ref idref="oc-51f"/>
      </symbol>
      <symbol id="sm-296">
         <name>Power_enablePolicy</name>
         <value>0x2000e5a5</value>
         <object_component_ref idref="oc-403"/>
      </symbol>
      <symbol id="sm-297">
         <name>Power_setConstraint</name>
         <value>0x2000dfad</value>
         <object_component_ref idref="oc-4d0"/>
      </symbol>
      <symbol id="sm-298">
         <name>PowerCC32XX_parkPin</name>
         <value>0x2000dac1</value>
         <object_component_ref idref="oc-509"/>
      </symbol>
      <symbol id="sm-299">
         <name>PowerCC32XX_module</name>
         <value>0x2000e90c</value>
         <object_component_ref idref="oc-276"/>
      </symbol>
      <symbol id="sm-29a">
         <name>Power_getTransitionLatency</name>
         <value>0x2000e45d</value>
         <object_component_ref idref="oc-376"/>
      </symbol>
      <symbol id="sm-29b">
         <name>Power_setDependency</name>
         <value>0x2000d65d</value>
         <object_component_ref idref="oc-49f"/>
      </symbol>
      <symbol id="sm-2ac">
         <name>PowerCC32XX_enterLPDS</name>
         <value>0x2000de25</value>
         <object_component_ref idref="oc-441"/>
      </symbol>
      <symbol id="sm-2ad">
         <name>PowerCC32XX_resumeLPDS</name>
         <value>0x2000d97d</value>
         <object_component_ref idref="oc-512"/>
      </symbol>
      <symbol id="sm-3ae">
         <name>PWMTimerCC32XX_fxnTable</name>
         <value>0x2000e834</value>
         <object_component_ref idref="oc-309"/>
      </symbol>
      <symbol id="sm-3af">
         <name>PWMTimerCC32XX_setPeriod</name>
         <value>0x2000d1fd</value>
         <object_component_ref idref="oc-3cc"/>
      </symbol>
      <symbol id="sm-3b0">
         <name>PWMTimerCC32XX_setDutyAndPeriod</name>
         <value>0x2000c751</value>
         <object_component_ref idref="oc-3d2"/>
      </symbol>
      <symbol id="sm-3b1">
         <name>PWMTimerCC32XX_stop</name>
         <value>0x2000cc91</value>
         <object_component_ref idref="oc-3de"/>
      </symbol>
      <symbol id="sm-3b2">
         <name>PWMTimerCC32XX_start</name>
         <value>0x2000d6dd</value>
         <object_component_ref idref="oc-3d8"/>
      </symbol>
      <symbol id="sm-3b3">
         <name>PWMTimerCC32XX_close</name>
         <value>0x2000d445</value>
         <object_component_ref idref="oc-3ae"/>
      </symbol>
      <symbol id="sm-3b4">
         <name>PWMTimerCC32XX_setDuty</name>
         <value>0x2000ce15</value>
         <object_component_ref idref="oc-3c6"/>
      </symbol>
      <symbol id="sm-3b5">
         <name>PWMTimerCC32XX_init</name>
         <value>0x2000d9cf</value>
         <object_component_ref idref="oc-3ba"/>
      </symbol>
      <symbol id="sm-3b6">
         <name>PWMTimerCC32XX_control</name>
         <value>0x2000e625</value>
         <object_component_ref idref="oc-3b4"/>
      </symbol>
      <symbol id="sm-3b7">
         <name>PWMTimerCC32XX_open</name>
         <value>0x2000cac5</value>
         <object_component_ref idref="oc-3c0"/>
      </symbol>
      <symbol id="sm-3ed">
         <name>TimerCC32XX_freeTimerResource</name>
         <value>0x2000e1d9</value>
         <object_component_ref idref="oc-472"/>
      </symbol>
      <symbol id="sm-3ee">
         <name>TimerCC32XX_allocateTimerResource</name>
         <value>0x2000da71</value>
         <object_component_ref idref="oc-499"/>
      </symbol>
      <symbol id="sm-406">
         <name>List_remove</name>
         <value>0x2000e33f</value>
         <object_component_ref idref="oc-552"/>
      </symbol>
      <symbol id="sm-407">
         <name>List_put</name>
         <value>0x2000e319</value>
         <object_component_ref idref="oc-560"/>
      </symbol>
      <symbol id="sm-466">
         <name>SemaphoreP_defaultParams</name>
         <value>0x2000eb70</value>
         <object_component_ref idref="oc-4e1"/>
      </symbol>
      <symbol id="sm-467">
         <name>SemaphoreP_construct</name>
         <value>0x2000da21</value>
         <object_component_ref idref="oc-324"/>
      </symbol>
      <symbol id="sm-468">
         <name>SemaphoreP_destruct</name>
         <value>0x2000e5ef</value>
         <object_component_ref idref="oc-330"/>
      </symbol>
      <symbol id="sm-469">
         <name>SemaphoreP_pend</name>
         <value>0x2000d0c1</value>
         <object_component_ref idref="oc-32a"/>
      </symbol>
      <symbol id="sm-46a">
         <name>SemaphoreP_Params_init</name>
         <value>0x2000e5b5</value>
         <object_component_ref idref="oc-3ec"/>
      </symbol>
      <symbol id="sm-46b">
         <name>clkFxn</name>
         <value>0x2000e63f</value>
         <object_component_ref idref="oc-415"/>
      </symbol>
      <symbol id="sm-53b">
         <name>ClockP_ctrl</name>
         <value>0x2000ed08</value>
      </symbol>
      <symbol id="sm-53c">
         <name>ClockP_doTick</name>
         <value>0x2000d9d1</value>
         <object_component_ref idref="oc-79"/>
      </symbol>
      <symbol id="sm-53d">
         <name>ClockP_startup</name>
         <value>0x2000e171</value>
         <object_component_ref idref="oc-2a3"/>
      </symbol>
      <symbol id="sm-53e">
         <name>ClockP_stop</name>
         <value>0x2000dd59</value>
         <object_component_ref idref="oc-4ef"/>
      </symbol>
      <symbol id="sm-53f">
         <name>ClockP_getTicksUntilInterrupt</name>
         <value>0x2000e13d</value>
         <object_component_ref idref="oc-370"/>
      </symbol>
      <symbol id="sm-540">
         <name>ClockP_setTicks</name>
         <value>0x2000e585</value>
         <object_component_ref idref="oc-393"/>
      </symbol>
      <symbol id="sm-541">
         <name>ClockP_tickPeriod</name>
         <value>0x2000eb80</value>
         <object_component_ref idref="oc-2af"/>
      </symbol>
      <symbol id="sm-542">
         <name>ClockP_getSystemTicks</name>
         <value>0x2000e575</value>
         <object_component_ref idref="oc-37c"/>
      </symbol>
      <symbol id="sm-543">
         <name>ClockP_destruct</name>
         <value>0x2000df71</value>
         <object_component_ref idref="oc-40f"/>
      </symbol>
      <symbol id="sm-544">
         <name>ClockP_start</name>
         <value>0x2000e241</value>
         <object_component_ref idref="oc-3fd"/>
      </symbol>
      <symbol id="sm-545">
         <name>ClockP_sysTickHandler</name>
         <value>0x2000d9d1</value>
         <object_component_ref idref="oc-79"/>
      </symbol>
      <symbol id="sm-546">
         <name>ClockP_isActive</name>
         <value>0x2000e5fd</value>
         <object_component_ref idref="oc-409"/>
      </symbol>
      <symbol id="sm-547">
         <name>ClockP_sleep</name>
         <value>0x2000e2a1</value>
         <object_component_ref idref="oc-1ea"/>
      </symbol>
      <symbol id="sm-548">
         <name>ClockP_getCpuFreq</name>
         <value>0x2000e565</value>
         <object_component_ref idref="oc-35e"/>
      </symbol>
      <symbol id="sm-549">
         <name>ClockP_add</name>
         <value>0x2000e555</value>
         <object_component_ref idref="oc-3f7"/>
      </symbol>
      <symbol id="sm-57b">
         <name>HwiP_swiPIntNum</name>
         <value>0x2000eb7c</value>
         <object_component_ref idref="oc-46d"/>
      </symbol>
      <symbol id="sm-57c">
         <name>HwiP_disable</name>
         <value>0x2000e5c5</value>
         <object_component_ref idref="oc-281"/>
      </symbol>
      <symbol id="sm-57d">
         <name>HwiP_key</name>
         <value>0x2000eb78</value>
         <object_component_ref idref="oc-46d"/>
      </symbol>
      <symbol id="sm-57e">
         <name>HwiP_post</name>
         <value>0x2000e631</value>
         <object_component_ref idref="oc-467"/>
      </symbol>
      <symbol id="sm-57f">
         <name>HwiP_enable</name>
         <value>0x2000e5d3</value>
         <object_component_ref idref="oc-158"/>
      </symbol>
      <symbol id="sm-580">
         <name>HwiP_restore</name>
         <value>0x2000e595</value>
         <object_component_ref idref="oc-287"/>
      </symbol>
      <symbol id="sm-5b0">
         <name>PowerCC32XX_initPolicy</name>
         <value>0x2000e45b</value>
         <object_component_ref idref="oc-2f1"/>
      </symbol>
      <symbol id="sm-5b1">
         <name>PowerCC32XX_sleepPolicy</name>
         <value>0x2000c46d</value>
         <object_component_ref idref="oc-2f7"/>
      </symbol>
      <symbol id="sm-606">
         <name>resetISR</name>
         <value>0x2000e441</value>
         <object_component_ref idref="oc-21"/>
      </symbol>
      <symbol id="sm-607">
         <name>resetVectorAddr</name>
         <value>0x2000e454</value>
         <object_component_ref idref="oc-21"/>
      </symbol>
      <symbol id="sm-608">
         <name>initVectors</name>
         <value>0x2000e0cd</value>
         <object_component_ref idref="oc-59"/>
      </symbol>
      <symbol id="sm-609">
         <name>resetVectors</name>
         <value>0x20004000</value>
         <object_component_ref idref="oc-27"/>
      </symbol>
      <symbol id="sm-639">
         <name>SwiP_disable</name>
         <value>0x2000e409</value>
         <object_component_ref idref="oc-364"/>
      </symbol>
      <symbol id="sm-63a">
         <name>SwiP_restore</name>
         <value>0x2000de69</value>
         <object_component_ref idref="oc-399"/>
      </symbol>
      <symbol id="sm-645">
         <name>CPUcpsid</name>
         <value>0x2000e4d1</value>
         <object_component_ref idref="oc-a3"/>
      </symbol>
      <symbol id="sm-68a">
         <name>IntVTableBaseSet</name>
         <value>0x2000e4e5</value>
         <object_component_ref idref="oc-af"/>
      </symbol>
      <symbol id="sm-68b">
         <name>IntEnable</name>
         <value>0x2000cecd</value>
         <object_component_ref idref="oc-b5"/>
      </symbol>
      <symbol id="sm-68c">
         <name>IntMasterDisable</name>
         <value>0x2000e607</value>
         <object_component_ref idref="oc-53"/>
      </symbol>
      <symbol id="sm-68d">
         <name>IntPendSet</name>
         <value>0x2000d3bd</value>
         <object_component_ref idref="oc-535"/>
      </symbol>
      <symbol id="sm-6c7">
         <name>PinModeGet</name>
         <value>0x2000e1a5</value>
         <object_component_ref idref="oc-263"/>
      </symbol>
      <symbol id="sm-6c8">
         <name>PinConfigSet</name>
         <value>0x2000d4cd</value>
         <object_component_ref idref="oc-57b"/>
      </symbol>
      <symbol id="sm-6c9">
         <name>PinModeSet</name>
         <value>0x2000df31</value>
         <object_component_ref idref="oc-269"/>
      </symbol>
      <symbol id="sm-6ca">
         <name>PinToPadGet</name>
         <value>0x2000e3ed</value>
         <object_component_ref idref="oc-48a"/>
      </symbol>
      <symbol id="sm-793">
         <name>PRCMLPDSRestoreInfoSet</name>
         <value>0x2000dd9d</value>
         <object_component_ref idref="oc-517"/>
      </symbol>
      <symbol id="sm-794">
         <name>PRCMPeripheralReset</name>
         <value>0x2000d8cd</value>
         <object_component_ref idref="oc-257"/>
      </symbol>
      <symbol id="sm-795">
         <name>PRCMLPDSEnter</name>
         <value>0x2000dc39</value>
         <object_component_ref idref="oc-458"/>
      </symbol>
      <symbol id="sm-796">
         <name>PRCMPeripheralClkEnable</name>
         <value>0x2000dc81</value>
         <object_component_ref idref="oc-251"/>
      </symbol>
      <symbol id="sm-797">
         <name>PRCMLPDSEnterKeepDebugIf</name>
         <value>0x2000e05d</value>
         <object_component_ref idref="oc-45e"/>
      </symbol>
      <symbol id="sm-798">
         <name>PRCMCC3200MCUInit</name>
         <value>0x2000c041</value>
         <object_component_ref idref="oc-1a9"/>
      </symbol>
      <symbol id="sm-799">
         <name>PRCMHIBRegWrite</name>
         <value>0x2000e4bb</value>
         <object_component_ref idref="oc-245"/>
      </symbol>
      <symbol id="sm-79a">
         <name>PRCMSysResetCauseGet</name>
         <value>0x2000d811</value>
         <object_component_ref idref="oc-23e"/>
      </symbol>
      <symbol id="sm-79b">
         <name>PRCMPeripheralClkDisable</name>
         <value>0x2000e2c9</value>
         <object_component_ref idref="oc-25d"/>
      </symbol>
      <symbol id="sm-79c">
         <name>PRCMHIBRegRead</name>
         <value>0x2000e4a5</value>
         <object_component_ref idref="oc-24b"/>
      </symbol>
      <symbol id="sm-7a1">
         <name>UtilsDelay</name>
         <value>0x2000e62b</value>
         <object_component_ref idref="oc-244"/>
      </symbol>
      <symbol id="sm-7b1">
         <name>FlashDisable</name>
         <value>0x2000dbf1</value>
         <object_component_ref idref="oc-52d"/>
      </symbol>
      <symbol id="sm-7bc">
         <name>__aeabi_dmul</name>
         <value>0x2000c9c9</value>
         <object_component_ref idref="oc-1c2"/>
      </symbol>
      <symbol id="sm-7c6">
         <name>__aeabi_d2iz</name>
         <value>0x2000dd11</value>
         <object_component_ref idref="oc-1c7"/>
      </symbol>
      <symbol id="sm-7cf">
         <name>__aeabi_lmul</name>
         <value>0x2000e48d</value>
         <object_component_ref idref="oc-38e"/>
      </symbol>
      <symbol id="sm-7ea">
         <name>memcpy</name>
         <value>0x2000d161</value>
         <object_component_ref idref="oc-3b"/>
      </symbol>
      <symbol id="sm-7eb">
         <name>__aeabi_memcpy</name>
         <value>0x2000d161</value>
         <object_component_ref idref="oc-3b"/>
      </symbol>
      <symbol id="sm-7ec">
         <name>__aeabi_memcpy8</name>
         <value>0x2000d161</value>
         <object_component_ref idref="oc-3b"/>
      </symbol>
      <symbol id="sm-7ed">
         <name>__aeabi_memcpy4</name>
         <value>0x2000d161</value>
         <object_component_ref idref="oc-3b"/>
      </symbol>
      <symbol id="sm-7f7">
         <name>__aeabi_ui2d</name>
         <value>0x2000e3cd</value>
         <object_component_ref idref="oc-1bd"/>
      </symbol>
      <symbol id="sm-804">
         <name>__aeabi_uldivmod</name>
         <value>0x2000d295</value>
         <object_component_ref idref="oc-29e"/>
      </symbol>
      <symbol id="sm-818">
         <name>__TI_zero_init_nomemset</name>
         <value>0x2000e425</value>
         <object_component_ref idref="oc-47"/>
      </symbol>
      <symbol id="sm-82f">
         <name>__TI_decompress_none</name>
         <value>0x2000e5e1</value>
         <object_component_ref idref="oc-1a"/>
      </symbol>
      <symbol id="sm-852">
         <name>__TI_decompress_lzss</name>
         <value>0x2000d745</value>
         <object_component_ref idref="oc-14"/>
      </symbol>
      <symbol id="sm-867">
         <name>_sys_memory</name>
         <value>0x20004040</value>
         <object_component_ref idref="oc-2a"/>
      </symbol>
      <symbol id="sm-879">
         <name>__stack</name>
         <value>0x20003000</value>
         <object_component_ref idref="oc-2d"/>
      </symbol>
      <symbol id="sm-87a">
         <name>_c_int00_noargs</name>
         <value>0x2000e365</value>
         <object_component_ref idref="oc-c5"/>
      </symbol>
      <symbol id="sm-884">
         <name>__aeabi_idiv0</name>
         <value>0x2000e647</value>
         <object_component_ref idref="oc-314"/>
      </symbol>
      <symbol id="sm-885">
         <name>__aeabi_ldiv0</name>
         <value>0x2000e647</value>
         <object_component_ref idref="oc-314"/>
      </symbol>
      <symbol id="sm-8ae">
         <name>__TI_auto_init_nobinit_nopinit</name>
         <value>0x2000dead</value>
         <object_component_ref idref="oc-171"/>
      </symbol>
      <symbol id="sm-8b8">
         <name>_system_pre_init</name>
         <value>0x2000e635</value>
         <object_component_ref idref="oc-114"/>
      </symbol>
      <symbol id="sm-8c4">
         <name>C$$EXIT</name>
         <value>0x2000e639</value>
         <object_component_ref idref="oc-165"/>
      </symbol>
      <symbol id="sm-8c5">
         <name>abort</name>
         <value>0x2000e639</value>
         <object_component_ref idref="oc-165"/>
      </symbol>
      <symbol id="sm-8c8">
         <name>__TI_static_base__</name>
         <value>0x2000ed30</value>
      </symbol>
      <symbol id="sm-8cb">
         <name>ITM_flush</name>
         <value>0x0</value>
      </symbol>
      <symbol id="sm-8cc">
         <name>ITM_restore</name>
         <value>0x0</value>
      </symbol>
      <symbol id="sm-8cd">
         <name>__mpu_init</name>
         <value>0x0</value>
      </symbol>
      <symbol id="sm-8ce">
         <name>_system_post_cinit</name>
         <value>0x0</value>
      </symbol>
      <symbol id="sm-8cf">
         <name>sleep</name>
         <value>0x2000e2a1</value>
      </symbol>
      <symbol id="sm-8d0">
         <name>NoRTOS_start</name>
         <value>0x2000e5d3</value>
      </symbol>
   </symbol_table>
   <title>Link successful</title>
</link_info>
