******************************************************************************
                  TI ARM Linker PC v20.2.7                     
******************************************************************************
>> Linked Sun Jan 28 18:21:03 2024

OUTPUT FILE NAME:   <pwmled2_CC3220S_LAUNCHXL_nortos_ccs.out>
ENTRY POINT SYMBOL: "resetISR"  address: 2000e441


MEMORY CONFIGURATION

         name            origin    length      used     unused   attr    fill
----------------------  --------  ---------  --------  --------  ----  --------
  SRAM2                 20000000   00004000  0000130c  00002cf4  RW X
  SRAM                  20004000   0003c000  0000adfc  00031204  RW X
  LOG_DATA              90000000   00040000  00000000  00040000  R   


SEGMENT ALLOCATION MAP

run origin  load origin   length   init length attrs members
----------  ----------- ---------- ----------- ----- -------
20003000    20003000    00001000   00000000    rw-
  20003000    20003000    00001000   00000000    rw- .stack
20004000    20004000    00000040   00000040    r--
  20004000    20004000    00000040   00000040    r-- .resetVecs
20004040    20004040    00008000   00000000    rw-
  20004040    20004040    00008000   00000000    rw- .sysmem
2000c040    2000c040    000028cb   000028cb    r-x
  2000c040    2000c040    00002608   00002608    r-x .text
  2000e648    2000e648    000002c3   000002c3    r-- .const
2000e90c    2000e90c    0000027d   00000000    rw-
  2000e90c    2000e90c    0000027d   00000000    rw- .data
2000eb90    2000eb90    0000019c   00000000    rw-
  2000eb90    2000eb90    0000019c   00000000    rw- .bss
2000ed30    2000ed30    000000d8   000000d8    r--
  2000ed30    2000ed30    000000d8   000000d8    r-- .cinit


SECTION ALLOCATION MAP

 output                                  attributes/
section   page    origin      length       input sections
--------  ----  ----------  ----------   ----------------
.text      0    2000c040    00002608     
                  2000c040    0000042c     driverlib.a : prcm.obj (.text:PRCMCC3200MCUInit)
                  2000c46c    0000019c     nortos_cc32xx.a : PowerCC32XX_nortos.oem4 (.text:PowerCC32XX_sleepPolicy)
                  2000c608    00000148     drivers_cc32xx.a : PowerCC32XX.oem4 (.text:parkPins)
                  2000c750    00000140                      : PWMTimerCC32XX.oem4 (.text:PWMTimerCC32XX_setDutyAndPeriod)
                  2000c890    00000138                      : PowerCC32XX.oem4 (.text:Power_sleep)
                  2000c9c8    000000fc     rtsv7M4_T_le_eabi.lib : fd_mul_t2.asm.obj (.text)
                  2000cac4    000000f0     drivers_cc32xx.a : PWMTimerCC32XX.oem4 (.text:PWMTimerCC32XX_open)
                  2000cbb4    000000dc     pwmled2.obj (.text:mainThread)
                  2000cc90    000000c4     drivers_cc32xx.a : PWMTimerCC32XX.oem4 (.text:PWMTimerCC32XX_stop)
                  2000cd54    000000c0                      : PowerCC32XX.oem4 (.text:restoreParkedPins)
                  2000ce14    000000b8                      : PWMTimerCC32XX.oem4 (.text:PWMTimerCC32XX_setDuty)
                  2000cecc    000000a8     driverlib.a : interrupt.obj (.text:IntEnable)
                  2000cf74    000000a8     drivers_cc32xx.a : PowerCC32XX.oem4 (.text:PowerCC32XX_configureWakeup)
                  2000d01c    000000a4                      : PWMTimerCC32XX.oem4 (.text:initHw)
                  2000d0c0    000000a0     nortos_cc32xx.a : SemaphoreP_nortos.oem4 (.text:SemaphoreP_pend)
                  2000d160    0000009c     rtsv7M4_T_le_eabi.lib : memcpy_t2.asm.obj (.text)
                  2000d1fc    00000098     drivers_cc32xx.a : PWMTimerCC32XX.oem4 (.text:PWMTimerCC32XX_setPeriod)
                  2000d294    00000096     rtsv7M4_T_le_eabi.lib : ull_div_t2.asm.obj (.text)
                  2000d32a    00000002     ti_drivers_config.obj (.text:Board_initHook)
                  2000d32c    00000090     drivers_cc32xx.a : PowerCC32XX.oem4 (.text:restoreNVICRegs)
                  2000d3bc    00000088     driverlib.a : interrupt.obj (.text:IntPendSet)
                  2000d444    00000088     drivers_cc32xx.a : PWMTimerCC32XX.oem4 (.text:PWMTimerCC32XX_close)
                  2000d4cc    00000088     driverlib.a : pin.obj (.text:PinConfigSet)
                  2000d554    00000084     drivers_cc32xx.a : PowerCC32XX.oem4 (.text:Power_init)
                  2000d5d8    00000084                      : PowerCC32XX.oem4 (.text:saveNVICRegs)
                  2000d65c    00000080                      : PowerCC32XX.oem4 (.text:Power_setDependency)
                  2000d6dc    00000068                      : PWMTimerCC32XX.oem4 (.text:PWMTimerCC32XX_start)
                  2000d744    00000068     rtsv7M4_T_le_eabi.lib : copy_decompress_lzss.c.obj (.text:decompress:lzss:__TI_decompress_lzss)
                  2000d7ac    00000064     drivers_cc32xx.a : PowerCC32XX.oem4 (.text:PowerCC32XX_setParkState)
                  2000d810    00000060     driverlib.a : prcm.obj (.text:PRCMSysResetCauseGet)
                  2000d870    0000005c     nortos_cc32xx.a : ClockPSysTick_nortos.oem4 (.text:sysTickInit)
                  2000d8cc    00000058     driverlib.a : prcm.obj (.text:PRCMPeripheralReset)
                  2000d924    00000058     drivers_cc32xx.a : PowerCC32XX.oem4 (.text:Power_releaseDependency)
                  2000d97c    00000052                      : PowerCC32XX_asm.oem4 (.text:PowerCC32XX_resumeLPDS)
                  2000d9ce    00000002                      : PWMTimerCC32XX.oem4 (.text:PWMTimerCC32XX_init)
                  2000d9d0    00000050     nortos_cc32xx.a : ClockPSysTick_nortos.oem4 (.text:ClockP_sysTickHandler)
                  2000da20    00000050                     : SemaphoreP_nortos.oem4 (.text:SemaphoreP_construct)
                  2000da70    00000050     drivers_cc32xx.a : TimerCC32XX.oem4 (.text:TimerCC32XX_allocateTimerResource)
                  2000dac0    0000004c                      : PowerCC32XX.oem4 (.text:PowerCC32XX_parkPin)
                  2000db0c    0000004c                      : PWMTimerCC32XX.oem4 (.text:getDutyCounts)
                  2000db58    0000004c                      : PWMTimerCC32XX.oem4 (.text:getPeriodCounts)
                  2000dba4    0000004c                      : PowerCC32XX.oem4 (.text:restorePeriphClocks)
                  2000dbf0    00000048     driverlib.a : flash.obj (.text:FlashDisable)
                  2000dc38    00000048                 : prcm.obj (.text:PRCMLPDSEnter)
                  2000dc80    00000048                 : prcm.obj (.text:PRCMPeripheralClkEnable)
                  2000dcc8    00000048     drivers_cc32xx.a : PowerCC32XX.oem4 (.text:Power_releaseConstraint)
                  2000dd10    00000048     rtsv7M4_T_le_eabi.lib : fd_toi_t2.asm.obj (.text)
                  2000dd58    00000044     nortos_cc32xx.a : ClockPSysTick_nortos.oem4 (.text:ClockP_stop)
                  2000dd9c    00000044     driverlib.a : prcm.obj (.text:PRCMLPDSRestoreInfoSet)
                  2000dde0    00000044     drivers_cc32xx.a : PWM.oem4 (.text:PWM_init)
                  2000de24    00000044                      : PowerCC32XX_asm.oem4 (.text:PowerCC32XX_enterLPDS)
                  2000de68    00000044     nortos_cc32xx.a : SwiP_nortos.oem4 (.text:SwiP_restore)
                  2000deac    00000044     rtsv7M4_T_le_eabi.lib : autoinit.c.obj (.text:__TI_auto_init_nobinit_nopinit:__TI_auto_init_nobinit_nopinit)
                  2000def0    00000040     drivers_cc32xx.a : PWM.oem4 (.text:PWM_open)
                  2000df30    00000040     driverlib.a : pin.obj (.text:PinModeSet)
                  2000df70    0000003c     nortos_cc32xx.a : ClockPSysTick_nortos.oem4 (.text:ClockP_destruct)
                  2000dfac    0000003c     drivers_cc32xx.a : PowerCC32XX.oem4 (.text:Power_setConstraint)
                  2000dfe8    0000003a     nortos_cc32xx.a : PowerCC32XX_nortos.oem4 (.text:getCountsRTC)
                  2000e022    0000003a     drivers_cc32xx.a : PWMTimerCC32XX.oem4 (.text:getPowerMgrId)
                  2000e05c    00000038     driverlib.a : prcm.obj (.text:PRCMLPDSEnterKeepDebugIf)
                  2000e094    00000038     nortos_cc32xx.a : ClockPSysTick_nortos.oem4 (.text:addToList)
                  2000e0cc    00000038                     : startup_cc32xx_ccs.oem4 (.text:initVectors)
                  2000e104    00000038     drivers_cc32xx.a : PowerCC32XX.oem4 (.text:notify)
                  2000e13c    00000034     nortos_cc32xx.a : ClockPSysTick_nortos.oem4 (.text:ClockP_getTicksUntilInterrupt)
                  2000e170    00000034                     : ClockPSysTick_nortos.oem4 (.text:ClockP_startup)
                  2000e1a4    00000034     driverlib.a : pin.obj (.text:PinModeGet)
                  2000e1d8    00000034     drivers_cc32xx.a : TimerCC32XX.oem4 (.text:TimerCC32XX_freeTimerResource)
                  2000e20c    00000034                      : TimerCC32XX.oem4 (.text:getPowerMgrId)
                  2000e240    00000030     nortos_cc32xx.a : ClockPSysTick_nortos.oem4 (.text:ClockP_start)
                  2000e270    00000030     drivers_cc32xx.a : PowerCC32XX.oem4 (.text:PowerCC32XX_restoreParkedPin)
                  2000e2a0    00000028     nortos_cc32xx.a : ClockPSysTick_nortos.oem4 (.text:ClockP_sleep)
                  2000e2c8    00000028     driverlib.a : prcm.obj (.text:PRCMPeripheralClkDisable)
                  2000e2f0    00000028     drivers_cc32xx.a : PowerCC32XX.oem4 (.text:Power_registerNotify)
                  2000e318    00000026                      : List.oem4 (.text:List_put)
                  2000e33e    00000026                      : List.oem4 (.text:List_remove)
                  2000e364    00000024     rtsv7M4_T_le_eabi.lib : boot_cortex_m.c.obj (.text:_c_int00_noargs:_c_int00_noargs)
                  2000e388    00000024     nortos_cc32xx.a : ClockPSysTick_nortos.oem4 (.text:sleepTicks)
                  2000e3ac    00000020     drivers_cc32xx.a : PowerCC32XX.oem4 (.text:Power_unregisterNotify)
                  2000e3cc    00000020     rtsv7M4_T_le_eabi.lib : u_tofd_t2.asm.obj (.text)
                  2000e3ec    0000001c     driverlib.a : pin.obj (.text:PinToPadGet)
                  2000e408    0000001c     nortos_cc32xx.a : SwiP_nortos.oem4 (.text:SwiP_disable)
                  2000e424    0000001c     rtsv7M4_T_le_eabi.lib : copy_zero_init.c.obj (.text:decompress:ZI:__TI_zero_init_nomemset:__TI_zero_init_nomemset)
                  2000e440    0000001a     nortos_cc32xx.a : startup_cc32xx_ccs.oem4 (.text:resetISR)
                  2000e45a    00000002                     : PowerCC32XX_nortos.oem4 (.text:PowerCC32XX_initPolicy)
                  2000e45c    00000018     drivers_cc32xx.a : PowerCC32XX.oem4 (.text:Power_getTransitionLatency)
                  2000e474    00000018                      : PowerCC32XX.oem4 (.text:Power_idleFunc)
                  2000e48c    00000018     rtsv7M4_T_le_eabi.lib : ll_mul_t2.asm.obj (.text)
                  2000e4a4    00000016     driverlib.a : prcm.obj (.text:PRCMHIBRegRead)
                  2000e4ba    00000016                 : prcm.obj (.text:PRCMHIBRegWrite)
                  2000e4d0    00000014                 : cpu.obj (.text:CPUcpsid)
                  2000e4e4    00000014                 : interrupt.obj (.text:IntVTableBaseSet)
                  2000e4f8    00000014     drivers_cc32xx.a : PWM.oem4 (.text:PWM_Params_init)
                  2000e50c    00000014                      : PowerCC32XX.oem4 (.text:Power_getDependencyCount)
                  2000e520    00000012     main_nortos.obj (.text:main)
                  2000e532    00000012     drivers_cc32xx.a : PWMTimerCC32XX.oem4 (.text:postNotifyFxn)
                  2000e544    00000010     ti_drivers_config.obj (.text:Board_init)
                  2000e554    00000010     nortos_cc32xx.a : ClockPSysTick_nortos.oem4 (.text:ClockP_add)
                  2000e564    00000010                     : ClockPSysTick_nortos.oem4 (.text:ClockP_getCpuFreq)
                  2000e574    00000010                     : ClockPSysTick_nortos.oem4 (.text:ClockP_getSystemTicks)
                  2000e584    00000010                     : ClockPSysTick_nortos.oem4 (.text:ClockP_setTicks)
                  2000e594    00000010                     : HwiPCC32XX_nortos.oem4 (.text:HwiP_restore)
                  2000e5a4    00000010     drivers_cc32xx.a : PowerCC32XX.oem4 (.text:Power_enablePolicy)
                  2000e5b4    00000010     nortos_cc32xx.a : SemaphoreP_nortos.oem4 (.text:SemaphoreP_Params_init)
                  2000e5c4    0000000e                     : HwiPCC32XX_nortos.oem4 (.text:HwiP_disable)
                  2000e5d2    0000000e                     : HwiPCC32XX_nortos.oem4 (.text:HwiP_enable)
                  2000e5e0    0000000e     rtsv7M4_T_le_eabi.lib : copy_decompress_none.c.obj (.text:decompress:none:__TI_decompress_none)
                  2000e5ee    00000002     nortos_cc32xx.a : SemaphoreP_nortos.oem4 (.text:SemaphoreP_destruct)
                  2000e5f0    0000000c     drivers_cc32xx.a : PowerCC32XX.oem4 (.text:Power_getConstraintMask)
                  2000e5fc    0000000a     nortos_cc32xx.a : ClockPSysTick_nortos.oem4 (.text:ClockP_isActive)
                  2000e606    0000000a     driverlib.a : interrupt.obj (.text:IntMasterDisable)
                  2000e610    0000000a     drivers_cc32xx.a : PWM.oem4 (.text:PWM_setDuty)
                  2000e61a    0000000a                      : PWM.oem4 (.text:PWM_start)
                  2000e624    00000006                      : PWMTimerCC32XX.oem4 (.text:PWMTimerCC32XX_control)
                  2000e62a    00000006     driverlib.a : utils.obj (.text:UtilsDelay)
                  2000e630    00000004     nortos_cc32xx.a : HwiPCC32XX_nortos.oem4 (.text:HwiP_post)
                  2000e634    00000004     rtsv7M4_T_le_eabi.lib : pre_init.c.obj (.text:_system_pre_init)
                  2000e638    00000004                           : exit.c.obj (.text:abort:abort)
                  2000e63c    00000002     nortos_cc32xx.a : startup_cc32xx_ccs.oem4 (.text:busFaultHandler)
                  2000e63e    00000002                     : SemaphoreP_nortos.oem4 (.text:clkFxn)
                  2000e640    00000002                     : startup_cc32xx_ccs.oem4 (.text:defaultHandler)
                  2000e642    00000002                     : startup_cc32xx_ccs.oem4 (.text:faultISR)
                  2000e644    00000002                     : startup_cc32xx_ccs.oem4 (.text:nmiISR)
                  2000e646    00000002     rtsv7M4_T_le_eabi.lib : div0.asm.obj (.text)

.const     0    2000e648    000002c3     
                  2000e648    00000100     driverlib.a : pin.obj (.const:g_ulPinToPadMap)
                  2000e748    000000a8                 : prcm.obj (.const:PRCM_PeriphRegsList)
                  2000e7f0    00000044     ti_drivers_config.obj (.const:PowerCC32XX_config)
                  2000e834    00000024     drivers_cc32xx.a : PWMTimerCC32XX.oem4 (.const:PWMTimerCC32XX_fxnTable)
                  2000e858    00000020                      : PWMTimerCC32XX.oem4 (.const:gpioPinIndexes)
                  2000e878    00000018     ti_drivers_config.obj (.const:PWM_config)
                  2000e890    00000018     drivers_cc32xx.a : PWM.oem4 (.const:PWM_defaultParams)
                  2000e8a8    00000018     driverlib.a : interrupt.obj (.const:g_pulEnRegs)
                  2000e8c0    00000018                 : interrupt.obj (.const:g_pulPendRegs)
                  2000e8d8    00000010     drivers_cc32xx.a : PWMTimerCC32XX.oem4 (.const:gpioBaseAddresses)
                  2000e8e8    00000010                      : PWMTimerCC32XX.oem4 (.const:timerBaseAddresses)
                  2000e8f8    00000008     ti_drivers_config.obj (.const:pwmTimerCC32XXHWAttrs)
                  2000e900    00000008     drivers_cc32xx.a : PWMTimerCC32XX.oem4 (.const:timerHalves)
                  2000e908    00000003     ti_drivers_config.obj (.const)

.cinit     0    2000ed30    000000d8     
                  2000ed30    000000b0     (.cinit..data.load) [load image, compression = lzss]
                  2000ede0    0000000c     (__TI_handler_table)
                  2000edec    00000004     --HOLE-- [fill = 0]
                  2000edf0    00000008     (.cinit..bss.load) [load image, compression = zero_init]
                  2000edf8    00000010     (__TI_cinit_table)

.init_array 
*          0    20004000    00000000     UNINITIALIZED

.ramVecs   0    20000000    0000030c     NOLOAD SECTION
                  20000000    0000030c     nortos_cc32xx.a : startup_cc32xx_ccs.oem4 (.ramVecs)

.stack     0    20003000    00001000     UNINITIALIZED
                  20003000    00000004     rtsv7M4_T_le_eabi.lib : boot_cortex_m.c.obj (.stack)
                  20003004    00000ffc     --HOLE--

.resetVecs 
*          0    20004000    00000040     
                  20004000    00000040     nortos_cc32xx.a : startup_cc32xx_ccs.oem4 (.resetVecs:retain)

.sysmem    0    20004040    00008000     UNINITIALIZED
                  20004040    00000010     rtsv7M4_T_le_eabi.lib : memory.c.obj (.sysmem)
                  20004050    00007ff0     --HOLE--

.data      0    2000e90c    0000027d     UNINITIALIZED
                  2000e90c    0000016c     drivers_cc32xx.a : PowerCC32XX.oem4 (.data:PowerCC32XX_module)
                  2000ea78    000000f8     ti_drivers_config.obj (.data:parkInfo)
                  2000eb70    00000008     nortos_cc32xx.a : SemaphoreP_nortos.oem4 (.data:SemaphoreP_defaultParams)
                  2000eb78    00000008                     : HwiPCC32XX_nortos.oem4 (.data)
                  2000eb80    00000005                     : ClockPSysTick_nortos.oem4 (.data)
                  2000eb85    00000003                     : SemaphoreP_nortos.oem4 (.data)
                  2000eb88    00000001     drivers_cc32xx.a : PWM.oem4 (.data)

.bss       0    2000eb90    0000019c     UNINITIALIZED
                  2000eb90    0000012c     (.common:PowerCC32XX_contextSave)
                  2000ecbc    00000048     (.common:pwmTimerCC32XXObjects)
                  2000ed04    00000004     nortos_cc32xx.a : ClockPSysTick_nortos.oem4 (.bss)
                  2000ed08    00000010     (.common:ClockP_ctrl)
                  2000ed18    0000000d                     : SwiP_nortos.oem4 (.bss)
                  2000ed25    00000003     --HOLE--
                  2000ed28    00000004     drivers_cc32xx.a : TimerCC32XX.oem4 (.bss:timerState)

.log_data 
*          0    90000000    00000000     COPY SECTION

__llvm_prf_cnts 
*          0    20004000    00000000     UNINITIALIZED

MODULE SUMMARY

       Module                       code   ro data   rw data
       ------                       ----   -------   -------
    .\
       pwmled2.obj                  220    0         0      
       main_nortos.obj              18     0         0      
    +--+----------------------------+------+---------+---------+
       Total:                       238    0         0      
                                                            
    .\syscfg\
       ti_drivers_config.obj        18     103       320    
    +--+----------------------------+------+---------+---------+
       Total:                       18     103       320    
                                                            
    C:/ti/simplelink_cc32xx_sdk_4_30_00_06/kernel/nortos/lib/ccs/m4/nortos_cc32xx.a
       startup_cc32xx_ccs.oem4      90     64        780    
       ClockPSysTick_nortos.oem4    658    0         25     
       PowerCC32XX_nortos.oem4      472    0         0      
       SemaphoreP_nortos.oem4       260    0         11     
       SwiP_nortos.oem4             96     0         13     
       HwiPCC32XX_nortos.oem4       48     0         8      
    +--+----------------------------+------+---------+---------+
       Total:                       1624   64        837    
                                                            
    C:/ti/simplelink_cc32xx_sdk_4_30_00_06/source/ti/devices/cc32xx/driverlib/ccs/Release/driverlib.a
       prcm.obj                     1604   168       0      
       pin.obj                      280    256       0      
       interrupt.obj                334    48        0      
       flash.obj                    72     0         0      
       cpu.obj                      20     0         0      
       utils.obj                    6      0         0      
    +--+----------------------------+------+---------+---------+
       Total:                       2316   472       0      
                                                            
    C:/ti/simplelink_cc32xx_sdk_4_30_00_06/source/ti/drivers/lib/ccs/m4/drivers_cc32xx.a
       PowerCC32XX.oem4             2280   0         664    
       PWMTimerCC32XX.oem4          1732   108       0      
       PWM.oem4                     172    24        1      
       TimerCC32XX.oem4             184    0         4      
       PowerCC32XX_asm.oem4         150    0         0      
       List.oem4                    76     0         0      
    +--+----------------------------+------+---------+---------+
       Total:                       4594   132       669    
                                                            
    C:\Users\sstut\ti\ccs1250\ccs\tools\compiler\ti-cgt-arm_20.2.7.LTS\lib\rtsv7M4_T_le_eabi.lib
       fd_mul_t2.asm.obj            252    0         0      
       memcpy_t2.asm.obj            156    0         0      
       ull_div_t2.asm.obj           150    0         0      
       copy_decompress_lzss.c.obj   104    0         0      
       fd_toi_t2.asm.obj            72     0         0      
       autoinit.c.obj               68     0         0      
       boot_cortex_m.c.obj          36     0         0      
       u_tofd_t2.asm.obj            32     0         0      
       copy_zero_init.c.obj         28     0         0      
       ll_mul_t2.asm.obj            24     0         0      
       copy_decompress_none.c.obj   14     0         0      
       exit.c.obj                   4      0         0      
       pre_init.c.obj               4      0         0      
       div0.asm.obj                 2      0         0      
    +--+----------------------------+------+---------+---------+
       Total:                       946    0         0      
                                                            
       Heap:                        0      0         32768  
       Stack:                       0      0         4096   
       Linker Generated:            0      212       0      
    +--+----------------------------+------+---------+---------+
       Grand Total:                 9736   983       38690  


LINKER GENERATED COPY TABLES

__TI_cinit_table @ 2000edf8 records: 2, size/record: 8, table size: 16
	.data: load addr=2000ed30, load size=000000b0 bytes, run addr=2000e90c, run size=0000027d bytes, compression=lzss
	.bss: load addr=2000edf0, load size=00000008 bytes, run addr=2000eb90, run size=0000019c bytes, compression=zero_init


LINKER GENERATED HANDLER TABLE

__TI_handler_table @ 2000ede0 records: 3, size/record: 4, table size: 12
	index: 0, handler: __TI_decompress_lzss
	index: 1, handler: __TI_decompress_none
	index: 2, handler: __TI_zero_init


GLOBAL SYMBOLS: SORTED ALPHABETICALLY BY Name 

address   name                             
-------   ----                             
2000e545  Board_init                       
2000d32b  Board_initHook                   
2000e639  C$$EXIT                          
2000e908  CONFIG_PWM_0_CONST               
2000e909  CONFIG_PWM_1_CONST               
2000e4d1  CPUcpsid                         
2000e555  ClockP_add                       
2000ed08  ClockP_ctrl                      
2000df71  ClockP_destruct                  
2000d9d1  ClockP_doTick                    
2000e565  ClockP_getCpuFreq                
2000e575  ClockP_getSystemTicks            
2000e13d  ClockP_getTicksUntilInterrupt    
2000e5fd  ClockP_isActive                  
2000e585  ClockP_setTicks                  
2000e2a1  ClockP_sleep                     
2000e241  ClockP_start                     
2000e171  ClockP_startup                   
2000dd59  ClockP_stop                      
2000d9d1  ClockP_sysTickHandler            
2000eb80  ClockP_tickPeriod                
2000dbf1  FlashDisable                     
2000e5c5  HwiP_disable                     
2000e5d3  HwiP_enable                      
2000eb78  HwiP_key                         
2000e631  HwiP_post                        
2000e595  HwiP_restore                     
2000eb7c  HwiP_swiPIntNum                  
UNDEFED   ITM_flush                        
UNDEFED   ITM_restore                      
2000cecd  IntEnable                        
2000e607  IntMasterDisable                 
2000d3bd  IntPendSet                       
2000e4e5  IntVTableBaseSet                 
2000e319  List_put                         
2000e33f  List_remove                      
2000e5d3  NoRTOS_start                     
2000c041  PRCMCC3200MCUInit                
2000e4a5  PRCMHIBRegRead                   
2000e4bb  PRCMHIBRegWrite                  
2000dc39  PRCMLPDSEnter                    
2000e05d  PRCMLPDSEnterKeepDebugIf         
2000dd9d  PRCMLPDSRestoreInfoSet           
2000e2c9  PRCMPeripheralClkDisable         
2000dc81  PRCMPeripheralClkEnable          
2000d8cd  PRCMPeripheralReset              
2000d811  PRCMSysResetCauseGet             
2000d445  PWMTimerCC32XX_close             
2000e625  PWMTimerCC32XX_control           
2000e834  PWMTimerCC32XX_fxnTable          
2000d9cf  PWMTimerCC32XX_init              
2000cac5  PWMTimerCC32XX_open              
2000ce15  PWMTimerCC32XX_setDuty           
2000c751  PWMTimerCC32XX_setDutyAndPeriod  
2000d1fd  PWMTimerCC32XX_setPeriod         
2000d6dd  PWMTimerCC32XX_start             
2000cc91  PWMTimerCC32XX_stop              
2000e4f9  PWM_Params_init                  
2000e878  PWM_config                       
2000e90a  PWM_count                        
2000e890  PWM_defaultParams                
2000dde1  PWM_init                         
2000def1  PWM_open                         
2000e611  PWM_setDuty                      
2000e61b  PWM_start                        
2000d4cd  PinConfigSet                     
2000e1a5  PinModeGet                       
2000df31  PinModeSet                       
2000e3ed  PinToPadGet                      
2000e7f0  PowerCC32XX_config               
2000cf75  PowerCC32XX_configureWakeup      
2000eb90  PowerCC32XX_contextSave          
2000de25  PowerCC32XX_enterLPDS            
2000e45b  PowerCC32XX_initPolicy           
2000e90c  PowerCC32XX_module               
2000dac1  PowerCC32XX_parkPin              
2000e271  PowerCC32XX_restoreParkedPin     
2000d97d  PowerCC32XX_resumeLPDS           
2000d7ad  PowerCC32XX_setParkState         
2000c46d  PowerCC32XX_sleepPolicy          
2000e5a5  Power_enablePolicy               
2000e5f1  Power_getConstraintMask          
2000e50d  Power_getDependencyCount         
2000e45d  Power_getTransitionLatency       
2000e475  Power_idleFunc                   
2000d555  Power_init                       
2000e2f1  Power_registerNotify             
2000dcc9  Power_releaseConstraint          
2000d925  Power_releaseDependency          
2000dfad  Power_setConstraint              
2000d65d  Power_setDependency              
2000c891  Power_sleep                      
2000e3ad  Power_unregisterNotify           
2000e5b5  SemaphoreP_Params_init           
2000da21  SemaphoreP_construct             
2000eb70  SemaphoreP_defaultParams         
2000e5ef  SemaphoreP_destruct              
2000d0c1  SemaphoreP_pend                  
2000e409  SwiP_disable                     
2000de69  SwiP_restore                     
2000da71  TimerCC32XX_allocateTimerResource
2000e1d9  TimerCC32XX_freeTimerResource    
2000e62b  UtilsDelay                       
20004000  __STACK_END                      
00001000  __STACK_SIZE                     
00008000  __SYSMEM_SIZE                    
2000edf8  __TI_CINIT_Base                  
2000ee08  __TI_CINIT_Limit                 
2000ede0  __TI_Handler_Table_Base          
2000edec  __TI_Handler_Table_Limit         
2000dead  __TI_auto_init_nobinit_nopinit   
2000d745  __TI_decompress_lzss             
2000e5e1  __TI_decompress_none             
ffffffff  __TI_pprof_out_hndl              
ffffffff  __TI_prof_data_size              
ffffffff  __TI_prof_data_start             
2000ed30  __TI_static_base__               
2000e425  __TI_zero_init_nomemset          
2000dd11  __aeabi_d2iz                     
2000c9c9  __aeabi_dmul                     
2000e647  __aeabi_idiv0                    
2000e647  __aeabi_ldiv0                    
2000e48d  __aeabi_lmul                     
2000d161  __aeabi_memcpy                   
2000d161  __aeabi_memcpy4                  
2000d161  __aeabi_memcpy8                  
2000e3cd  __aeabi_ui2d                     
2000d295  __aeabi_uldivmod                 
ffffffff  __binit__                        
ffffffff  __c_args__                       
UNDEFED   __mpu_init                       
20003000  __stack                          
20004000  __start___llvm_prf_cnts          
20004000  __stop___llvm_prf_cnts           
2000e365  _c_int00_noargs                  
20004040  _sys_memory                      
UNDEFED   _system_post_cinit               
2000e635  _system_pre_init                 
2000e639  abort                            
ffffffff  binit                            
2000e63f  clkFxn                           
2000e0cd  initVectors                      
2000e521  main                             
2000cbb5  mainThread                       
2000d161  memcpy                           
2000ea78  parkInfo                         
2000e8f8  pwmTimerCC32XXHWAttrs            
2000ecbc  pwmTimerCC32XXObjects            
2000e441  resetISR                         
2000e454  resetVectorAddr                  
20004000  resetVectors                     
2000e2a1  sleep                            


GLOBAL SYMBOLS: SORTED BY Symbol Address 

address   name                             
-------   ----                             
00001000  __STACK_SIZE                     
00008000  __SYSMEM_SIZE                    
20003000  __stack                          
20004000  __STACK_END                      
20004000  __start___llvm_prf_cnts          
20004000  __stop___llvm_prf_cnts           
20004000  resetVectors                     
20004040  _sys_memory                      
2000c041  PRCMCC3200MCUInit                
2000c46d  PowerCC32XX_sleepPolicy          
2000c751  PWMTimerCC32XX_setDutyAndPeriod  
2000c891  Power_sleep                      
2000c9c9  __aeabi_dmul                     
2000cac5  PWMTimerCC32XX_open              
2000cbb5  mainThread                       
2000cc91  PWMTimerCC32XX_stop              
2000ce15  PWMTimerCC32XX_setDuty           
2000cecd  IntEnable                        
2000cf75  PowerCC32XX_configureWakeup      
2000d0c1  SemaphoreP_pend                  
2000d161  __aeabi_memcpy                   
2000d161  __aeabi_memcpy4                  
2000d161  __aeabi_memcpy8                  
2000d161  memcpy                           
2000d1fd  PWMTimerCC32XX_setPeriod         
2000d295  __aeabi_uldivmod                 
2000d32b  Board_initHook                   
2000d3bd  IntPendSet                       
2000d445  PWMTimerCC32XX_close             
2000d4cd  PinConfigSet                     
2000d555  Power_init                       
2000d65d  Power_setDependency              
2000d6dd  PWMTimerCC32XX_start             
2000d745  __TI_decompress_lzss             
2000d7ad  PowerCC32XX_setParkState         
2000d811  PRCMSysResetCauseGet             
2000d8cd  PRCMPeripheralReset              
2000d925  Power_releaseDependency          
2000d97d  PowerCC32XX_resumeLPDS           
2000d9cf  PWMTimerCC32XX_init              
2000d9d1  ClockP_doTick                    
2000d9d1  ClockP_sysTickHandler            
2000da21  SemaphoreP_construct             
2000da71  TimerCC32XX_allocateTimerResource
2000dac1  PowerCC32XX_parkPin              
2000dbf1  FlashDisable                     
2000dc39  PRCMLPDSEnter                    
2000dc81  PRCMPeripheralClkEnable          
2000dcc9  Power_releaseConstraint          
2000dd11  __aeabi_d2iz                     
2000dd59  ClockP_stop                      
2000dd9d  PRCMLPDSRestoreInfoSet           
2000dde1  PWM_init                         
2000de25  PowerCC32XX_enterLPDS            
2000de69  SwiP_restore                     
2000dead  __TI_auto_init_nobinit_nopinit   
2000def1  PWM_open                         
2000df31  PinModeSet                       
2000df71  ClockP_destruct                  
2000dfad  Power_setConstraint              
2000e05d  PRCMLPDSEnterKeepDebugIf         
2000e0cd  initVectors                      
2000e13d  ClockP_getTicksUntilInterrupt    
2000e171  ClockP_startup                   
2000e1a5  PinModeGet                       
2000e1d9  TimerCC32XX_freeTimerResource    
2000e241  ClockP_start                     
2000e271  PowerCC32XX_restoreParkedPin     
2000e2a1  ClockP_sleep                     
2000e2a1  sleep                            
2000e2c9  PRCMPeripheralClkDisable         
2000e2f1  Power_registerNotify             
2000e319  List_put                         
2000e33f  List_remove                      
2000e365  _c_int00_noargs                  
2000e3ad  Power_unregisterNotify           
2000e3cd  __aeabi_ui2d                     
2000e3ed  PinToPadGet                      
2000e409  SwiP_disable                     
2000e425  __TI_zero_init_nomemset          
2000e441  resetISR                         
2000e454  resetVectorAddr                  
2000e45b  PowerCC32XX_initPolicy           
2000e45d  Power_getTransitionLatency       
2000e475  Power_idleFunc                   
2000e48d  __aeabi_lmul                     
2000e4a5  PRCMHIBRegRead                   
2000e4bb  PRCMHIBRegWrite                  
2000e4d1  CPUcpsid                         
2000e4e5  IntVTableBaseSet                 
2000e4f9  PWM_Params_init                  
2000e50d  Power_getDependencyCount         
2000e521  main                             
2000e545  Board_init                       
2000e555  ClockP_add                       
2000e565  ClockP_getCpuFreq                
2000e575  ClockP_getSystemTicks            
2000e585  ClockP_setTicks                  
2000e595  HwiP_restore                     
2000e5a5  Power_enablePolicy               
2000e5b5  SemaphoreP_Params_init           
2000e5c5  HwiP_disable                     
2000e5d3  HwiP_enable                      
2000e5d3  NoRTOS_start                     
2000e5e1  __TI_decompress_none             
2000e5ef  SemaphoreP_destruct              
2000e5f1  Power_getConstraintMask          
2000e5fd  ClockP_isActive                  
2000e607  IntMasterDisable                 
2000e611  PWM_setDuty                      
2000e61b  PWM_start                        
2000e625  PWMTimerCC32XX_control           
2000e62b  UtilsDelay                       
2000e631  HwiP_post                        
2000e635  _system_pre_init                 
2000e639  C$$EXIT                          
2000e639  abort                            
2000e63f  clkFxn                           
2000e647  __aeabi_idiv0                    
2000e647  __aeabi_ldiv0                    
2000e7f0  PowerCC32XX_config               
2000e834  PWMTimerCC32XX_fxnTable          
2000e878  PWM_config                       
2000e890  PWM_defaultParams                
2000e8f8  pwmTimerCC32XXHWAttrs            
2000e908  CONFIG_PWM_0_CONST               
2000e909  CONFIG_PWM_1_CONST               
2000e90a  PWM_count                        
2000e90c  PowerCC32XX_module               
2000ea78  parkInfo                         
2000eb70  SemaphoreP_defaultParams         
2000eb78  HwiP_key                         
2000eb7c  HwiP_swiPIntNum                  
2000eb80  ClockP_tickPeriod                
2000eb90  PowerCC32XX_contextSave          
2000ecbc  pwmTimerCC32XXObjects            
2000ed08  ClockP_ctrl                      
2000ed30  __TI_static_base__               
2000ede0  __TI_Handler_Table_Base          
2000edec  __TI_Handler_Table_Limit         
2000edf8  __TI_CINIT_Base                  
2000ee08  __TI_CINIT_Limit                 
ffffffff  __TI_pprof_out_hndl              
ffffffff  __TI_prof_data_size              
ffffffff  __TI_prof_data_start             
ffffffff  __binit__                        
ffffffff  __c_args__                       
ffffffff  binit                            
UNDEFED   ITM_flush                        
UNDEFED   ITM_restore                      
UNDEFED   __mpu_init                       
UNDEFED   _system_post_cinit               

[152 symbols]
