******************************************************************************
                  TI ARM Linker PC v20.2.7                     
******************************************************************************
>> Linked Tue Feb 27 13:05:55 2024

OUTPUT FILE NAME:   <gpiointerrupt_CC3220S_LAUNCHXL_nortos_ccs.out>
ENTRY POINT SYMBOL: "resetISR"  address: 2001205d


MEMORY CONFIGURATION

         name            origin    length      used     unused   attr    fill
----------------------  --------  ---------  --------  --------  ----  --------
  SRAM2                 20000000   00004000  0000130c  00002cf4  RW X
  SRAM                  20004000   0003c000  0000f576  0002ca8a  RW X
  LOG_DATA              90000000   00040000  00000000  00040000  R   


SEGMENT ALLOCATION MAP

run origin  load origin   length   init length attrs members
----------  ----------- ---------- ----------- ----- -------
20003000    20003000    00001000   00000000    rw-
  20003000    20003000    00001000   00000000    rw- .stack
20004000    20004000    00000040   00000040    r--
  20004000    20004000    00000040   00000040    r-- .resetVecs
20004040    20004040    00008000   00000000    rw-
  20004040    20004040    00008000   00000000    rw- .sysmem
2000c040    2000c040    0000658c   0000658c    r-x
  2000c040    2000c040    0000658c   0000658c    r-x .text
200125cc    200125cc    000005cc   00000000    rw-
  200125cc    200125cc    000005cc   00000000    rw- .data
20012b98    20012b98    0000051a   0000051a    r--
  20012b98    20012b98    0000051a   0000051a    r-- .const
200130b8    200130b8    000003d4   00000000    rw-
  200130b8    200130b8    000003d4   00000000    rw- .bss
20013490    20013490    000000f0   000000f0    r--
  20013490    20013490    000000f0   000000f0    r-- .cinit


SECTION ALLOCATION MAP

 output                                  attributes/
section   page    origin      length       input sections
--------  ----  ----------  ----------   ----------------
.text      0    2000c040    0000658c     
                  2000c040    00000a4e     rtsv7M4_T_le_eabi.lib : _printfi.c.obj (.text:__TI_printfi)
                  2000ca8e    00000002     ti_drivers_config.obj (.text:Board_initHook)
                  2000ca90    0000042c     driverlib.a : prcm.obj (.text:PRCMCC3200MCUInit)
                  2000cebc    00000288     drivers_cc32xx.a : UARTCC32XX.oem4 (.text:UARTCC32XX_open)
                  2000d144    00000268     rtsv7M4_T_le_eabi.lib : _printfi.c.obj (.text:_pconv_a)
                  2000d3ac    00000250     gpiointerrupt.obj (.text:initI2C)
                  2000d5fc    000001e4     drivers_cc32xx.a : GPIOCC32XX.oem4 (.text:GPIO_setConfig)
                  2000d7e0    000001cc     rtsv7M4_T_le_eabi.lib : _printfi.c.obj (.text:_pconv_g)
                  2000d9ac    000001b6                           : fd_add_t2.asm.obj (.text)
                  2000db62    00000002     drivers_cc32xx.a : I2C.oem4 (.text:I2C_init)
                  2000db64    0000019c     nortos_cc32xx.a : PowerCC32XX_nortos.oem4 (.text:PowerCC32XX_sleepPolicy)
                  2000dd00    00000174     gpiointerrupt.obj (.text:mainThread)
                  2000de74    00000148     drivers_cc32xx.a : I2CCC32XX.oem4 (.text:I2CCC32XX_hwiFxn)
                  2000dfbc    00000148                      : PowerCC32XX.oem4 (.text:parkPins)
                  2000e104    0000013c     rtsv7M4_T_le_eabi.lib : _printfi.c.obj (.text:_pconv_e)
                  2000e240    00000138     drivers_cc32xx.a : PowerCC32XX.oem4 (.text:Power_sleep)
                  2000e378    00000136     rtsv7M4_T_le_eabi.lib : fd_div_t2.asm.obj (.text)
                  2000e4ae    00000002     nortos_cc32xx.a : PowerCC32XX_nortos.oem4 (.text:PowerCC32XX_initPolicy)
                  2000e4b0    00000128     drivers_cc32xx.a : TimerCC32XX.oem4 (.text:TimerCC32XX_open)
                  2000e5d8    00000122                      : I2C.oem4 (.text:I2C_transferTimeout)
                  2000e6fa    00000002                      : TimerCC32XX.oem4 (.text:TimerCC32XX_init)
                  2000e6fc    00000120                      : UARTCC32XX.oem4 (.text:UARTCC32XX_close)
                  2000e81c    00000120     rtsv7M4_T_le_eabi.lib : _printfi.c.obj (.text:fcvt)
                  2000e93c    00000120     gpiointerrupt.obj (.text:readTemp)
                  2000ea5c    00000100     rtsv7M4_T_le_eabi.lib : memory.c.obj (.text:aligned_alloc)
                  2000eb5c    000000fc     drivers_cc32xx.a : I2CCC32XX.oem4 (.text:I2C_open)
                  2000ec58    000000fc     rtsv7M4_T_le_eabi.lib : fd_mul_t2.asm.obj (.text)
                  2000ed54    000000f2     drivers_cc32xx.a : UARTCC32XX.oem4 (.text:UARTCC32XX_control)
                  2000ee46    00000002                      : UARTCC32XX.oem4 (.text:UARTCC32XX_init)
                  2000ee48    000000e4     rtsv7M4_T_le_eabi.lib : memory.c.obj (.text:free)
                  2000ef2c    000000d0                           : s_scalbn.c.obj (.text:scalbn)
                  2000effc    000000ca     drivers_cc32xx.a : UARTCC32XX.oem4 (.text:UARTCC32XX_write)
                  2000f0c6    00000002     rtsv7M4_T_le_eabi.lib : _lock.c.obj (.text:_nop)
                  2000f0c8    000000c4     drivers_cc32xx.a : GPIOCC32XX.oem4 (.text:GPIO_init)
                  2000f18c    000000c0                      : PowerCC32XX.oem4 (.text:restoreParkedPins)
                  2000f24c    000000ba                      : UARTCC32XX.oem4 (.text:UARTCC32XX_readPolling)
                  2000f306    00000002     nortos_cc32xx.a : startup_cc32xx_ccs.oem4 (.text:busFaultHandler)
                  2000f308    000000b8     drivers_cc32xx.a : UARTCC32XX.oem4 (.text:initHw)
                  2000f3c0    000000b6                      : UARTCC32XX.oem4 (.text:readTaskCallback)
                  2000f476    000000b2                      : I2CCC32XX.oem4 (.text:I2CCC32XX_completeTransfer)
                  2000f528    000000b1     rtsv7M4_T_le_eabi.lib : _printfi.c.obj (.text:_ltostr)
                  2000f5d9    00000001     --HOLE-- [fill = 0]
                  2000f5da    000000b0     drivers_cc32xx.a : UARTCC32XX.oem4 (.text:readTaskBlocking)
                  2000f68a    000000ae                      : UARTCC32XX.oem4 (.text:readIsrTextBlocking)
                  2000f738    000000a8                      : I2CCC32XX.oem4 (.text:I2CCC32XX_primeWriteBurst)
                  2000f7e0    000000a8     driverlib.a : interrupt.obj (.text:IntEnable)
                  2000f888    000000a8     drivers_cc32xx.a : PowerCC32XX.oem4 (.text:PowerCC32XX_configureWakeup)
                  2000f930    000000a2                      : UARTCC32XX.oem4 (.text:readIsrTextCallback)
                  2000f9d2    000000a2                      : UARTCC32XX.oem4 (.text:writeData)
                  2000fa74    000000a0     nortos_cc32xx.a : SemaphoreP_nortos.oem4 (.text:SemaphoreP_pend)
                  2000fb14    0000009c     drivers_cc32xx.a : I2CCC32XX.oem4 (.text:I2CCC32XX_initHw)
                  2000fbb0    0000009c     rtsv7M4_T_le_eabi.lib : memcpy_t2.asm.obj (.text)
                  2000fc4c    00000098     drivers_cc32xx.a : GPIOCC32XX.oem4 (.text:powerNotifyFxn)
                  2000fce4    00000096     rtsv7M4_T_le_eabi.lib : ull_div_t2.asm.obj (.text)
                  2000fd7a    00000002     nortos_cc32xx.a : SemaphoreP_nortos.oem4 (.text:clkFxn)
                  2000fd7c    00000090     drivers_cc32xx.a : PowerCC32XX.oem4 (.text:restoreNVICRegs)
                  2000fe0c    0000008c     nortos_cc32xx.a : HwiPCC32XX_nortos.oem4 (.text:HwiP_construct)
                  2000fe98    00000088     driverlib.a : interrupt.obj (.text:IntPendSet)
                  2000ff20    00000088                 : pin.obj (.text:PinConfigSet)
                  2000ffa8    00000088     drivers_cc32xx.a : TimerCC32XX.oem4 (.text:TimerCC32XX_setPeriod)
                  20010030    00000086     rtsv7M4_T_le_eabi.lib : fd_cmp_t2.asm.obj (.text:__aeabi_cdcmple)
                  200100b6    00000086                           : fd_cmp_t2.asm.obj (.text:__aeabi_cdrcmple)
                  2001013c    00000084     drivers_cc32xx.a : PowerCC32XX.oem4 (.text:Power_init)
                  200101c0    00000084                      : PowerCC32XX.oem4 (.text:saveNVICRegs)
                  20010244    00000080                      : PowerCC32XX.oem4 (.text:Power_setDependency)
                  200102c4    0000007c                      : UARTCC32XX.oem4 (.text:readIsrBinaryBlocking)
                  20010340    0000007a                      : I2CCC32XX.oem4 (.text:I2CCC32XX_primeReadBurst)
                  200103ba    0000007a     rtsv7M4_T_le_eabi.lib : fs_mul_t2.asm.obj (.text)
                  20010434    0000007a                           : memset_t2.asm.obj (.text)
                  200104ae    00000002     nortos_cc32xx.a : startup_cc32xx_ccs.oem4 (.text:defaultHandler)
                  200104b0    00000078     drivers_cc32xx.a : GPIOCC32XX.oem4 (.text:GPIO_hwiIntFxn)
                  20010528    00000078                      : TimerCC32XX.oem4 (.text:TimerCC32XX_start)
                  200105a0    00000078                      : UARTCC32XX.oem4 (.text:readIsrBinaryCallback)
                  20010618    00000074                      : UARTCC32XX.oem4 (.text:UARTCC32XX_hwiIntFxn)
                  2001068c    00000070     rtsv7M4_T_le_eabi.lib : memory.c.obj (.text:split)
                  200106fc    0000006e                           : _printfi.c.obj (.text:_mcpy)
                  2001076a    0000006a     drivers_cc32xx.a : I2CCC32XX.oem4 (.text:I2CSupport_primeTransfer)
                  200107d4    00000068     rtsv7M4_T_le_eabi.lib : copy_decompress_lzss.c.obj (.text:decompress:lzss:__TI_decompress_lzss)
                  2001083c    00000066     drivers_cc32xx.a : UARTCC32XX.oem4 (.text:UARTCC32XX_writeCancel)
                  200108a2    00000002     nortos_cc32xx.a : startup_cc32xx_ccs.oem4 (.text:faultISR)
                  200108a4    00000064     drivers_cc32xx.a : PowerCC32XX.oem4 (.text:PowerCC32XX_setParkState)
                  20010908    00000062                      : UARTCC32XX.oem4 (.text:UARTCC32XX_writePolling)
                  2001096a    00000002     nortos_cc32xx.a : startup_cc32xx_ccs.oem4 (.text:nmiISR)
                  2001096c    00000060     driverlib.a : prcm.obj (.text:PRCMSysResetCauseGet)
                  200109cc    0000005c     drivers_cc32xx.a : GPIOCC32XX.oem4 (.text:GPIO_setCallback)
                  20010a28    0000005c     rtsv7M4_T_le_eabi.lib : s_frexp.c.obj (.text:frexp)
                  20010a84    0000005c     nortos_cc32xx.a : ClockPSysTick_nortos.oem4 (.text:sysTickInit)
                  20010ae0    00000058     drivers_cc32xx.a : GPIOCC32XX.oem4 (.text:GPIO_write)
                  20010b38    00000058     driverlib.a : prcm.obj (.text:PRCMPeripheralReset)
                  20010b90    00000058     drivers_cc32xx.a : PowerCC32XX.oem4 (.text:Power_releaseDependency)
                  20010be8    00000056                      : TimerCC32XX.oem4 (.text:TimerCC32XX_stop)
                  20010c3e    00000056     rtsv7M4_T_le_eabi.lib : _printfi.c.obj (.text:_pconv_f)
                  20010c94    00000054                           : _ltoa.c.obj (.text:__TI_ltoa)
                  20010ce8    00000054     gpiointerrupt.obj (.text:initTimer)
                  20010d3c    00000054     drivers_cc32xx.a : UARTCC32XX.oem4 (.text:ringBufGet)
                  20010d90    00000052                      : PowerCC32XX_asm.oem4 (.text:PowerCC32XX_resumeLPDS)
                  20010de2    00000052     rtsv7M4_T_le_eabi.lib : _printfi.c.obj (.text:_ecpy)
                  20010e34    00000052     drivers_cc32xx.a : TimerCC32XX.oem4 (.text:initHw)
                  20010e86    00000002     rtsv7M4_T_le_eabi.lib : div0.asm.obj (.text)
                  20010e88    00000050     nortos_cc32xx.a : ClockPSysTick_nortos.oem4 (.text:ClockP_sysTickHandler)
                  20010ed8    00000050                     : SemaphoreP_nortos.oem4 (.text:SemaphoreP_construct)
                  20010f28    00000050     drivers_cc32xx.a : TimerCC32XX.oem4 (.text:TimerCC32XX_allocateTimerResource)
                  20010f78    0000004c                      : GPIOCC32XX.oem4 (.text:GPIO_enableInt)
                  20010fc4    0000004c                      : I2CCC32XX.oem4 (.text:I2CCC32XX_readRecieveFifo)
                  20011010    0000004c                      : PowerCC32XX.oem4 (.text:PowerCC32XX_parkPin)
                  2001105c    0000004c     rtsv7M4_T_le_eabi.lib : atoi.c.obj (.text:atoi)
                  200110a8    0000004c     drivers_cc32xx.a : PowerCC32XX.oem4 (.text:restorePeriphClocks)
                  200110f4    0000004c     rtsv7M4_T_le_eabi.lib : snprintf.c.obj (.text:snprintf)
                  20011140    00000048     driverlib.a : flash.obj (.text:FlashDisable)
                  20011188    00000048                 : prcm.obj (.text:PRCMLPDSEnter)
                  200111d0    00000048                 : prcm.obj (.text:PRCMPeripheralClkEnable)
                  20011218    00000048     drivers_cc32xx.a : PowerCC32XX.oem4 (.text:Power_releaseConstraint)
                  20011260    00000048     rtsv7M4_T_le_eabi.lib : fd_toi_t2.asm.obj (.text)
                  200112a8    00000046     drivers_cc32xx.a : RingBuf.oem4 (.text:RingBuf_put)
                  200112ee    00000046                      : TimerCC32XX.oem4 (.text:getPrescaler)
                  20011334    00000044     nortos_cc32xx.a : ClockPSysTick_nortos.oem4 (.text:ClockP_stop)
                  20011378    00000044     driverlib.a : prcm.obj (.text:PRCMLPDSRestoreInfoSet)
                  200113bc    00000044     drivers_cc32xx.a : PowerCC32XX_asm.oem4 (.text:PowerCC32XX_enterLPDS)
                  20011400    00000044     nortos_cc32xx.a : SemaphoreP_nortos.oem4 (.text:SemaphoreP_post)
                  20011444    00000044                     : SwiP_nortos.oem4 (.text:SwiP_restore)
                  20011488    00000044     drivers_cc32xx.a : Timer.oem4 (.text:Timer_init)
                  200114cc    00000044                      : UART.oem4 (.text:UART_init)
                  20011510    00000044     rtsv7M4_T_le_eabi.lib : autoinit.c.obj (.text:__TI_auto_init_nobinit_nopinit:__TI_auto_init_nobinit_nopinit)
                  20011554    00000044     gpiointerrupt.obj (.text:initUART)
                  20011598    00000040     nortos_cc32xx.a : ClockPSysTick_nortos.oem4 (.text:ClockP_construct)
                  200115d8    00000040     driverlib.a : pin.obj (.text:PinModeSet)
                  20011618    00000040     drivers_cc32xx.a : RingBuf.oem4 (.text:RingBuf_get)
                  20011658    00000040                      : Timer.oem4 (.text:Timer_open)
                  20011698    00000040                      : UARTCC32XX.oem4 (.text:UARTCC32XX_read)
                  200116d8    00000040                      : UART.oem4 (.text:UART_open)
                  20011718    0000003e     rtsv7M4_T_le_eabi.lib : _printfi.c.obj (.text:_fcpy)
                  20011756    00000002     --HOLE-- [fill = 0]
                  20011758    0000003c     nortos_cc32xx.a : ClockPSysTick_nortos.oem4 (.text:ClockP_destruct)
                  20011794    0000003c     drivers_cc32xx.a : PowerCC32XX.oem4 (.text:Power_setConstraint)
                  200117d0    0000003a                      : TimerCC32XX.oem4 (.text:TimerCC32XX_close)
                  2001180a    0000003a     nortos_cc32xx.a : PowerCC32XX_nortos.oem4 (.text:getCountsRTC)
                  20011844    00000038     driverlib.a : prcm.obj (.text:PRCMLPDSEnterKeepDebugIf)
                  2001187c    00000038     drivers_cc32xx.a : TimerCC32XX.oem4 (.text:TimerCC32XX_hwiIntFunction)
                  200118b4    00000038     nortos_cc32xx.a : ClockPSysTick_nortos.oem4 (.text:addToList)
                  200118ec    00000038                     : startup_cc32xx_ccs.oem4 (.text:initVectors)
                  20011924    00000038     drivers_cc32xx.a : PowerCC32XX.oem4 (.text:notify)
                  2001195c    00000038     rtsv7M4_T_le_eabi.lib : fs_toi_t2.asm.obj (.text)
                  20011994    00000038                           : i_tofs_t2.asm.obj (.text)
                  200119cc    00000036     driverlib.a : timer.obj (.text:TimerControlStall)
                  20011a02    00000036     drivers_cc32xx.a : UARTCC32XX.oem4 (.text:UARTCC32XX_readCancel)
                  20011a38    00000034     nortos_cc32xx.a : ClockPSysTick_nortos.oem4 (.text:ClockP_getTicksUntilInterrupt)
                  20011a6c    00000034                     : ClockPSysTick_nortos.oem4 (.text:ClockP_startup)
                  20011aa0    00000034     driverlib.a : pin.obj (.text:PinModeGet)
                  20011ad4    00000034     drivers_cc32xx.a : PowerCC32XX.oem4 (.text:PowerCC32XX_restoreParkState)
                  20011b08    00000034                      : TimerCC32XX.oem4 (.text:TimerCC32XX_freeTimerResource)
                  20011b3c    00000034                      : TimerCC32XX.oem4 (.text:getPowerMgrId)
                  20011b70    00000030     nortos_cc32xx.a : ClockPSysTick_nortos.oem4 (.text:ClockP_start)
                  20011ba0    00000030     drivers_cc32xx.a : PowerCC32XX.oem4 (.text:PowerCC32XX_restoreParkedPin)
                  20011bd0    00000030     rtsv7M4_T_le_eabi.lib : snprintf.c.obj (.text:_outs)
                  20011c00    0000002e                           : i_tofd_t2.asm.obj (.text)
                  20011c2e    00000002     --HOLE-- [fill = 0]
                  20011c30    0000002c     drivers_cc32xx.a : PowerCC32XX.oem4 (.text:PowerCC32XX_getParkState)
                  20011c5c    0000002a     nortos_cc32xx.a : HwiPCC32XX_nortos.oem4 (.text:HwiP_create)
                  20011c86    0000002a     driverlib.a : timer.obj (.text:TimerLoadSet)
                  20011cb0    0000002a                 : timer.obj (.text:TimerPrescaleSet)
                  20011cda    00000028                 : i2c.obj (.text:I2CFIFODataPutNonBlocking)
                  20011d02    00000002     --HOLE-- [fill = 0]
                  20011d04    00000028                 : prcm.obj (.text:PRCMPeripheralClkDisable)
                  20011d2c    00000028     drivers_cc32xx.a : PowerCC32XX.oem4 (.text:Power_registerNotify)
                  20011d54    00000028     rtsv7M4_T_le_eabi.lib : memory.c.obj (.text:free_list_insert)
                  20011d7c    00000026     driverlib.a : i2c.obj (.text:I2CFIFODataGetNonBlocking)
                  20011da2    00000026     drivers_cc32xx.a : I2C.oem4 (.text:I2C_cancel)
                  20011dc8    00000026                      : List.oem4 (.text:List_put)
                  20011dee    00000026                      : List.oem4 (.text:List_remove)
                  20011e14    00000024     nortos_cc32xx.a : HwiPCC32XX_nortos.oem4 (.text:HwiP_dispatch)
                  20011e38    00000024     drivers_cc32xx.a : PowerCC32XX.oem4 (.text:PowerCC32XX_reset)
                  20011e5c    00000024     rtsv7M4_T_le_eabi.lib : boot_cortex_m.c.obj (.text:_c_int00_noargs:_c_int00_noargs)
                  20011e80    00000022     driverlib.a : i2c.obj (.text:I2CMasterSlaveAddrSet)
                  20011ea2    00000020     nortos_cc32xx.a : HwiPCC32XX_nortos.oem4 (.text:HwiP_destruct)
                  20011ec2    00000002     --HOLE-- [fill = 0]
                  20011ec4    00000020     drivers_cc32xx.a : PowerCC32XX.oem4 (.text:Power_unregisterNotify)
                  20011ee4    00000020                      : RingBuf.oem4 (.text:RingBuf_peek)
                  20011f04    00000020                      : UARTCC32XX.oem4 (.text:getPowerMgrId)
                  20011f24    0000001e     driverlib.a : i2c.obj (.text:I2CMasterIntStatusEx)
                  20011f42    0000001e     nortos_cc32xx.a : SemaphoreP_nortos.oem4 (.text:SemaphoreP_constructBinary)
                  20011f60    0000001e     driverlib.a : timer.obj (.text:TimerDisable)
                  20011f7e    0000001e                 : timer.obj (.text:TimerEnable)
                  20011f9c    0000001c                 : pin.obj (.text:PinToPadGet)
                  20011fb8    0000001c     nortos_cc32xx.a : SwiP_nortos.oem4 (.text:SwiP_disable)
                  20011fd4    0000001c     rtsv7M4_T_le_eabi.lib : copy_zero_init.c.obj (.text:decompress:ZI:__TI_zero_init_nomemset:__TI_zero_init_nomemset)
                  20011ff0    0000001c                           : memory.c.obj (.text:free_list_remove)
                  2001200c    0000001c                           : memccpy.c.obj (.text:memccpy)
                  20012028    0000001a     nortos_cc32xx.a : ClockPSysTick_nortos.oem4 (.text:ClockP_create)
                  20012042    0000001a                     : SemaphoreP_nortos.oem4 (.text:SemaphoreP_createBinary)
                  2001205c    0000001a                     : startup_cc32xx_ccs.oem4 (.text:resetISR)
                  20012076    00000018     driverlib.a : i2c.obj (.text:I2CMasterBusBusy)
                  2001208e    00000018                 : i2c.obj (.text:I2CMasterIntDisableEx)
                  200120a6    00000018                 : i2c.obj (.text:I2CMasterIntEnableEx)
                  200120be    00000018                 : i2c.obj (.text:I2CRxFIFOFlush)
                  200120d6    00000018                 : i2c.obj (.text:I2CTxFIFOFlush)
                  200120ee    00000002     --HOLE-- [fill = 0]
                  200120f0    00000018     drivers_cc32xx.a : PowerCC32XX.oem4 (.text:Power_getTransitionLatency)
                  20012108    00000018                      : PowerCC32XX.oem4 (.text:Power_idleFunc)
                  20012120    00000018                      : TimerCC32XX.oem4 (.text:TimerCC32XX_getCount)
                  20012138    00000018     driverlib.a : timer.obj (.text:TimerIntDisable)
                  20012150    00000018                 : timer.obj (.text:TimerIntEnable)
                  20012168    00000018                 : uart.obj (.text:UARTBusy)
                  20012180    00000018                 : uart.obj (.text:UARTIntEnable)
                  20012198    00000018     drivers_cc32xx.a : UART.oem4 (.text:UART_Params_init)
                  200121b0    00000018     rtsv7M4_T_le_eabi.lib : snprintf.c.obj (.text:_outc)
                  200121c8    00000018     gpiointerrupt.obj (.text:gpioButtonFxn0)
                  200121e0    00000018     gpiointerrupt.obj (.text:gpioButtonFxn1)
                  200121f8    00000018     rtsv7M4_T_le_eabi.lib : ll_mul_t2.asm.obj (.text)
                  20012210    00000018     gpiointerrupt.obj (.text:timerCallback)
                  20012228    00000016     driverlib.a : i2c.obj (.text:I2CMasterBurstLengthSet)
                  2001223e    00000016                 : prcm.obj (.text:PRCMHIBRegRead)
                  20012254    00000016                 : prcm.obj (.text:PRCMHIBRegWrite)
                  2001226a    00000016     nortos_cc32xx.a : SemaphoreP_nortos.oem4 (.text:SemaphoreP_create)
                  20012280    00000016     rtsv7M4_T_le_eabi.lib : strchr.c.obj (.text:strchr)
                  20012296    00000014     driverlib.a : cpu.obj (.text:CPUcpsid)
                  200122aa    00000002     --HOLE-- [fill = 0]
                  200122ac    00000014     nortos_cc32xx.a : HwiPCC32XX_nortos.oem4 (.text:HwiP_inISR)
                  200122c0    00000014     drivers_cc32xx.a : I2CCC32XX.oem4 (.text:I2CSupport_masterFinish)
                  200122d4    00000014                      : I2C.oem4 (.text:I2C_transfer)
                  200122e8    00000014     driverlib.a : interrupt.obj (.text:IntVTableBaseSet)
                  200122fc    00000014     drivers_cc32xx.a : PowerCC32XX.oem4 (.text:Power_disablePolicy)
                  20012310    00000014                      : PowerCC32XX.oem4 (.text:Power_getDependencyCount)
                  20012324    00000014                      : UARTCC32XX.oem4 (.text:releasePowerConstraint)
                  20012338    00000014     rtsv7M4_T_le_eabi.lib : strlen.c.obj (.text:strlen)
                  2001234c    00000012     nortos_cc32xx.a : HwiPCC32XX_nortos.oem4 (.text:HwiP_Params_init)
                  2001235e    00000012     driverlib.a : i2c.obj (.text:I2CMasterIntClearEx)
                  20012370    00000012     drivers_cc32xx.a : RingBuf.oem4 (.text:RingBuf_construct)
                  20012382    00000012     driverlib.a : timer.obj (.text:TimerIntClear)
                  20012394    00000012     main_nortos.obj (.text:main)
                  200123a6    00000012     rtsv7M4_T_le_eabi.lib : wcslen.c.obj (.text:wcslen)
                  200123b8    00000010     ti_drivers_config.obj (.text:Board_init)
                  200123c8    00000010     nortos_cc32xx.a : ClockPSysTick_nortos.oem4 (.text:ClockP_add)
                  200123d8    00000010                     : ClockPSysTick_nortos.oem4 (.text:ClockP_delete)
                  200123e8    00000010                     : ClockPSysTick_nortos.oem4 (.text:ClockP_getCpuFreq)
                  200123f8    00000010                     : ClockPSysTick_nortos.oem4 (.text:ClockP_getSystemTicks)
                  20012408    00000010                     : ClockPSysTick_nortos.oem4 (.text:ClockP_setTicks)
                  20012418    00000010                     : HwiPCC32XX_nortos.oem4 (.text:HwiP_delete)
                  20012428    00000010                     : HwiPCC32XX_nortos.oem4 (.text:HwiP_restore)
                  20012438    00000010     driverlib.a : i2c.obj (.text:I2CFIFOStatus)
                  20012448    00000010     drivers_cc32xx.a : I2C.oem4 (.text:I2C_Params_init)
                  20012458    00000010                      : PowerCC32XX.oem4 (.text:Power_enablePolicy)
                  20012468    00000010     nortos_cc32xx.a : SemaphoreP_nortos.oem4 (.text:SemaphoreP_Params_init)
                  20012478    00000010     drivers_cc32xx.a : Timer.oem4 (.text:Timer_Params_init)
                  20012488    00000010                      : UARTCC32XX.oem4 (.text:readBlockingTimeout)
                  20012498    0000000e     nortos_cc32xx.a : HwiPCC32XX_nortos.oem4 (.text:HwiP_clearInterrupt)
                  200124a6    0000000e                     : HwiPCC32XX_nortos.oem4 (.text:HwiP_disable)
                  200124b4    0000000e                     : HwiPCC32XX_nortos.oem4 (.text:HwiP_disableInterrupt)
                  200124c2    0000000e                     : HwiPCC32XX_nortos.oem4 (.text:HwiP_enable)
                  200124d0    0000000e                     : HwiPCC32XX_nortos.oem4 (.text:HwiP_enableInterrupt)
                  200124de    0000000e     drivers_cc32xx.a : I2CCC32XX.oem4 (.text:I2CCC32XX_updateReg)
                  200124ec    0000000e                      : RingBuf.oem4 (.text:RingBuf_isFull)
                  200124fa    0000000e     rtsv7M4_T_le_eabi.lib : copy_decompress_none.c.obj (.text:decompress:none:__TI_decompress_none)
                  20012508    0000000c     drivers_cc32xx.a : I2CCC32XX.oem4 (.text:I2CCC32XX_postNotify)
                  20012514    0000000c                      : PowerCC32XX.oem4 (.text:Power_getConstraintMask)
                  20012520    0000000c     rtsv7M4_T_le_eabi.lib : s_copysign.c.obj (.text:copysign)
                  2001252c    0000000c     drivers_cc32xx.a : TimerCC32XX.oem4 (.text:postNotifyFxn)
                  20012538    0000000c                      : UARTCC32XX.oem4 (.text:postNotifyFxn)
                  20012544    0000000a     nortos_cc32xx.a : ClockPSysTick_nortos.oem4 (.text:ClockP_Params_init)
                  2001254e    0000000a                     : ClockPSysTick_nortos.oem4 (.text:ClockP_isActive)
                  20012558    0000000a     driverlib.a : interrupt.obj (.text:IntMasterDisable)
                  20012562    0000000a     drivers_cc32xx.a : Timer.oem4 (.text:Timer_start)
                  2001256c    0000000a                      : UART.oem4 (.text:UART_write)
                  20012576    00000008                      : I2CCC32XX.oem4 (.text:I2CCC32XX_blockingCallback)
                  2001257e    00000002     --HOLE-- [fill = 0]
                  20012580    00000008     rtsv7M4_T_le_eabi.lib : errno.c.obj (.text:__aeabi_errno_addr)
                  20012588    00000008                           : memory.c.obj (.text:malloc)
                  20012590    00000008     drivers_cc32xx.a : UARTCC32XX.oem4 (.text:readSemCallback)
                  20012598    00000008                      : UARTCC32XX.oem4 (.text:writeSemCallback)
                  200125a0    00000006                      : I2CCC32XX.oem4 (.text:I2CSupport_powerRelConstraint)
                  200125a6    00000006                      : I2CCC32XX.oem4 (.text:I2CSupport_powerSetConstraint)
                  200125ac    00000006                      : TimerCC32XX.oem4 (.text:TimerCC32XX_control)
                  200125b2    00000006     driverlib.a : utils.obj (.text:UtilsDelay)
                  200125b8    00000004     nortos_cc32xx.a : ClockPSysTick_nortos.oem4 (.text:ClockP_setTimeout)
                  200125bc    00000004                     : HwiPCC32XX_nortos.oem4 (.text:HwiP_post)
                  200125c0    00000004                     : SemaphoreP_nortos.oem4 (.text:SemaphoreP_delete)
                  200125c4    00000004     rtsv7M4_T_le_eabi.lib : pre_init.c.obj (.text:_system_pre_init)
                  200125c8    00000004                           : exit.c.obj (.text:abort:abort)

.const     0    20012b98    0000051a     
                  20012b98    00000101     rtsv7M4_T_le_eabi.lib : ctype.c.obj (.const:.string:_ctypes_)
                  20012c99    00000003     --HOLE-- [fill = 0]
                  20012c9c    00000100     driverlib.a : pin.obj (.const:g_ulPinToPadMap)
                  20012d9c    000000a8                 : prcm.obj (.const:PRCM_PeriphRegsList)
                  20012e44    00000044     ti_drivers_config.obj (.const:PowerCC32XX_config)
                  20012e88    00000028     drivers_cc32xx.a : UARTCC32XX.oem4 (.const:UARTCC32XX_fxnTable)
                  20012eb0    00000024                      : UART.oem4 (.const:UART_defaultParams)
                  20012ed4    00000024     ti_drivers_config.obj (.const:uartCC32XXHWAttrs0)
                  20012ef8    00000021     drivers_cc32xx.a : GPIOCC32XX.oem4 (.const:.string:pinTable)
                  20012f19    00000003     --HOLE-- [fill = 0]
                  20012f1c    00000020                      : TimerCC32XX.oem4 (.const:TimerCC32XX_fxnTable)
                  20012f3c    00000020                      : UARTCC32XX.oem4 (.const:staticFxnTable)
                  20012f5c    00000018     driverlib.a : interrupt.obj (.const:g_pulEnRegs)
                  20012f74    00000018                 : interrupt.obj (.const:g_pulPendRegs)
                  20012f8c    00000018     gpiointerrupt.obj (.const:sensors)
                  20012fa4    00000014     ti_drivers_config.obj (.const:GPIOCC32XX_config)
                  20012fb8    00000014     drivers_cc32xx.a : GPIOCC32XX.oem4 (.const:gpioBaseAddresses)
                  20012fcc    00000014     ti_drivers_config.obj (.const:i2cCC32XXHWAttrs)
                  20012fe0    00000014     drivers_cc32xx.a : UARTCC32XX.oem4 (.const:parityType)
                  20012ff4    00000014                      : GPIOCC32XX.oem4 (.const:powerResources)
                  20013008    00000010                      : I2C.oem4 (.const:I2C_defaultParams)
                  20013018    00000010                      : I2CCC32XX.oem4 (.const:I2C_defaultParams)
                  20013028    00000010                      : UARTCC32XX.oem4 (.const:dataLength)
                  20013038    00000010     ti_drivers_config.obj (.const:timerCC32XXHWAttrs)
                  20013048    0000000c     gpiointerrupt.obj (.const:.string)
                  20013054    0000000c     ti_drivers_config.obj (.const:Timer_config)
                  20013060    0000000c     ti_drivers_config.obj (.const:UART_config)
                  2001306c    0000000c     drivers_cc32xx.a : Timer.oem4 (.const:defaultParams)
                  20013078    00000009     ti_drivers_config.obj (.const)
                  20013081    00000003     --HOLE-- [fill = 0]
                  20013084    00000008     ti_drivers_config.obj (.const:I2C_config)
                  2001308c    00000008     drivers_cc32xx.a : GPIOCC32XX.oem4 (.const:outPinTypes)
                  20013094    00000008                      : UARTCC32XX.oem4 (.const:stopBits)
                  2001309c    00000006                      : GPIOCC32XX.oem4 (.const:.string:interruptType)
                  200130a2    00000006                      : GPIOCC32XX.oem4 (.const:inPinTypes)
                  200130a8    00000006                      : GPIOCC32XX.oem4 (.const:outPinStrengths)
                  200130ae    00000004                      : GPIOCC32XX.oem4 (.const:.string:portInterruptIds)

.cinit     0    20013490    000000f0     
                  20013490    000000cb     (.cinit..data.load) [load image, compression = lzss]
                  2001355b    00000001     --HOLE-- [fill = 0]
                  2001355c    0000000c     (__TI_handler_table)
                  20013568    00000008     (.cinit..bss.load) [load image, compression = zero_init]
                  20013570    00000010     (__TI_cinit_table)

.init_array 
*          0    20004000    00000000     UNINITIALIZED

.ramVecs   0    20000000    0000030c     NOLOAD SECTION
                  20000000    0000030c     nortos_cc32xx.a : startup_cc32xx_ccs.oem4 (.ramVecs)

.stack     0    20003000    00001000     UNINITIALIZED
                  20003000    00000004     rtsv7M4_T_le_eabi.lib : boot_cortex_m.c.obj (.stack)
                  20003004    00000ffc     --HOLE--

.resetVecs 
*          0    20004000    00000040     
                  20004000    00000040     nortos_cc32xx.a : startup_cc32xx_ccs.oem4 (.resetVecs:retain)

.sysmem    0    20004040    00008000     UNINITIALIZED
                  20004040    00000010     rtsv7M4_T_le_eabi.lib : memory.c.obj (.sysmem)
                  20004050    00007ff0     --HOLE--

.data      0    200125cc    000005cc     UNINITIALIZED
                  200125cc    0000030c     nortos_cc32xx.a : HwiPCC32XX_nortos.oem4 (.data:HwiP_dispatchTable)
                  200128d8    0000016c     drivers_cc32xx.a : PowerCC32XX.oem4 (.data:PowerCC32XX_module)
                  20012a44    000000f8     ti_drivers_config.obj (.data:parkInfo)
                  20012b3c    0000000c     ti_drivers_config.obj (.data:gpioCallbackFunctions)
                  20012b48    0000000c     ti_drivers_config.obj (.data:gpioPinConfigs)
                  20012b54    00000009     drivers_cc32xx.a : GPIOCC32XX.oem4 (.data)
                  20012b5d    00000003     nortos_cc32xx.a : SemaphoreP_nortos.oem4 (.data)
                  20012b60    00000009     gpiointerrupt.obj (.data)
                  20012b69    00000001     drivers_cc32xx.a : Timer.oem4 (.data)
                  20012b6a    00000001                      : UART.oem4 (.data)
                  20012b6b    00000001     --HOLE--
                  20012b6c    00000008     rtsv7M4_T_le_eabi.lib : _lock.c.obj (.data:$O1$$)
                  20012b74    00000008                           : memory.c.obj (.data:$O1$$)
                  20012b7c    00000008     nortos_cc32xx.a : SemaphoreP_nortos.oem4 (.data:SemaphoreP_defaultParams)
                  20012b84    00000008                     : HwiPCC32XX_nortos.oem4 (.data)
                  20012b8c    00000005                     : ClockPSysTick_nortos.oem4 (.data)
                  20012b91    00000003     --HOLE--
                  20012b94    00000004     rtsv7M4_T_le_eabi.lib : errno.c.obj (.data)

.bss       0    200130b8    000003d4     UNINITIALIZED
                  200130b8    0000012c     (.common:PowerCC32XX_contextSave)
                  200131e4    000000fc     (.common:i2cCC32XXObjects)
                  200132e0    00000084     (.common:uartCC32XXObjects0)
                  20013364    00000040     (.common:output)
                  200133a4    00000034     (.common:timerCC32XXObjects)
                  200133d8    00000020     drivers_cc32xx.a : GPIOCC32XX.oem4 (.bss:gpioCallbackInfo)
                  200133f8    00000020     ti_drivers_config.obj (.bss:uartCC32XXRingBuffer0)
                  20013418    00000020     (.common:i2cTransaction)
                  20013438    00000014     drivers_cc32xx.a : GPIOCC32XX.oem4 (.bss:powerNotifyObj)
                  2001344c    00000004                      : GPIOCC32XX.oem4 (.bss)
                  20013450    00000010     (.common:ClockP_ctrl)
                  20013460    0000000d     nortos_cc32xx.a : SwiP_nortos.oem4 (.bss)
                  2001346d    00000003     --HOLE--
                  20013470    00000004                     : ClockPSysTick_nortos.oem4 (.bss)
                  20013474    00000004     drivers_cc32xx.a : TimerCC32XX.oem4 (.bss:timerState)
                  20013478    00000004     (.common:i2c)
                  2001347c    00000004     (.common:rxBuffer)
                  20013480    00000004     (.common:timer0)
                  20013484    00000004     (.common:txBuffer)
                  20013488    00000004     (.common:uart)

.log_data 
*          0    90000000    00000000     COPY SECTION

__llvm_prf_cnts 
*          0    20004000    00000000     UNINITIALIZED

MODULE SUMMARY

       Module                       code    ro data   rw data
       ------                       ----    -------   -------
    .\
       gpiointerrupt.obj            1476    36        125    
       main_nortos.obj              18      0         0      
    +--+----------------------------+-------+---------+---------+
       Total:                       1494    36        125    
                                                             
    .\syscfg\
       ti_drivers_config.obj        18      201       740    
    +--+----------------------------+-------+---------+---------+
       Total:                       18      201       740    
                                                             
    C:/ti/simplelink_cc32xx_sdk_4_30_00_06/kernel/nortos/lib/ccs/m4/nortos_cc32xx.a
       HwiPCC32XX_nortos.oem4       394     0         788    
       startup_cc32xx_ccs.oem4      90      64        780    
       ClockPSysTick_nortos.oem4    702     0         25     
       PowerCC32XX_nortos.oem4      472     0         0      
       SemaphoreP_nortos.oem4       408     0         11     
       SwiP_nortos.oem4             96      0         13     
    +--+----------------------------+-------+---------+---------+
       Total:                       2162    64        1617   
                                                             
    C:/ti/simplelink_cc32xx_sdk_4_30_00_06/source/ti/devices/cc32xx/driverlib/ccs/Release/driverlib.a
       prcm.obj                     1604    168       0      
       pin.obj                      280     256       0      
       interrupt.obj                334     48        0      
       i2c.obj                      318     0         0      
       timer.obj                    264     0         0      
       flash.obj                    72      0         0      
       uart.obj                     48      0         0      
       cpu.obj                      20      0         0      
       utils.obj                    6       0         0      
    +--+----------------------------+-------+---------+---------+
       Total:                       2946    472       0      
                                                             
    C:/ti/simplelink_cc32xx_sdk_4_30_00_06/source/ti/drivers/lib/ccs/m4/drivers_cc32xx.a
       UARTCC32XX.oem4              3466    116       0      
       PowerCC32XX.oem4             2432    0         664    
       I2CCC32XX.oem4               1452    16        0      
       GPIOCC32XX.oem4              1208    103       65     
       TimerCC32XX.oem4             1132    32        4      
       I2C.oem4                     366     16        0      
       UART.oem4                    166     36        1      
       RingBuf.oem4                 198     0         0      
       Timer.oem4                   158     12        1      
       PowerCC32XX_asm.oem4         150     0         0      
       List.oem4                    76      0         0      
    +--+----------------------------+-------+---------+---------+
       Total:                       10804   331       735    
                                                             
    C:\Users\sstut\ti\ccs1250\ccs\tools\compiler\ti-cgt-arm_20.2.7.LTS\lib\rtsv7M4_T_le_eabi.lib
       _printfi.c.obj               4835    0         0      
       memory.c.obj                 672     0         8      
       fd_add_t2.asm.obj            438     0         0      
       fd_div_t2.asm.obj            310     0         0      
       fd_cmp_t2.asm.obj            268     0         0      
       ctype.c.obj                  0       257       0      
       fd_mul_t2.asm.obj            252     0         0      
       s_scalbn.c.obj               208     0         0      
       memcpy_t2.asm.obj            156     0         0      
       ull_div_t2.asm.obj           150     0         0      
       snprintf.c.obj               148     0         0      
       fs_mul_t2.asm.obj            122     0         0      
       memset_t2.asm.obj            122     0         0      
       copy_decompress_lzss.c.obj   104     0         0      
       s_frexp.c.obj                92      0         0      
       _ltoa.c.obj                  84      0         0      
       atoi.c.obj                   76      0         0      
       fd_toi_t2.asm.obj            72      0         0      
       autoinit.c.obj               68      0         0      
       fs_toi_t2.asm.obj            56      0         0      
       i_tofs_t2.asm.obj            56      0         0      
       i_tofd_t2.asm.obj            46      0         0      
       boot_cortex_m.c.obj          36      0         0      
       copy_zero_init.c.obj         28      0         0      
       memccpy.c.obj                28      0         0      
       ll_mul_t2.asm.obj            24      0         0      
       strchr.c.obj                 22      0         0      
       strlen.c.obj                 20      0         0      
       wcslen.c.obj                 18      0         0      
       copy_decompress_none.c.obj   14      0         0      
       errno.c.obj                  8       0         4      
       s_copysign.c.obj             12      0         0      
       _lock.c.obj                  2       0         8      
       exit.c.obj                   4       0         0      
       pre_init.c.obj               4       0         0      
       div0.asm.obj                 2       0         0      
    +--+----------------------------+-------+---------+---------+
       Total:                       8557    257       20     
                                                             
       Heap:                        0       0         32768  
       Stack:                       0       0         4096   
       Linker Generated:            0       239       0      
    +--+----------------------------+-------+---------+---------+
       Grand Total:                 25981   1600      40101  


LINKER GENERATED COPY TABLES

__TI_cinit_table @ 20013570 records: 2, size/record: 8, table size: 16
	.data: load addr=20013490, load size=000000cb bytes, run addr=200125cc, run size=000005cc bytes, compression=lzss
	.bss: load addr=20013568, load size=00000008 bytes, run addr=200130b8, run size=000003d4 bytes, compression=zero_init


LINKER GENERATED HANDLER TABLE

__TI_handler_table @ 2001355c records: 3, size/record: 4, table size: 12
	index: 0, handler: __TI_decompress_lzss
	index: 1, handler: __TI_decompress_none
	index: 2, handler: __TI_zero_init


GLOBAL SYMBOLS: SORTED ALPHABETICALLY BY Name 

address   name                             
-------   ----                             
200123b9  Board_init                       
2000ca8f  Board_initHook                   
200125c9  C$$EXIT                          
20013078  CONFIG_GPIO_BUTTON_0_CONST       
20013079  CONFIG_GPIO_BUTTON_1_CONST       
2001307a  CONFIG_GPIO_LED_0_CONST          
2001307b  CONFIG_I2C_0_CONST               
2001307d  CONFIG_TIMER_0_CONST             
2001307f  CONFIG_UART_0_CONST              
20012297  CPUcpsid                         
20012545  ClockP_Params_init               
200123c9  ClockP_add                       
20011599  ClockP_construct                 
20012029  ClockP_create                    
20013450  ClockP_ctrl                      
200123d9  ClockP_delete                    
20011759  ClockP_destruct                  
20010e89  ClockP_doTick                    
200123e9  ClockP_getCpuFreq                
200123f9  ClockP_getSystemTicks            
20011a39  ClockP_getTicksUntilInterrupt    
2001254f  ClockP_isActive                  
20012409  ClockP_setTicks                  
200125b9  ClockP_setTimeout                
20011b71  ClockP_start                     
20011a6d  ClockP_startup                   
20011335  ClockP_stop                      
20010e89  ClockP_sysTickHandler            
20012b8c  ClockP_tickPeriod                
20011141  FlashDisable                     
20012fa4  GPIOCC32XX_config                
20010f79  GPIO_enableInt                   
200104b1  GPIO_hwiIntFxn                   
2000f0c9  GPIO_init                        
200109cd  GPIO_setCallback                 
2000d5fd  GPIO_setConfig                   
20010ae1  GPIO_write                       
2001234d  HwiP_Params_init                 
20012499  HwiP_clearInterrupt              
2000fe0d  HwiP_construct                   
20011c5d  HwiP_create                      
20012419  HwiP_delete                      
20011ea3  HwiP_destruct                    
200124a7  HwiP_disable                     
200124b5  HwiP_disableInterrupt            
20011e15  HwiP_dispatch                    
200124c3  HwiP_enable                      
200124d1  HwiP_enableInterrupt             
200122ad  HwiP_inISR                       
20012b84  HwiP_key                         
200125bd  HwiP_post                        
20012429  HwiP_restore                     
20012b88  HwiP_swiPIntNum                  
20011d7d  I2CFIFODataGetNonBlocking        
20011cdb  I2CFIFODataPutNonBlocking        
20012439  I2CFIFOStatus                    
20012229  I2CMasterBurstLengthSet          
20012077  I2CMasterBusBusy                 
2001235f  I2CMasterIntClearEx              
2001208f  I2CMasterIntDisableEx            
200120a7  I2CMasterIntEnableEx             
20011f25  I2CMasterIntStatusEx             
20011e81  I2CMasterSlaveAddrSet            
200120bf  I2CRxFIFOFlush                   
200122c1  I2CSupport_masterFinish          
200125a1  I2CSupport_powerRelConstraint    
200125a7  I2CSupport_powerSetConstraint    
2001076b  I2CSupport_primeTransfer         
200120d7  I2CTxFIFOFlush                   
20012449  I2C_Params_init                  
20011da3  I2C_cancel                       
20013084  I2C_config                       
2001307c  I2C_count                        
20013008  I2C_defaultParams                
2000db63  I2C_init                         
2000eb5d  I2C_open                         
200122d5  I2C_transfer                     
2000e5d9  I2C_transferTimeout              
UNDEFED   ITM_flush                        
UNDEFED   ITM_restore                      
2000f7e1  IntEnable                        
20012559  IntMasterDisable                 
2000fe99  IntPendSet                       
200122e9  IntVTableBaseSet                 
20011dc9  List_put                         
20011def  List_remove                      
200124c3  NoRTOS_start                     
2000ca91  PRCMCC3200MCUInit                
2001223f  PRCMHIBRegRead                   
20012255  PRCMHIBRegWrite                  
20011189  PRCMLPDSEnter                    
20011845  PRCMLPDSEnterKeepDebugIf         
20011379  PRCMLPDSRestoreInfoSet           
20011d05  PRCMPeripheralClkDisable         
200111d1  PRCMPeripheralClkEnable          
20010b39  PRCMPeripheralReset              
2001096d  PRCMSysResetCauseGet             
2000ff21  PinConfigSet                     
20011aa1  PinModeGet                       
200115d9  PinModeSet                       
20011f9d  PinToPadGet                      
20012e44  PowerCC32XX_config               
2000f889  PowerCC32XX_configureWakeup      
200130b8  PowerCC32XX_contextSave          
200113bd  PowerCC32XX_enterLPDS            
20011c31  PowerCC32XX_getParkState         
2000e4af  PowerCC32XX_initPolicy           
200128d8  PowerCC32XX_module               
20011011  PowerCC32XX_parkPin              
20011e39  PowerCC32XX_reset                
20011ad5  PowerCC32XX_restoreParkState     
20011ba1  PowerCC32XX_restoreParkedPin     
20010d91  PowerCC32XX_resumeLPDS           
200108a5  PowerCC32XX_setParkState         
2000db65  PowerCC32XX_sleepPolicy          
200122fd  Power_disablePolicy              
20012459  Power_enablePolicy               
20012515  Power_getConstraintMask          
20012311  Power_getDependencyCount         
200120f1  Power_getTransitionLatency       
20012109  Power_idleFunc                   
2001013d  Power_init                       
20011d2d  Power_registerNotify             
20011219  Power_releaseConstraint          
20010b91  Power_releaseDependency          
20011795  Power_setConstraint              
20010245  Power_setDependency              
2000e241  Power_sleep                      
20011ec5  Power_unregisterNotify           
20012371  RingBuf_construct                
20011619  RingBuf_get                      
200124ed  RingBuf_isFull                   
20011ee5  RingBuf_peek                     
200112a9  RingBuf_put                      
20012469  SemaphoreP_Params_init           
20010ed9  SemaphoreP_construct             
20011f43  SemaphoreP_constructBinary       
2001226b  SemaphoreP_create                
20012043  SemaphoreP_createBinary          
20012b7c  SemaphoreP_defaultParams         
200125c1  SemaphoreP_delete                
2000fa75  SemaphoreP_pend                  
20011401  SemaphoreP_post                  
20011fb9  SwiP_disable                     
20011445  SwiP_restore                     
20010f29  TimerCC32XX_allocateTimerResource
200117d1  TimerCC32XX_close                
200125ad  TimerCC32XX_control              
20011b09  TimerCC32XX_freeTimerResource    
20012f1c  TimerCC32XX_fxnTable             
20012121  TimerCC32XX_getCount             
2000e6fb  TimerCC32XX_init                 
2000e4b1  TimerCC32XX_open                 
2000ffa9  TimerCC32XX_setPeriod            
20010529  TimerCC32XX_start                
20010be9  TimerCC32XX_stop                 
200119cd  TimerControlStall                
20011f61  TimerDisable                     
20011f7f  TimerEnable                      
20012b68  TimerFlag                        
20012383  TimerIntClear                    
20012139  TimerIntDisable                  
20012151  TimerIntEnable                   
20011c87  TimerLoadSet                     
20011cb1  TimerPrescaleSet                 
20012479  Timer_Params_init                
20013054  Timer_config                     
2001307e  Timer_count                      
20011489  Timer_init                       
20011659  Timer_open                       
20012563  Timer_start                      
20012169  UARTBusy                         
2000e6fd  UARTCC32XX_close                 
2000ed55  UARTCC32XX_control               
20012e88  UARTCC32XX_fxnTable              
2000ee47  UARTCC32XX_init                  
2000cebd  UARTCC32XX_open                  
20011699  UARTCC32XX_read                  
20011a03  UARTCC32XX_readCancel            
2000f24d  UARTCC32XX_readPolling           
2000effd  UARTCC32XX_write                 
2001083d  UARTCC32XX_writeCancel           
20010909  UARTCC32XX_writePolling          
20012181  UARTIntEnable                    
20012199  UART_Params_init                 
20013060  UART_config                      
20013080  UART_count                       
20012eb0  UART_defaultParams               
200114cd  UART_init                        
200116d9  UART_open                        
2001256d  UART_write                       
200125b3  UtilsDelay                       
20004000  __STACK_END                      
00001000  __STACK_SIZE                     
00008000  __SYSMEM_SIZE                    
20013570  __TI_CINIT_Base                  
20013580  __TI_CINIT_Limit                 
2001355c  __TI_Handler_Table_Base          
20013568  __TI_Handler_Table_Limit         
20011511  __TI_auto_init_nobinit_nopinit   
200107d5  __TI_decompress_lzss             
200124fb  __TI_decompress_none             
20010c95  __TI_ltoa                        
ffffffff  __TI_pprof_out_hndl              
2000c041  __TI_printfi                     
ffffffff  __TI_prof_data_size              
ffffffff  __TI_prof_data_start             
20013490  __TI_static_base__               
20011fd5  __TI_zero_init_nomemset          
20010031  __aeabi_cdcmpeq                  
20010031  __aeabi_cdcmple                  
200100b7  __aeabi_cdrcmple                 
20011261  __aeabi_d2iz                     
2000d9b7  __aeabi_dadd                     
2000e379  __aeabi_ddiv                     
2000ec59  __aeabi_dmul                     
2000d9ad  __aeabi_dsub                     
20012581  __aeabi_errno_addr               
2001195d  __aeabi_f2iz                     
200103bb  __aeabi_fmul                     
20011c01  __aeabi_i2d                      
20011995  __aeabi_i2f                      
20010e87  __aeabi_idiv0                    
20010e87  __aeabi_ldiv0                    
200121f9  __aeabi_lmul                     
20010435  __aeabi_memclr                   
20010435  __aeabi_memclr4                  
20010435  __aeabi_memclr8                  
2000fbb1  __aeabi_memcpy                   
2000fbb1  __aeabi_memcpy4                  
2000fbb1  __aeabi_memcpy8                  
20010437  __aeabi_memset                   
20010437  __aeabi_memset4                  
20010437  __aeabi_memset8                  
2000fce5  __aeabi_uldivmod                 
ffffffff  __binit__                        
ffffffff  __c_args__                       
UNDEFED   __mpu_init                       
20003000  __stack                          
20004000  __start___llvm_prf_cnts          
20004000  __stop___llvm_prf_cnts           
20011e5d  _c_int00_noargs                  
20012b98  _ctypes_                         
20012b6c  _lock                            
2000f0c7  _nop                             
20004040  _sys_memory                      
UNDEFED   _system_post_cinit               
200125c5  _system_pre_init                 
20012b70  _unlock                          
200125c9  abort                            
2000ea5d  aligned_alloc                    
2001105d  atoi                             
ffffffff  binit                            
2000fd7b  clkFxn                           
20012521  copysign                         
20012521  copysignl                        
20012b94  errno                            
2000ee49  free                             
20010a29  frexp                            
20010a29  frexpl                           
200121c9  gpioButtonFxn0                   
200121e1  gpioButtonFxn1                   
20012b3c  gpioCallbackFunctions            
20012b48  gpioPinConfigs                   
20013478  i2c                              
20012fcc  i2cCC32XXHWAttrs                 
200131e4  i2cCC32XXObjects                 
20013418  i2cTransaction                   
200130a2  inPinTypes                       
2000d3ad  initI2C                          
20010ce9  initTimer                        
20011555  initUART                         
200118ed  initVectors                      
2000ef2d  ldexp                            
2000ef2d  ldexpl                           
20012b60  leftButton                       
20012395  main                             
2000dd01  mainThread                       
20012589  malloc                           
2000ea5d  memalign                         
2001200d  memccpy                          
2000fbb1  memcpy                           
2001043d  memset                           
200130a8  outPinStrengths                  
2001308c  outPinTypes                      
20013364  output                           
20012a44  parkInfo                         
2000e93d  readTemp                         
2001205d  resetISR                         
20012070  resetVectorAddr                  
20004000  resetVectors                     
20012b64  rightButton                      
2001347c  rxBuffer                         
2000ef2d  scalbn                           
2000ef2d  scalbnl                          
200110f5  snprintf                         
20012281  strchr                           
20012339  strlen                           
20013480  timer0                           
20013038  timerCC32XXHWAttrs               
200133a4  timerCC32XXObjects               
20012211  timerCallback                    
20013484  txBuffer                         
20013488  uart                             
200132e0  uartCC32XXObjects0               
200123a7  wcslen                           


GLOBAL SYMBOLS: SORTED BY Symbol Address 

address   name                             
-------   ----                             
00001000  __STACK_SIZE                     
00008000  __SYSMEM_SIZE                    
20003000  __stack                          
20004000  __STACK_END                      
20004000  __start___llvm_prf_cnts          
20004000  __stop___llvm_prf_cnts           
20004000  resetVectors                     
20004040  _sys_memory                      
2000c041  __TI_printfi                     
2000ca8f  Board_initHook                   
2000ca91  PRCMCC3200MCUInit                
2000cebd  UARTCC32XX_open                  
2000d3ad  initI2C                          
2000d5fd  GPIO_setConfig                   
2000d9ad  __aeabi_dsub                     
2000d9b7  __aeabi_dadd                     
2000db63  I2C_init                         
2000db65  PowerCC32XX_sleepPolicy          
2000dd01  mainThread                       
2000e241  Power_sleep                      
2000e379  __aeabi_ddiv                     
2000e4af  PowerCC32XX_initPolicy           
2000e4b1  TimerCC32XX_open                 
2000e5d9  I2C_transferTimeout              
2000e6fb  TimerCC32XX_init                 
2000e6fd  UARTCC32XX_close                 
2000e93d  readTemp                         
2000ea5d  aligned_alloc                    
2000ea5d  memalign                         
2000eb5d  I2C_open                         
2000ec59  __aeabi_dmul                     
2000ed55  UARTCC32XX_control               
2000ee47  UARTCC32XX_init                  
2000ee49  free                             
2000ef2d  ldexp                            
2000ef2d  ldexpl                           
2000ef2d  scalbn                           
2000ef2d  scalbnl                          
2000effd  UARTCC32XX_write                 
2000f0c7  _nop                             
2000f0c9  GPIO_init                        
2000f24d  UARTCC32XX_readPolling           
2000f7e1  IntEnable                        
2000f889  PowerCC32XX_configureWakeup      
2000fa75  SemaphoreP_pend                  
2000fbb1  __aeabi_memcpy                   
2000fbb1  __aeabi_memcpy4                  
2000fbb1  __aeabi_memcpy8                  
2000fbb1  memcpy                           
2000fce5  __aeabi_uldivmod                 
2000fd7b  clkFxn                           
2000fe0d  HwiP_construct                   
2000fe99  IntPendSet                       
2000ff21  PinConfigSet                     
2000ffa9  TimerCC32XX_setPeriod            
20010031  __aeabi_cdcmpeq                  
20010031  __aeabi_cdcmple                  
200100b7  __aeabi_cdrcmple                 
2001013d  Power_init                       
20010245  Power_setDependency              
200103bb  __aeabi_fmul                     
20010435  __aeabi_memclr                   
20010435  __aeabi_memclr4                  
20010435  __aeabi_memclr8                  
20010437  __aeabi_memset                   
20010437  __aeabi_memset4                  
20010437  __aeabi_memset8                  
2001043d  memset                           
200104b1  GPIO_hwiIntFxn                   
20010529  TimerCC32XX_start                
2001076b  I2CSupport_primeTransfer         
200107d5  __TI_decompress_lzss             
2001083d  UARTCC32XX_writeCancel           
200108a5  PowerCC32XX_setParkState         
20010909  UARTCC32XX_writePolling          
2001096d  PRCMSysResetCauseGet             
200109cd  GPIO_setCallback                 
20010a29  frexp                            
20010a29  frexpl                           
20010ae1  GPIO_write                       
20010b39  PRCMPeripheralReset              
20010b91  Power_releaseDependency          
20010be9  TimerCC32XX_stop                 
20010c95  __TI_ltoa                        
20010ce9  initTimer                        
20010d91  PowerCC32XX_resumeLPDS           
20010e87  __aeabi_idiv0                    
20010e87  __aeabi_ldiv0                    
20010e89  ClockP_doTick                    
20010e89  ClockP_sysTickHandler            
20010ed9  SemaphoreP_construct             
20010f29  TimerCC32XX_allocateTimerResource
20010f79  GPIO_enableInt                   
20011011  PowerCC32XX_parkPin              
2001105d  atoi                             
200110f5  snprintf                         
20011141  FlashDisable                     
20011189  PRCMLPDSEnter                    
200111d1  PRCMPeripheralClkEnable          
20011219  Power_releaseConstraint          
20011261  __aeabi_d2iz                     
200112a9  RingBuf_put                      
20011335  ClockP_stop                      
20011379  PRCMLPDSRestoreInfoSet           
200113bd  PowerCC32XX_enterLPDS            
20011401  SemaphoreP_post                  
20011445  SwiP_restore                     
20011489  Timer_init                       
200114cd  UART_init                        
20011511  __TI_auto_init_nobinit_nopinit   
20011555  initUART                         
20011599  ClockP_construct                 
200115d9  PinModeSet                       
20011619  RingBuf_get                      
20011659  Timer_open                       
20011699  UARTCC32XX_read                  
200116d9  UART_open                        
20011759  ClockP_destruct                  
20011795  Power_setConstraint              
200117d1  TimerCC32XX_close                
20011845  PRCMLPDSEnterKeepDebugIf         
200118ed  initVectors                      
2001195d  __aeabi_f2iz                     
20011995  __aeabi_i2f                      
200119cd  TimerControlStall                
20011a03  UARTCC32XX_readCancel            
20011a39  ClockP_getTicksUntilInterrupt    
20011a6d  ClockP_startup                   
20011aa1  PinModeGet                       
20011ad5  PowerCC32XX_restoreParkState     
20011b09  TimerCC32XX_freeTimerResource    
20011b71  ClockP_start                     
20011ba1  PowerCC32XX_restoreParkedPin     
20011c01  __aeabi_i2d                      
20011c31  PowerCC32XX_getParkState         
20011c5d  HwiP_create                      
20011c87  TimerLoadSet                     
20011cb1  TimerPrescaleSet                 
20011cdb  I2CFIFODataPutNonBlocking        
20011d05  PRCMPeripheralClkDisable         
20011d2d  Power_registerNotify             
20011d7d  I2CFIFODataGetNonBlocking        
20011da3  I2C_cancel                       
20011dc9  List_put                         
20011def  List_remove                      
20011e15  HwiP_dispatch                    
20011e39  PowerCC32XX_reset                
20011e5d  _c_int00_noargs                  
20011e81  I2CMasterSlaveAddrSet            
20011ea3  HwiP_destruct                    
20011ec5  Power_unregisterNotify           
20011ee5  RingBuf_peek                     
20011f25  I2CMasterIntStatusEx             
20011f43  SemaphoreP_constructBinary       
20011f61  TimerDisable                     
20011f7f  TimerEnable                      
20011f9d  PinToPadGet                      
20011fb9  SwiP_disable                     
20011fd5  __TI_zero_init_nomemset          
2001200d  memccpy                          
20012029  ClockP_create                    
20012043  SemaphoreP_createBinary          
2001205d  resetISR                         
20012070  resetVectorAddr                  
20012077  I2CMasterBusBusy                 
2001208f  I2CMasterIntDisableEx            
200120a7  I2CMasterIntEnableEx             
200120bf  I2CRxFIFOFlush                   
200120d7  I2CTxFIFOFlush                   
200120f1  Power_getTransitionLatency       
20012109  Power_idleFunc                   
20012121  TimerCC32XX_getCount             
20012139  TimerIntDisable                  
20012151  TimerIntEnable                   
20012169  UARTBusy                         
20012181  UARTIntEnable                    
20012199  UART_Params_init                 
200121c9  gpioButtonFxn0                   
200121e1  gpioButtonFxn1                   
200121f9  __aeabi_lmul                     
20012211  timerCallback                    
20012229  I2CMasterBurstLengthSet          
2001223f  PRCMHIBRegRead                   
20012255  PRCMHIBRegWrite                  
2001226b  SemaphoreP_create                
20012281  strchr                           
20012297  CPUcpsid                         
200122ad  HwiP_inISR                       
200122c1  I2CSupport_masterFinish          
200122d5  I2C_transfer                     
200122e9  IntVTableBaseSet                 
200122fd  Power_disablePolicy              
20012311  Power_getDependencyCount         
20012339  strlen                           
2001234d  HwiP_Params_init                 
2001235f  I2CMasterIntClearEx              
20012371  RingBuf_construct                
20012383  TimerIntClear                    
20012395  main                             
200123a7  wcslen                           
200123b9  Board_init                       
200123c9  ClockP_add                       
200123d9  ClockP_delete                    
200123e9  ClockP_getCpuFreq                
200123f9  ClockP_getSystemTicks            
20012409  ClockP_setTicks                  
20012419  HwiP_delete                      
20012429  HwiP_restore                     
20012439  I2CFIFOStatus                    
20012449  I2C_Params_init                  
20012459  Power_enablePolicy               
20012469  SemaphoreP_Params_init           
20012479  Timer_Params_init                
20012499  HwiP_clearInterrupt              
200124a7  HwiP_disable                     
200124b5  HwiP_disableInterrupt            
200124c3  HwiP_enable                      
200124c3  NoRTOS_start                     
200124d1  HwiP_enableInterrupt             
200124ed  RingBuf_isFull                   
200124fb  __TI_decompress_none             
20012515  Power_getConstraintMask          
20012521  copysign                         
20012521  copysignl                        
20012545  ClockP_Params_init               
2001254f  ClockP_isActive                  
20012559  IntMasterDisable                 
20012563  Timer_start                      
2001256d  UART_write                       
20012581  __aeabi_errno_addr               
20012589  malloc                           
200125a1  I2CSupport_powerRelConstraint    
200125a7  I2CSupport_powerSetConstraint    
200125ad  TimerCC32XX_control              
200125b3  UtilsDelay                       
200125b9  ClockP_setTimeout                
200125bd  HwiP_post                        
200125c1  SemaphoreP_delete                
200125c5  _system_pre_init                 
200125c9  C$$EXIT                          
200125c9  abort                            
200128d8  PowerCC32XX_module               
20012a44  parkInfo                         
20012b3c  gpioCallbackFunctions            
20012b48  gpioPinConfigs                   
20012b60  leftButton                       
20012b64  rightButton                      
20012b68  TimerFlag                        
20012b6c  _lock                            
20012b70  _unlock                          
20012b7c  SemaphoreP_defaultParams         
20012b84  HwiP_key                         
20012b88  HwiP_swiPIntNum                  
20012b8c  ClockP_tickPeriod                
20012b94  errno                            
20012b98  _ctypes_                         
20012e44  PowerCC32XX_config               
20012e88  UARTCC32XX_fxnTable              
20012eb0  UART_defaultParams               
20012f1c  TimerCC32XX_fxnTable             
20012fa4  GPIOCC32XX_config                
20012fcc  i2cCC32XXHWAttrs                 
20013008  I2C_defaultParams                
20013038  timerCC32XXHWAttrs               
20013054  Timer_config                     
20013060  UART_config                      
20013078  CONFIG_GPIO_BUTTON_0_CONST       
20013079  CONFIG_GPIO_BUTTON_1_CONST       
2001307a  CONFIG_GPIO_LED_0_CONST          
2001307b  CONFIG_I2C_0_CONST               
2001307c  I2C_count                        
2001307d  CONFIG_TIMER_0_CONST             
2001307e  Timer_count                      
2001307f  CONFIG_UART_0_CONST              
20013080  UART_count                       
20013084  I2C_config                       
2001308c  outPinTypes                      
200130a2  inPinTypes                       
200130a8  outPinStrengths                  
200130b8  PowerCC32XX_contextSave          
200131e4  i2cCC32XXObjects                 
200132e0  uartCC32XXObjects0               
20013364  output                           
200133a4  timerCC32XXObjects               
20013418  i2cTransaction                   
20013450  ClockP_ctrl                      
20013478  i2c                              
2001347c  rxBuffer                         
20013480  timer0                           
20013484  txBuffer                         
20013488  uart                             
20013490  __TI_static_base__               
2001355c  __TI_Handler_Table_Base          
20013568  __TI_Handler_Table_Limit         
20013570  __TI_CINIT_Base                  
20013580  __TI_CINIT_Limit                 
ffffffff  __TI_pprof_out_hndl              
ffffffff  __TI_prof_data_size              
ffffffff  __TI_prof_data_start             
ffffffff  __binit__                        
ffffffff  __c_args__                       
ffffffff  binit                            
UNDEFED   ITM_flush                        
UNDEFED   ITM_restore                      
UNDEFED   __mpu_init                       
UNDEFED   _system_post_cinit               

[306 symbols]
