<?xml version="1.0" encoding="ISO-8859-1" ?>
<link_info>
   <banner>TI ARM Linker PC v20.2.7.LTS</banner>
   <copyright>Copyright (c) 1996-2018 Texas Instruments Incorporated</copyright>
   <link_time>0x65de3293</link_time>
   <link_errors>0x0</link_errors>
   <output_file>gpiointerrupt_CC3220S_LAUNCHXL_nortos_ccs.out</output_file>
   <entry_point>
      <name>resetISR</name>
      <address>0x2001205d</address>
   </entry_point>
   <input_file_list>
      <input_file id="fl-2">
         <path>.\</path>
         <kind>object</kind>
         <file>gpiointerrupt.obj</file>
         <name>gpiointerrupt.obj</name>
      </input_file>
      <input_file id="fl-3">
         <path>.\syscfg\</path>
         <kind>object</kind>
         <file>ti_drivers_config.obj</file>
         <name>ti_drivers_config.obj</name>
      </input_file>
      <input_file id="fl-4">
         <path>.\</path>
         <kind>object</kind>
         <file>main_nortos.obj</file>
         <name>main_nortos.obj</name>
      </input_file>
      <input_file id="fl-d">
         <kind>object</kind>
         <file>&lt;internal&gt;</file>
         <name>&lt;internal&gt;</name>
      </input_file>
      <input_file id="fl-e">
         <path>C:\ti\simplelink_cc32xx_sdk_4_30_00_06\source\ti\drivers\lib\ccs\m4\</path>
         <kind>archive</kind>
         <file>drivers_cc32xx.a</file>
         <name>I2C.oem4</name>
      </input_file>
      <input_file id="fl-f">
         <path>C:\ti\simplelink_cc32xx_sdk_4_30_00_06\source\ti\drivers\lib\ccs\m4\</path>
         <kind>archive</kind>
         <file>drivers_cc32xx.a</file>
         <name>Timer.oem4</name>
      </input_file>
      <input_file id="fl-10">
         <path>C:\ti\simplelink_cc32xx_sdk_4_30_00_06\source\ti\drivers\lib\ccs\m4\</path>
         <kind>archive</kind>
         <file>drivers_cc32xx.a</file>
         <name>UART.oem4</name>
      </input_file>
      <input_file id="fl-11">
         <path>C:\ti\simplelink_cc32xx_sdk_4_30_00_06\source\ti\drivers\lib\ccs\m4\</path>
         <kind>archive</kind>
         <file>drivers_cc32xx.a</file>
         <name>GPIOCC32XX.oem4</name>
      </input_file>
      <input_file id="fl-12">
         <path>C:\ti\simplelink_cc32xx_sdk_4_30_00_06\source\ti\drivers\lib\ccs\m4\</path>
         <kind>archive</kind>
         <file>drivers_cc32xx.a</file>
         <name>I2CCC32XX.oem4</name>
      </input_file>
      <input_file id="fl-13">
         <path>C:\ti\simplelink_cc32xx_sdk_4_30_00_06\source\ti\drivers\lib\ccs\m4\</path>
         <kind>archive</kind>
         <file>drivers_cc32xx.a</file>
         <name>PowerCC32XX.oem4</name>
      </input_file>
      <input_file id="fl-14">
         <path>C:\ti\simplelink_cc32xx_sdk_4_30_00_06\source\ti\drivers\lib\ccs\m4\</path>
         <kind>archive</kind>
         <file>drivers_cc32xx.a</file>
         <name>PowerCC32XX_asm.oem4</name>
      </input_file>
      <input_file id="fl-15">
         <path>C:\ti\simplelink_cc32xx_sdk_4_30_00_06\source\ti\drivers\lib\ccs\m4\</path>
         <kind>archive</kind>
         <file>drivers_cc32xx.a</file>
         <name>TimerCC32XX.oem4</name>
      </input_file>
      <input_file id="fl-16">
         <path>C:\ti\simplelink_cc32xx_sdk_4_30_00_06\source\ti\drivers\lib\ccs\m4\</path>
         <kind>archive</kind>
         <file>drivers_cc32xx.a</file>
         <name>UARTCC32XX.oem4</name>
      </input_file>
      <input_file id="fl-17">
         <path>C:\ti\simplelink_cc32xx_sdk_4_30_00_06\source\ti\drivers\lib\ccs\m4\</path>
         <kind>archive</kind>
         <file>drivers_cc32xx.a</file>
         <name>List.oem4</name>
      </input_file>
      <input_file id="fl-18">
         <path>C:\ti\simplelink_cc32xx_sdk_4_30_00_06\source\ti\drivers\lib\ccs\m4\</path>
         <kind>archive</kind>
         <file>drivers_cc32xx.a</file>
         <name>RingBuf.oem4</name>
      </input_file>
      <input_file id="fl-19">
         <path>C:\ti\simplelink_cc32xx_sdk_4_30_00_06\kernel\nortos\lib\ccs\m4\</path>
         <kind>archive</kind>
         <file>nortos_cc32xx.a</file>
         <name>NoRTOS.oem4</name>
      </input_file>
      <input_file id="fl-1a">
         <path>C:\ti\simplelink_cc32xx_sdk_4_30_00_06\kernel\nortos\lib\ccs\m4\</path>
         <kind>archive</kind>
         <file>nortos_cc32xx.a</file>
         <name>SemaphoreP_nortos.oem4</name>
      </input_file>
      <input_file id="fl-1b">
         <path>C:\ti\simplelink_cc32xx_sdk_4_30_00_06\kernel\nortos\lib\ccs\m4\</path>
         <kind>archive</kind>
         <file>nortos_cc32xx.a</file>
         <name>ClockPSysTick_nortos.oem4</name>
      </input_file>
      <input_file id="fl-1c">
         <path>C:\ti\simplelink_cc32xx_sdk_4_30_00_06\kernel\nortos\lib\ccs\m4\</path>
         <kind>archive</kind>
         <file>nortos_cc32xx.a</file>
         <name>HwiPCC32XX_nortos.oem4</name>
      </input_file>
      <input_file id="fl-1d">
         <path>C:\ti\simplelink_cc32xx_sdk_4_30_00_06\kernel\nortos\lib\ccs\m4\</path>
         <kind>archive</kind>
         <file>nortos_cc32xx.a</file>
         <name>PowerCC32XX_nortos.oem4</name>
      </input_file>
      <input_file id="fl-1e">
         <path>C:\ti\simplelink_cc32xx_sdk_4_30_00_06\kernel\nortos\lib\ccs\m4\</path>
         <kind>archive</kind>
         <file>nortos_cc32xx.a</file>
         <name>startup_cc32xx_ccs.oem4</name>
      </input_file>
      <input_file id="fl-1f">
         <path>C:\ti\simplelink_cc32xx_sdk_4_30_00_06\kernel\nortos\lib\ccs\m4\</path>
         <kind>archive</kind>
         <file>nortos_cc32xx.a</file>
         <name>SwiP_nortos.oem4</name>
      </input_file>
      <input_file id="fl-20">
         <path>C:\ti\simplelink_cc32xx_sdk_4_30_00_06\kernel\nortos\lib\ccs\m4\</path>
         <kind>archive</kind>
         <file>nortos_cc32xx.a</file>
         <name>QueueP_nortos.oem4</name>
      </input_file>
      <input_file id="fl-21">
         <path>C:\ti\simplelink_cc32xx_sdk_4_30_00_06\source\ti\devices\cc32xx\driverlib\ccs\Release\</path>
         <kind>archive</kind>
         <file>driverlib.a</file>
         <name>cpu.obj</name>
      </input_file>
      <input_file id="fl-22">
         <path>C:\ti\simplelink_cc32xx_sdk_4_30_00_06\source\ti\devices\cc32xx\driverlib\ccs\Release\</path>
         <kind>archive</kind>
         <file>driverlib.a</file>
         <name>i2c.obj</name>
      </input_file>
      <input_file id="fl-23">
         <path>C:\ti\simplelink_cc32xx_sdk_4_30_00_06\source\ti\devices\cc32xx\driverlib\ccs\Release\</path>
         <kind>archive</kind>
         <file>driverlib.a</file>
         <name>interrupt.obj</name>
      </input_file>
      <input_file id="fl-24">
         <path>C:\ti\simplelink_cc32xx_sdk_4_30_00_06\source\ti\devices\cc32xx\driverlib\ccs\Release\</path>
         <kind>archive</kind>
         <file>driverlib.a</file>
         <name>pin.obj</name>
      </input_file>
      <input_file id="fl-25">
         <path>C:\ti\simplelink_cc32xx_sdk_4_30_00_06\source\ti\devices\cc32xx\driverlib\ccs\Release\</path>
         <kind>archive</kind>
         <file>driverlib.a</file>
         <name>prcm.obj</name>
      </input_file>
      <input_file id="fl-26">
         <path>C:\ti\simplelink_cc32xx_sdk_4_30_00_06\source\ti\devices\cc32xx\driverlib\ccs\Release\</path>
         <kind>archive</kind>
         <file>driverlib.a</file>
         <name>timer.obj</name>
      </input_file>
      <input_file id="fl-27">
         <path>C:\ti\simplelink_cc32xx_sdk_4_30_00_06\source\ti\devices\cc32xx\driverlib\ccs\Release\</path>
         <kind>archive</kind>
         <file>driverlib.a</file>
         <name>uart.obj</name>
      </input_file>
      <input_file id="fl-28">
         <path>C:\ti\simplelink_cc32xx_sdk_4_30_00_06\source\ti\devices\cc32xx\driverlib\ccs\Release\</path>
         <kind>archive</kind>
         <file>driverlib.a</file>
         <name>utils.obj</name>
      </input_file>
      <input_file id="fl-29">
         <path>C:\ti\simplelink_cc32xx_sdk_4_30_00_06\source\ti\devices\cc32xx\driverlib\ccs\Release\</path>
         <kind>archive</kind>
         <file>driverlib.a</file>
         <name>flash.obj</name>
      </input_file>
      <input_file id="fl-df">
         <path>C:\Users\sstut\ti\ccs1250\ccs\tools\compiler\ti-cgt-arm_20.2.7.LTS\lib\</path>
         <kind>archive</kind>
         <file>rtsv7M4_T_le_eabi.lib</file>
         <name>snprintf.c.obj</name>
      </input_file>
      <input_file id="fl-e0">
         <path>C:\Users\sstut\ti\ccs1250\ccs\tools\compiler\ti-cgt-arm_20.2.7.LTS\lib\</path>
         <kind>archive</kind>
         <file>rtsv7M4_T_le_eabi.lib</file>
         <name>fs_mul_t2.asm.obj</name>
      </input_file>
      <input_file id="fl-e1">
         <path>C:\Users\sstut\ti\ccs1250\ccs\tools\compiler\ti-cgt-arm_20.2.7.LTS\lib\</path>
         <kind>archive</kind>
         <file>rtsv7M4_T_le_eabi.lib</file>
         <name>fs_toi_t2.asm.obj</name>
      </input_file>
      <input_file id="fl-e2">
         <path>C:\Users\sstut\ti\ccs1250\ccs\tools\compiler\ti-cgt-arm_20.2.7.LTS\lib\</path>
         <kind>archive</kind>
         <file>rtsv7M4_T_le_eabi.lib</file>
         <name>i_tofs_t2.asm.obj</name>
      </input_file>
      <input_file id="fl-e3">
         <path>C:\Users\sstut\ti\ccs1250\ccs\tools\compiler\ti-cgt-arm_20.2.7.LTS\lib\</path>
         <kind>archive</kind>
         <file>rtsv7M4_T_le_eabi.lib</file>
         <name>ll_mul_t2.asm.obj</name>
      </input_file>
      <input_file id="fl-e4">
         <path>C:\Users\sstut\ti\ccs1250\ccs\tools\compiler\ti-cgt-arm_20.2.7.LTS\lib\</path>
         <kind>archive</kind>
         <file>rtsv7M4_T_le_eabi.lib</file>
         <name>memcpy_t2.asm.obj</name>
      </input_file>
      <input_file id="fl-e5">
         <path>C:\Users\sstut\ti\ccs1250\ccs\tools\compiler\ti-cgt-arm_20.2.7.LTS\lib\</path>
         <kind>archive</kind>
         <file>rtsv7M4_T_le_eabi.lib</file>
         <name>ull_div_t2.asm.obj</name>
      </input_file>
      <input_file id="fl-e6">
         <path>C:\Users\sstut\ti\ccs1250\ccs\tools\compiler\ti-cgt-arm_20.2.7.LTS\lib\</path>
         <kind>archive</kind>
         <file>rtsv7M4_T_le_eabi.lib</file>
         <name>copy_zero_init.c.obj</name>
      </input_file>
      <input_file id="fl-e7">
         <path>C:\Users\sstut\ti\ccs1250\ccs\tools\compiler\ti-cgt-arm_20.2.7.LTS\lib\</path>
         <kind>archive</kind>
         <file>rtsv7M4_T_le_eabi.lib</file>
         <name>copy_decompress_none.c.obj</name>
      </input_file>
      <input_file id="fl-e8">
         <path>C:\Users\sstut\ti\ccs1250\ccs\tools\compiler\ti-cgt-arm_20.2.7.LTS\lib\</path>
         <kind>archive</kind>
         <file>rtsv7M4_T_le_eabi.lib</file>
         <name>copy_decompress_lzss.c.obj</name>
      </input_file>
      <input_file id="fl-e9">
         <path>C:\Users\sstut\ti\ccs1250\ccs\tools\compiler\ti-cgt-arm_20.2.7.LTS\lib\</path>
         <kind>archive</kind>
         <file>rtsv7M4_T_le_eabi.lib</file>
         <name>memory.c.obj</name>
      </input_file>
      <input_file id="fl-ea">
         <path>C:\Users\sstut\ti\ccs1250\ccs\tools\compiler\ti-cgt-arm_20.2.7.LTS\lib\</path>
         <kind>archive</kind>
         <file>rtsv7M4_T_le_eabi.lib</file>
         <name>boot_cortex_m.c.obj</name>
      </input_file>
      <input_file id="fl-eb">
         <path>C:\Users\sstut\ti\ccs1250\ccs\tools\compiler\ti-cgt-arm_20.2.7.LTS\lib\</path>
         <kind>archive</kind>
         <file>rtsv7M4_T_le_eabi.lib</file>
         <name>_printfi.c.obj</name>
      </input_file>
      <input_file id="fl-ec">
         <path>C:\Users\sstut\ti\ccs1250\ccs\tools\compiler\ti-cgt-arm_20.2.7.LTS\lib\</path>
         <kind>archive</kind>
         <file>rtsv7M4_T_le_eabi.lib</file>
         <name>div0.asm.obj</name>
      </input_file>
      <input_file id="fl-ed">
         <path>C:\Users\sstut\ti\ccs1250\ccs\tools\compiler\ti-cgt-arm_20.2.7.LTS\lib\</path>
         <kind>archive</kind>
         <file>rtsv7M4_T_le_eabi.lib</file>
         <name>fd_add_t2.asm.obj</name>
      </input_file>
      <input_file id="fl-ee">
         <path>C:\Users\sstut\ti\ccs1250\ccs\tools\compiler\ti-cgt-arm_20.2.7.LTS\lib\</path>
         <kind>archive</kind>
         <file>rtsv7M4_T_le_eabi.lib</file>
         <name>fd_cmp_t2.asm.obj</name>
      </input_file>
      <input_file id="fl-ef">
         <path>C:\Users\sstut\ti\ccs1250\ccs\tools\compiler\ti-cgt-arm_20.2.7.LTS\lib\</path>
         <kind>archive</kind>
         <file>rtsv7M4_T_le_eabi.lib</file>
         <name>fd_div_t2.asm.obj</name>
      </input_file>
      <input_file id="fl-f0">
         <path>C:\Users\sstut\ti\ccs1250\ccs\tools\compiler\ti-cgt-arm_20.2.7.LTS\lib\</path>
         <kind>archive</kind>
         <file>rtsv7M4_T_le_eabi.lib</file>
         <name>fd_mul_t2.asm.obj</name>
      </input_file>
      <input_file id="fl-f1">
         <path>C:\Users\sstut\ti\ccs1250\ccs\tools\compiler\ti-cgt-arm_20.2.7.LTS\lib\</path>
         <kind>archive</kind>
         <file>rtsv7M4_T_le_eabi.lib</file>
         <name>fd_toi_t2.asm.obj</name>
      </input_file>
      <input_file id="fl-f2">
         <path>C:\Users\sstut\ti\ccs1250\ccs\tools\compiler\ti-cgt-arm_20.2.7.LTS\lib\</path>
         <kind>archive</kind>
         <file>rtsv7M4_T_le_eabi.lib</file>
         <name>i_tofd_t2.asm.obj</name>
      </input_file>
      <input_file id="fl-f3">
         <path>C:\Users\sstut\ti\ccs1250\ccs\tools\compiler\ti-cgt-arm_20.2.7.LTS\lib\</path>
         <kind>archive</kind>
         <file>rtsv7M4_T_le_eabi.lib</file>
         <name>memset_t2.asm.obj</name>
      </input_file>
      <input_file id="fl-f4">
         <path>C:\Users\sstut\ti\ccs1250\ccs\tools\compiler\ti-cgt-arm_20.2.7.LTS\lib\</path>
         <kind>archive</kind>
         <file>rtsv7M4_T_le_eabi.lib</file>
         <name>autoinit.c.obj</name>
      </input_file>
      <input_file id="fl-f5">
         <path>C:\Users\sstut\ti\ccs1250\ccs\tools\compiler\ti-cgt-arm_20.2.7.LTS\lib\</path>
         <kind>archive</kind>
         <file>rtsv7M4_T_le_eabi.lib</file>
         <name>pre_init.c.obj</name>
      </input_file>
      <input_file id="fl-f6">
         <path>C:\Users\sstut\ti\ccs1250\ccs\tools\compiler\ti-cgt-arm_20.2.7.LTS\lib\</path>
         <kind>archive</kind>
         <file>rtsv7M4_T_le_eabi.lib</file>
         <name>cpy_tbl.c.obj</name>
      </input_file>
      <input_file id="fl-f7">
         <path>C:\Users\sstut\ti\ccs1250\ccs\tools\compiler\ti-cgt-arm_20.2.7.LTS\lib\</path>
         <kind>archive</kind>
         <file>rtsv7M4_T_le_eabi.lib</file>
         <name>exit.c.obj</name>
      </input_file>
      <input_file id="fl-f8">
         <path>C:\Users\sstut\ti\ccs1250\ccs\tools\compiler\ti-cgt-arm_20.2.7.LTS\lib\</path>
         <kind>archive</kind>
         <file>rtsv7M4_T_le_eabi.lib</file>
         <name>_lock.c.obj</name>
      </input_file>
      <input_file id="fl-f9">
         <path>C:\Users\sstut\ti\ccs1250\ccs\tools\compiler\ti-cgt-arm_20.2.7.LTS\lib\</path>
         <kind>archive</kind>
         <file>rtsv7M4_T_le_eabi.lib</file>
         <name>_ltoa.c.obj</name>
      </input_file>
      <input_file id="fl-fa">
         <path>C:\Users\sstut\ti\ccs1250\ccs\tools\compiler\ti-cgt-arm_20.2.7.LTS\lib\</path>
         <kind>archive</kind>
         <file>rtsv7M4_T_le_eabi.lib</file>
         <name>args_main.c.obj</name>
      </input_file>
      <input_file id="fl-fb">
         <path>C:\Users\sstut\ti\ccs1250\ccs\tools\compiler\ti-cgt-arm_20.2.7.LTS\lib\</path>
         <kind>archive</kind>
         <file>rtsv7M4_T_le_eabi.lib</file>
         <name>atoi.c.obj</name>
      </input_file>
      <input_file id="fl-fc">
         <path>C:\Users\sstut\ti\ccs1250\ccs\tools\compiler\ti-cgt-arm_20.2.7.LTS\lib\</path>
         <kind>archive</kind>
         <file>rtsv7M4_T_le_eabi.lib</file>
         <name>ctype.c.obj</name>
      </input_file>
      <input_file id="fl-fd">
         <path>C:\Users\sstut\ti\ccs1250\ccs\tools\compiler\ti-cgt-arm_20.2.7.LTS\lib\</path>
         <kind>archive</kind>
         <file>rtsv7M4_T_le_eabi.lib</file>
         <name>memccpy.c.obj</name>
      </input_file>
      <input_file id="fl-fe">
         <path>C:\Users\sstut\ti\ccs1250\ccs\tools\compiler\ti-cgt-arm_20.2.7.LTS\lib\</path>
         <kind>archive</kind>
         <file>rtsv7M4_T_le_eabi.lib</file>
         <name>strchr.c.obj</name>
      </input_file>
      <input_file id="fl-ff">
         <path>C:\Users\sstut\ti\ccs1250\ccs\tools\compiler\ti-cgt-arm_20.2.7.LTS\lib\</path>
         <kind>archive</kind>
         <file>rtsv7M4_T_le_eabi.lib</file>
         <name>strlen.c.obj</name>
      </input_file>
      <input_file id="fl-100">
         <path>C:\Users\sstut\ti\ccs1250\ccs\tools\compiler\ti-cgt-arm_20.2.7.LTS\lib\</path>
         <kind>archive</kind>
         <file>rtsv7M4_T_le_eabi.lib</file>
         <name>errno.c.obj</name>
      </input_file>
      <input_file id="fl-101">
         <path>C:\Users\sstut\ti\ccs1250\ccs\tools\compiler\ti-cgt-arm_20.2.7.LTS\lib\</path>
         <kind>archive</kind>
         <file>rtsv7M4_T_le_eabi.lib</file>
         <name>wcslen.c.obj</name>
      </input_file>
      <input_file id="fl-102">
         <path>C:\Users\sstut\ti\ccs1250\ccs\tools\compiler\ti-cgt-arm_20.2.7.LTS\lib\</path>
         <kind>archive</kind>
         <file>rtsv7M4_T_le_eabi.lib</file>
         <name>s_frexp.c.obj</name>
      </input_file>
      <input_file id="fl-103">
         <path>C:\Users\sstut\ti\ccs1250\ccs\tools\compiler\ti-cgt-arm_20.2.7.LTS\lib\</path>
         <kind>archive</kind>
         <file>rtsv7M4_T_le_eabi.lib</file>
         <name>s_scalbn.c.obj</name>
      </input_file>
      <input_file id="fl-104">
         <path>C:\Users\sstut\ti\ccs1250\ccs\tools\compiler\ti-cgt-arm_20.2.7.LTS\lib\</path>
         <kind>archive</kind>
         <file>rtsv7M4_T_le_eabi.lib</file>
         <name>s_copysign.c.obj</name>
      </input_file>
   </input_file_list>
   <object_component_list>
      <object_component id="oc-3a2">
         <name>.text:__TI_printfi</name>
         <load_address>0x2000c040</load_address>
         <run_address>0x2000c040</run_address>
         <size>0xa4e</size>
         <input_file_ref idref="fl-eb"/>
      </object_component>
      <object_component id="oc-1d9">
         <name>.text:Board_initHook</name>
         <load_address>0x2000ca8e</load_address>
         <run_address>0x2000ca8e</run_address>
         <size>0x2</size>
         <input_file_ref idref="fl-3"/>
      </object_component>
      <object_component id="oc-1cd">
         <name>.text:PRCMCC3200MCUInit</name>
         <load_address>0x2000ca90</load_address>
         <run_address>0x2000ca90</run_address>
         <size>0x42c</size>
         <input_file_ref idref="fl-25"/>
      </object_component>
      <object_component id="oc-7af">
         <name>.text:UARTCC32XX_open</name>
         <load_address>0x2000cebc</load_address>
         <run_address>0x2000cebc</run_address>
         <size>0x288</size>
         <input_file_ref idref="fl-16"/>
      </object_component>
      <object_component id="oc-52c">
         <name>.text:_pconv_a</name>
         <load_address>0x2000d144</load_address>
         <run_address>0x2000d144</run_address>
         <size>0x268</size>
         <input_file_ref idref="fl-eb"/>
      </object_component>
      <object_component id="oc-205">
         <name>.text:initI2C</name>
         <load_address>0x2000d3ac</load_address>
         <run_address>0x2000d3ac</run_address>
         <size>0x250</size>
         <input_file_ref idref="fl-2"/>
      </object_component>
      <object_component id="oc-1e7">
         <name>.text:GPIO_setConfig</name>
         <load_address>0x2000d5fc</load_address>
         <run_address>0x2000d5fc</run_address>
         <size>0x1e4</size>
         <input_file_ref idref="fl-11"/>
      </object_component>
      <object_component id="oc-51a">
         <name>.text:_pconv_g</name>
         <load_address>0x2000d7e0</load_address>
         <run_address>0x2000d7e0</run_address>
         <size>0x1cc</size>
         <input_file_ref idref="fl-eb"/>
      </object_component>
      <object_component id="oc-6d3">
         <name>.text</name>
         <load_address>0x2000d9ac</load_address>
         <run_address>0x2000d9ac</run_address>
         <size>0x1b6</size>
         <input_file_ref idref="fl-ed"/>
      </object_component>
      <object_component id="oc-352">
         <name>.text:I2C_init</name>
         <load_address>0x2000db62</load_address>
         <run_address>0x2000db62</run_address>
         <size>0x2</size>
         <input_file_ref idref="fl-e"/>
      </object_component>
      <object_component id="oc-40b">
         <name>.text:PowerCC32XX_sleepPolicy</name>
         <load_address>0x2000db64</load_address>
         <run_address>0x2000db64</run_address>
         <size>0x19c</size>
         <input_file_ref idref="fl-1d"/>
      </object_component>
      <object_component id="oc-15f">
         <name>.text:mainThread</name>
         <load_address>0x2000dd00</load_address>
         <run_address>0x2000dd00</run_address>
         <size>0x174</size>
         <input_file_ref idref="fl-2"/>
      </object_component>
      <object_component id="oc-4d9">
         <name>.text:I2CCC32XX_hwiFxn</name>
         <load_address>0x2000de74</load_address>
         <run_address>0x2000de74</run_address>
         <size>0x148</size>
         <input_file_ref idref="fl-12"/>
      </object_component>
      <object_component id="oc-744">
         <name>.text:parkPins</name>
         <load_address>0x2000dfbc</load_address>
         <run_address>0x2000dfbc</run_address>
         <size>0x148</size>
         <input_file_ref idref="fl-13"/>
      </object_component>
      <object_component id="oc-526">
         <name>.text:_pconv_e</name>
         <load_address>0x2000e104</load_address>
         <run_address>0x2000e104</run_address>
         <size>0x13c</size>
         <input_file_ref idref="fl-eb"/>
      </object_component>
      <object_component id="oc-5a8">
         <name>.text:Power_sleep</name>
         <load_address>0x2000e240</load_address>
         <run_address>0x2000e240</run_address>
         <size>0x138</size>
         <input_file_ref idref="fl-13"/>
      </object_component>
      <object_component id="oc-6b9">
         <name>.text</name>
         <load_address>0x2000e378</load_address>
         <run_address>0x2000e378</run_address>
         <size>0x136</size>
         <input_file_ref idref="fl-ef"/>
      </object_component>
      <object_component id="oc-405">
         <name>.text:PowerCC32XX_initPolicy</name>
         <load_address>0x2000e4ae</load_address>
         <run_address>0x2000e4ae</run_address>
         <size>0x2</size>
         <input_file_ref idref="fl-1d"/>
      </object_component>
      <object_component id="oc-84c">
         <name>.text:TimerCC32XX_open</name>
         <load_address>0x2000e4b0</load_address>
         <run_address>0x2000e4b0</run_address>
         <size>0x128</size>
         <input_file_ref idref="fl-15"/>
      </object_component>
      <object_component id="oc-4e7">
         <name>.text:I2C_transferTimeout</name>
         <load_address>0x2000e5d8</load_address>
         <run_address>0x2000e5d8</run_address>
         <size>0x122</size>
         <input_file_ref idref="fl-e"/>
      </object_component>
      <object_component id="oc-846">
         <name>.text:TimerCC32XX_init</name>
         <load_address>0x2000e6fa</load_address>
         <run_address>0x2000e6fa</run_address>
         <size>0x2</size>
         <input_file_ref idref="fl-15"/>
      </object_component>
      <object_component id="oc-79d">
         <name>.text:UARTCC32XX_close</name>
         <load_address>0x2000e6fc</load_address>
         <run_address>0x2000e6fc</run_address>
         <size>0x120</size>
         <input_file_ref idref="fl-16"/>
      </object_component>
      <object_component id="oc-6e5">
         <name>.text:fcvt</name>
         <load_address>0x2000e81c</load_address>
         <run_address>0x2000e81c</run_address>
         <size>0x120</size>
         <input_file_ref idref="fl-eb"/>
      </object_component>
      <object_component id="oc-211">
         <name>.text:readTemp</name>
         <load_address>0x2000e93c</load_address>
         <run_address>0x2000e93c</run_address>
         <size>0x120</size>
         <input_file_ref idref="fl-2"/>
      </object_component>
      <object_component id="oc-607">
         <name>.text:aligned_alloc</name>
         <load_address>0x2000ea5c</load_address>
         <run_address>0x2000ea5c</run_address>
         <size>0x100</size>
         <input_file_ref idref="fl-e9"/>
      </object_component>
      <object_component id="oc-35e">
         <name>.text:I2C_open</name>
         <load_address>0x2000eb5c</load_address>
         <run_address>0x2000eb5c</run_address>
         <size>0xfc</size>
         <input_file_ref idref="fl-12"/>
      </object_component>
      <object_component id="oc-6b4">
         <name>.text</name>
         <load_address>0x2000ec58</load_address>
         <run_address>0x2000ec58</run_address>
         <size>0xfc</size>
         <input_file_ref idref="fl-f0"/>
      </object_component>
      <object_component id="oc-7a3">
         <name>.text:UARTCC32XX_control</name>
         <load_address>0x2000ed54</load_address>
         <run_address>0x2000ed54</run_address>
         <size>0xf2</size>
         <input_file_ref idref="fl-16"/>
      </object_component>
      <object_component id="oc-7a9">
         <name>.text:UARTCC32XX_init</name>
         <load_address>0x2000ee46</load_address>
         <run_address>0x2000ee46</run_address>
         <size>0x2</size>
         <input_file_ref idref="fl-16"/>
      </object_component>
      <object_component id="oc-427">
         <name>.text:free</name>
         <load_address>0x2000ee48</load_address>
         <run_address>0x2000ee48</run_address>
         <size>0xe4</size>
         <input_file_ref idref="fl-e9"/>
      </object_component>
      <object_component id="oc-6f9">
         <name>.text:scalbn</name>
         <load_address>0x2000ef2c</load_address>
         <run_address>0x2000ef2c</run_address>
         <size>0xd0</size>
         <input_file_ref idref="fl-103"/>
      </object_component>
      <object_component id="oc-7c7">
         <name>.text:UARTCC32XX_write</name>
         <load_address>0x2000effc</load_address>
         <run_address>0x2000effc</run_address>
         <size>0xca</size>
         <input_file_ref idref="fl-16"/>
      </object_component>
      <object_component id="oc-3cd">
         <name>.text:_nop</name>
         <load_address>0x2000f0c6</load_address>
         <run_address>0x2000f0c6</run_address>
         <size>0x2</size>
         <input_file_ref idref="fl-f8"/>
      </object_component>
      <object_component id="oc-1e1">
         <name>.text:GPIO_init</name>
         <load_address>0x2000f0c8</load_address>
         <run_address>0x2000f0c8</run_address>
         <size>0xc4</size>
         <input_file_ref idref="fl-11"/>
      </object_component>
      <object_component id="oc-761">
         <name>.text:restoreParkedPins</name>
         <load_address>0x2000f18c</load_address>
         <run_address>0x2000f18c</run_address>
         <size>0xc0</size>
         <input_file_ref idref="fl-13"/>
      </object_component>
      <object_component id="oc-7bb">
         <name>.text:UARTCC32XX_readPolling</name>
         <load_address>0x2000f24c</load_address>
         <run_address>0x2000f24c</run_address>
         <size>0xba</size>
         <input_file_ref idref="fl-16"/>
      </object_component>
      <object_component id="oc-73">
         <name>.text:busFaultHandler</name>
         <load_address>0x2000f306</load_address>
         <run_address>0x2000f306</run_address>
         <size>0x2</size>
         <input_file_ref idref="fl-1e"/>
      </object_component>
      <object_component id="oc-943">
         <name>.text:initHw</name>
         <load_address>0x2000f308</load_address>
         <run_address>0x2000f308</run_address>
         <size>0xb8</size>
         <input_file_ref idref="fl-16"/>
      </object_component>
      <object_component id="oc-a44">
         <name>.text:readTaskCallback</name>
         <load_address>0x2000f3c0</load_address>
         <run_address>0x2000f3c0</run_address>
         <size>0xb6</size>
         <input_file_ref idref="fl-16"/>
      </object_component>
      <object_component id="oc-668">
         <name>.text:I2CCC32XX_completeTransfer</name>
         <load_address>0x2000f476</load_address>
         <run_address>0x2000f476</run_address>
         <size>0xb2</size>
         <input_file_ref idref="fl-12"/>
      </object_component>
      <object_component id="oc-50f">
         <name>.text:_ltostr</name>
         <load_address>0x2000f528</load_address>
         <run_address>0x2000f528</run_address>
         <size>0xb1</size>
         <input_file_ref idref="fl-eb"/>
      </object_component>
      <object_component id="oc-a32">
         <name>.text:readTaskBlocking</name>
         <load_address>0x2000f5da</load_address>
         <run_address>0x2000f5da</run_address>
         <size>0xb0</size>
         <input_file_ref idref="fl-16"/>
      </object_component>
      <object_component id="oc-a38">
         <name>.text:readIsrTextBlocking</name>
         <load_address>0x2000f68a</load_address>
         <run_address>0x2000f68a</run_address>
         <size>0xae</size>
         <input_file_ref idref="fl-16"/>
      </object_component>
      <object_component id="oc-656">
         <name>.text:I2CCC32XX_primeWriteBurst</name>
         <load_address>0x2000f738</load_address>
         <run_address>0x2000f738</run_address>
         <size>0xa8</size>
         <input_file_ref idref="fl-12"/>
      </object_component>
      <object_component id="oc-b5">
         <name>.text:IntEnable</name>
         <load_address>0x2000f7e0</load_address>
         <run_address>0x2000f7e0</run_address>
         <size>0xa8</size>
         <input_file_ref idref="fl-23"/>
      </object_component>
      <object_component id="oc-2b8">
         <name>.text:PowerCC32XX_configureWakeup</name>
         <load_address>0x2000f888</load_address>
         <run_address>0x2000f888</run_address>
         <size>0xa8</size>
         <input_file_ref idref="fl-13"/>
      </object_component>
      <object_component id="oc-a4a">
         <name>.text:readIsrTextCallback</name>
         <load_address>0x2000f930</load_address>
         <run_address>0x2000f930</run_address>
         <size>0xa2</size>
         <input_file_ref idref="fl-16"/>
      </object_component>
      <object_component id="oc-97a">
         <name>.text:writeData</name>
         <load_address>0x2000f9d2</load_address>
         <run_address>0x2000f9d2</run_address>
         <size>0xa2</size>
         <input_file_ref idref="fl-16"/>
      </object_component>
      <object_component id="oc-2de">
         <name>.text:SemaphoreP_pend</name>
         <load_address>0x2000fa74</load_address>
         <run_address>0x2000fa74</run_address>
         <size>0xa0</size>
         <input_file_ref idref="fl-1a"/>
      </object_component>
      <object_component id="oc-4c7">
         <name>.text:I2CCC32XX_initHw</name>
         <load_address>0x2000fb14</load_address>
         <run_address>0x2000fb14</run_address>
         <size>0x9c</size>
         <input_file_ref idref="fl-12"/>
      </object_component>
      <object_component id="oc-3b">
         <name>.text</name>
         <load_address>0x2000fbb0</load_address>
         <run_address>0x2000fbb0</run_address>
         <size>0x9c</size>
         <input_file_ref idref="fl-e4"/>
      </object_component>
      <object_component id="oc-2fa">
         <name>.text:powerNotifyFxn</name>
         <load_address>0x2000fc4c</load_address>
         <run_address>0x2000fc4c</run_address>
         <size>0x98</size>
         <input_file_ref idref="fl-11"/>
      </object_component>
      <object_component id="oc-5a3">
         <name>.text</name>
         <load_address>0x2000fce4</load_address>
         <run_address>0x2000fce4</run_address>
         <size>0x96</size>
         <input_file_ref idref="fl-e5"/>
      </object_component>
      <object_component id="oc-44c">
         <name>.text:clkFxn</name>
         <load_address>0x2000fd7a</load_address>
         <run_address>0x2000fd7a</run_address>
         <size>0x2</size>
         <input_file_ref idref="fl-1a"/>
      </object_component>
      <object_component id="oc-755">
         <name>.text:restoreNVICRegs</name>
         <load_address>0x2000fd7c</load_address>
         <run_address>0x2000fd7c</run_address>
         <size>0x90</size>
         <input_file_ref idref="fl-13"/>
      </object_component>
      <object_component id="oc-488">
         <name>.text:HwiP_construct</name>
         <load_address>0x2000fe0c</load_address>
         <run_address>0x2000fe0c</run_address>
         <size>0x8c</size>
         <input_file_ref idref="fl-1c"/>
      </object_component>
      <object_component id="oc-8eb">
         <name>.text:IntPendSet</name>
         <load_address>0x2000fe98</load_address>
         <run_address>0x2000fe98</run_address>
         <size>0x88</size>
         <input_file_ref idref="fl-23"/>
      </object_component>
      <object_component id="oc-304">
         <name>.text:PinConfigSet</name>
         <load_address>0x2000ff20</load_address>
         <run_address>0x2000ff20</run_address>
         <size>0x88</size>
         <input_file_ref idref="fl-24"/>
      </object_component>
      <object_component id="oc-852">
         <name>.text:TimerCC32XX_setPeriod</name>
         <load_address>0x2000ffa8</load_address>
         <run_address>0x2000ffa8</run_address>
         <size>0x88</size>
         <input_file_ref idref="fl-15"/>
      </object_component>
      <object_component id="oc-515">
         <name>.text:__aeabi_cdcmple</name>
         <load_address>0x20010030</load_address>
         <run_address>0x20010030</run_address>
         <size>0x86</size>
         <input_file_ref idref="fl-ee"/>
      </object_component>
      <object_component id="oc-6be">
         <name>.text:__aeabi_cdrcmple</name>
         <load_address>0x200100b6</load_address>
         <run_address>0x200100b6</run_address>
         <size>0x86</size>
         <input_file_ref idref="fl-ee"/>
      </object_component>
      <object_component id="oc-1d3">
         <name>.text:Power_init</name>
         <load_address>0x2001013c</load_address>
         <run_address>0x2001013c</run_address>
         <size>0x84</size>
         <input_file_ref idref="fl-13"/>
      </object_component>
      <object_component id="oc-74a">
         <name>.text:saveNVICRegs</name>
         <load_address>0x200101c0</load_address>
         <run_address>0x200101c0</run_address>
         <size>0x84</size>
         <input_file_ref idref="fl-13"/>
      </object_component>
      <object_component id="oc-30a">
         <name>.text:Power_setDependency</name>
         <load_address>0x20010244</load_address>
         <run_address>0x20010244</run_address>
         <size>0x80</size>
         <input_file_ref idref="fl-13"/>
      </object_component>
      <object_component id="oc-a2c">
         <name>.text:readIsrBinaryBlocking</name>
         <load_address>0x200102c4</load_address>
         <run_address>0x200102c4</run_address>
         <size>0x7c</size>
         <input_file_ref idref="fl-16"/>
      </object_component>
      <object_component id="oc-650">
         <name>.text:I2CCC32XX_primeReadBurst</name>
         <load_address>0x20010340</load_address>
         <run_address>0x20010340</run_address>
         <size>0x7a</size>
         <input_file_ref idref="fl-12"/>
      </object_component>
      <object_component id="oc-397">
         <name>.text</name>
         <load_address>0x200103ba</load_address>
         <run_address>0x200103ba</run_address>
         <size>0x7a</size>
         <input_file_ref idref="fl-e0"/>
      </object_component>
      <object_component id="oc-9d">
         <name>.text</name>
         <load_address>0x20010434</load_address>
         <run_address>0x20010434</run_address>
         <size>0x7a</size>
         <input_file_ref idref="fl-f3"/>
      </object_component>
      <object_component id="oc-6d">
         <name>.text:defaultHandler</name>
         <load_address>0x200104ae</load_address>
         <run_address>0x200104ae</run_address>
         <size>0x2</size>
         <input_file_ref idref="fl-1e"/>
      </object_component>
      <object_component id="oc-32e">
         <name>.text:GPIO_hwiIntFxn</name>
         <load_address>0x200104b0</load_address>
         <run_address>0x200104b0</run_address>
         <size>0x78</size>
         <input_file_ref idref="fl-11"/>
      </object_component>
      <object_component id="oc-858">
         <name>.text:TimerCC32XX_start</name>
         <load_address>0x20010528</load_address>
         <run_address>0x20010528</run_address>
         <size>0x78</size>
         <input_file_ref idref="fl-15"/>
      </object_component>
      <object_component id="oc-a3e">
         <name>.text:readIsrBinaryCallback</name>
         <load_address>0x200105a0</load_address>
         <run_address>0x200105a0</run_address>
         <size>0x78</size>
         <input_file_ref idref="fl-16"/>
      </object_component>
      <object_component id="oc-952">
         <name>.text:UARTCC32XX_hwiIntFxn</name>
         <load_address>0x20010618</load_address>
         <run_address>0x20010618</run_address>
         <size>0x74</size>
         <input_file_ref idref="fl-16"/>
      </object_component>
      <object_component id="oc-791">
         <name>.text:split</name>
         <load_address>0x2001068c</load_address>
         <run_address>0x2001068c</run_address>
         <size>0x70</size>
         <input_file_ref idref="fl-e9"/>
      </object_component>
      <object_component id="oc-6de">
         <name>.text:_mcpy</name>
         <load_address>0x200106fc</load_address>
         <run_address>0x200106fc</run_address>
         <size>0x6e</size>
         <input_file_ref idref="fl-eb"/>
      </object_component>
      <object_component id="oc-683">
         <name>.text:I2CSupport_primeTransfer</name>
         <load_address>0x2001076a</load_address>
         <run_address>0x2001076a</run_address>
         <size>0x6a</size>
         <input_file_ref idref="fl-12"/>
      </object_component>
      <object_component id="oc-14">
         <name>.text:decompress:lzss:__TI_decompress_lzss</name>
         <load_address>0x200107d4</load_address>
         <run_address>0x200107d4</run_address>
         <size>0x68</size>
         <input_file_ref idref="fl-e8"/>
      </object_component>
      <object_component id="oc-7d3">
         <name>.text:UARTCC32XX_writeCancel</name>
         <load_address>0x2001083c</load_address>
         <run_address>0x2001083c</run_address>
         <size>0x66</size>
         <input_file_ref idref="fl-16"/>
      </object_component>
      <object_component id="oc-67">
         <name>.text:faultISR</name>
         <load_address>0x200108a2</load_address>
         <run_address>0x200108a2</run_address>
         <size>0x2</size>
         <input_file_ref idref="fl-1e"/>
      </object_component>
      <object_component id="oc-476">
         <name>.text:PowerCC32XX_setParkState</name>
         <load_address>0x200108a4</load_address>
         <run_address>0x200108a4</run_address>
         <size>0x64</size>
         <input_file_ref idref="fl-13"/>
      </object_component>
      <object_component id="oc-7cd">
         <name>.text:UARTCC32XX_writePolling</name>
         <load_address>0x20010908</load_address>
         <run_address>0x20010908</run_address>
         <size>0x62</size>
         <input_file_ref idref="fl-16"/>
      </object_component>
      <object_component id="oc-61">
         <name>.text:nmiISR</name>
         <load_address>0x2001096a</load_address>
         <run_address>0x2001096a</run_address>
         <size>0x2</size>
         <input_file_ref idref="fl-1e"/>
      </object_component>
      <object_component id="oc-286">
         <name>.text:PRCMSysResetCauseGet</name>
         <load_address>0x2001096c</load_address>
         <run_address>0x2001096c</run_address>
         <size>0x60</size>
         <input_file_ref idref="fl-25"/>
      </object_component>
      <object_component id="oc-1f3">
         <name>.text:GPIO_setCallback</name>
         <load_address>0x200109cc</load_address>
         <run_address>0x200109cc</run_address>
         <size>0x5c</size>
         <input_file_ref idref="fl-11"/>
      </object_component>
      <object_component id="oc-6f3">
         <name>.text:frexp</name>
         <load_address>0x20010a28</load_address>
         <run_address>0x20010a28</run_address>
         <size>0x5c</size>
         <input_file_ref idref="fl-102"/>
      </object_component>
      <object_component id="oc-8ab">
         <name>.text:sysTickInit</name>
         <load_address>0x20010a84</load_address>
         <run_address>0x20010a84</run_address>
         <size>0x5c</size>
         <input_file_ref idref="fl-1b"/>
      </object_component>
      <object_component id="oc-1ed">
         <name>.text:GPIO_write</name>
         <load_address>0x20010ae0</load_address>
         <run_address>0x20010ae0</run_address>
         <size>0x58</size>
         <input_file_ref idref="fl-11"/>
      </object_component>
      <object_component id="oc-29f">
         <name>.text:PRCMPeripheralReset</name>
         <load_address>0x20010b38</load_address>
         <run_address>0x20010b38</run_address>
         <size>0x58</size>
         <input_file_ref idref="fl-25"/>
      </object_component>
      <object_component id="oc-90a">
         <name>.text:Power_releaseDependency</name>
         <load_address>0x20010b90</load_address>
         <run_address>0x20010b90</run_address>
         <size>0x58</size>
         <input_file_ref idref="fl-13"/>
      </object_component>
      <object_component id="oc-85e">
         <name>.text:TimerCC32XX_stop</name>
         <load_address>0x20010be8</load_address>
         <run_address>0x20010be8</run_address>
         <size>0x56</size>
         <input_file_ref idref="fl-15"/>
      </object_component>
      <object_component id="oc-520">
         <name>.text:_pconv_f</name>
         <load_address>0x20010c3e</load_address>
         <run_address>0x20010c3e</run_address>
         <size>0x56</size>
         <input_file_ref idref="fl-eb"/>
      </object_component>
      <object_component id="oc-6c8">
         <name>.text:__TI_ltoa</name>
         <load_address>0x20010c94</load_address>
         <run_address>0x20010c94</run_address>
         <size>0x54</size>
         <input_file_ref idref="fl-f9"/>
      </object_component>
      <object_component id="oc-20b">
         <name>.text:initTimer</name>
         <load_address>0x20010ce8</load_address>
         <run_address>0x20010ce8</run_address>
         <size>0x54</size>
         <input_file_ref idref="fl-2"/>
      </object_component>
      <object_component id="oc-aa9">
         <name>.text:ringBufGet</name>
         <load_address>0x20010d3c</load_address>
         <run_address>0x20010d3c</run_address>
         <size>0x54</size>
         <input_file_ref idref="fl-16"/>
      </object_component>
      <object_component id="oc-8c8">
         <name>.text:PowerCC32XX_resumeLPDS</name>
         <load_address>0x20010d90</load_address>
         <run_address>0x20010d90</run_address>
         <size>0x52</size>
         <input_file_ref idref="fl-14"/>
      </object_component>
      <object_component id="oc-6d8">
         <name>.text:_ecpy</name>
         <load_address>0x20010de2</load_address>
         <run_address>0x20010de2</run_address>
         <size>0x52</size>
         <input_file_ref idref="fl-eb"/>
      </object_component>
      <object_component id="oc-9a9">
         <name>.text:initHw</name>
         <load_address>0x20010e34</load_address>
         <run_address>0x20010e34</run_address>
         <size>0x52</size>
         <input_file_ref idref="fl-15"/>
      </object_component>
      <object_component id="oc-738">
         <name>.text</name>
         <load_address>0x20010e86</load_address>
         <run_address>0x20010e86</run_address>
         <size>0x2</size>
         <input_file_ref idref="fl-ec"/>
      </object_component>
      <object_component id="oc-79">
         <name>.text:ClockP_sysTickHandler</name>
         <load_address>0x20010e88</load_address>
         <run_address>0x20010e88</run_address>
         <size>0x50</size>
         <input_file_ref idref="fl-1b"/>
      </object_component>
      <object_component id="oc-5c9">
         <name>.text:SemaphoreP_construct</name>
         <load_address>0x20010ed8</load_address>
         <run_address>0x20010ed8</run_address>
         <size>0x50</size>
         <input_file_ref idref="fl-1a"/>
      </object_component>
      <object_component id="oc-99d">
         <name>.text:TimerCC32XX_allocateTimerResource</name>
         <load_address>0x20010f28</load_address>
         <run_address>0x20010f28</run_address>
         <size>0x50</size>
         <input_file_ref idref="fl-15"/>
      </object_component>
      <object_component id="oc-1f9">
         <name>.text:GPIO_enableInt</name>
         <load_address>0x20010f78</load_address>
         <run_address>0x20010f78</run_address>
         <size>0x4c</size>
         <input_file_ref idref="fl-11"/>
      </object_component>
      <object_component id="oc-644">
         <name>.text:I2CCC32XX_readRecieveFifo</name>
         <load_address>0x20010fc4</load_address>
         <run_address>0x20010fc4</run_address>
         <size>0x4c</size>
         <input_file_ref idref="fl-12"/>
      </object_component>
      <object_component id="oc-8bf">
         <name>.text:PowerCC32XX_parkPin</name>
         <load_address>0x20011010</load_address>
         <run_address>0x20011010</run_address>
         <size>0x4c</size>
         <input_file_ref idref="fl-13"/>
      </object_component>
      <object_component id="oc-509">
         <name>.text:atoi</name>
         <load_address>0x2001105c</load_address>
         <run_address>0x2001105c</run_address>
         <size>0x4c</size>
         <input_file_ref idref="fl-fb"/>
      </object_component>
      <object_component id="oc-75b">
         <name>.text:restorePeriphClocks</name>
         <load_address>0x200110a8</load_address>
         <run_address>0x200110a8</run_address>
         <size>0x4c</size>
         <input_file_ref idref="fl-13"/>
      </object_component>
      <object_component id="oc-217">
         <name>.text:snprintf</name>
         <load_address>0x200110f4</load_address>
         <run_address>0x200110f4</run_address>
         <size>0x4c</size>
         <input_file_ref idref="fl-df"/>
      </object_component>
      <object_component id="oc-8e3">
         <name>.text:FlashDisable</name>
         <load_address>0x20011140</load_address>
         <run_address>0x20011140</run_address>
         <size>0x48</size>
         <input_file_ref idref="fl-29"/>
      </object_component>
      <object_component id="oc-767">
         <name>.text:PRCMLPDSEnter</name>
         <load_address>0x20011188</load_address>
         <run_address>0x20011188</run_address>
         <size>0x48</size>
         <input_file_ref idref="fl-25"/>
      </object_component>
      <object_component id="oc-299">
         <name>.text:PRCMPeripheralClkEnable</name>
         <load_address>0x200111d0</load_address>
         <run_address>0x200111d0</run_address>
         <size>0x48</size>
         <input_file_ref idref="fl-25"/>
      </object_component>
      <object_component id="oc-809">
         <name>.text:Power_releaseConstraint</name>
         <load_address>0x20011218</load_address>
         <run_address>0x20011218</run_address>
         <size>0x48</size>
         <input_file_ref idref="fl-13"/>
      </object_component>
      <object_component id="oc-6c3">
         <name>.text</name>
         <load_address>0x20011260</load_address>
         <run_address>0x20011260</run_address>
         <size>0x48</size>
         <input_file_ref idref="fl-f1"/>
      </object_component>
      <object_component id="oc-a96">
         <name>.text:RingBuf_put</name>
         <load_address>0x200112a8</load_address>
         <run_address>0x200112a8</run_address>
         <size>0x46</size>
         <input_file_ref idref="fl-18"/>
      </object_component>
      <object_component id="oc-9a3">
         <name>.text:getPrescaler</name>
         <load_address>0x200112ee</load_address>
         <run_address>0x200112ee</run_address>
         <size>0x46</size>
         <input_file_ref idref="fl-15"/>
      </object_component>
      <object_component id="oc-5f1">
         <name>.text:ClockP_stop</name>
         <load_address>0x20011334</load_address>
         <run_address>0x20011334</run_address>
         <size>0x44</size>
         <input_file_ref idref="fl-1b"/>
      </object_component>
      <object_component id="oc-8cd">
         <name>.text:PRCMLPDSRestoreInfoSet</name>
         <load_address>0x20011378</load_address>
         <run_address>0x20011378</run_address>
         <size>0x44</size>
         <input_file_ref idref="fl-25"/>
      </object_component>
      <object_component id="oc-750">
         <name>.text:PowerCC32XX_enterLPDS</name>
         <load_address>0x200113bc</load_address>
         <run_address>0x200113bc</run_address>
         <size>0x44</size>
         <input_file_ref idref="fl-14"/>
      </object_component>
      <object_component id="oc-2ea">
         <name>.text:SemaphoreP_post</name>
         <load_address>0x20011400</load_address>
         <run_address>0x20011400</run_address>
         <size>0x44</size>
         <input_file_ref idref="fl-1a"/>
      </object_component>
      <object_component id="oc-5b9">
         <name>.text:SwiP_restore</name>
         <load_address>0x20011444</load_address>
         <run_address>0x20011444</run_address>
         <size>0x44</size>
         <input_file_ref idref="fl-1f"/>
      </object_component>
      <object_component id="oc-372">
         <name>.text:Timer_init</name>
         <load_address>0x20011488</load_address>
         <run_address>0x20011488</run_address>
         <size>0x44</size>
         <input_file_ref idref="fl-f"/>
      </object_component>
      <object_component id="oc-33f">
         <name>.text:UART_init</name>
         <load_address>0x200114cc</load_address>
         <run_address>0x200114cc</run_address>
         <size>0x44</size>
         <input_file_ref idref="fl-10"/>
      </object_component>
      <object_component id="oc-172">
         <name>.text:__TI_auto_init_nobinit_nopinit:__TI_auto_init_nobinit_nopinit</name>
         <load_address>0x20011510</load_address>
         <run_address>0x20011510</run_address>
         <size>0x44</size>
         <input_file_ref idref="fl-f4"/>
      </object_component>
      <object_component id="oc-1ff">
         <name>.text:initUART</name>
         <load_address>0x20011554</load_address>
         <run_address>0x20011554</run_address>
         <size>0x44</size>
         <input_file_ref idref="fl-2"/>
      </object_component>
      <object_component id="oc-a1b">
         <name>.text:ClockP_construct</name>
         <load_address>0x20011598</load_address>
         <run_address>0x20011598</run_address>
         <size>0x40</size>
         <input_file_ref idref="fl-1b"/>
      </object_component>
      <object_component id="oc-2b1">
         <name>.text:PinModeSet</name>
         <load_address>0x200115d8</load_address>
         <run_address>0x200115d8</run_address>
         <size>0x40</size>
         <input_file_ref idref="fl-24"/>
      </object_component>
      <object_component id="oc-96c">
         <name>.text:RingBuf_get</name>
         <load_address>0x20011618</load_address>
         <run_address>0x20011618</run_address>
         <size>0x40</size>
         <input_file_ref idref="fl-18"/>
      </object_component>
      <object_component id="oc-37e">
         <name>.text:Timer_open</name>
         <load_address>0x20011658</load_address>
         <run_address>0x20011658</run_address>
         <size>0x40</size>
         <input_file_ref idref="fl-f"/>
      </object_component>
      <object_component id="oc-7b5">
         <name>.text:UARTCC32XX_read</name>
         <load_address>0x20011698</load_address>
         <run_address>0x20011698</run_address>
         <size>0x40</size>
         <input_file_ref idref="fl-16"/>
      </object_component>
      <object_component id="oc-34b">
         <name>.text:UART_open</name>
         <load_address>0x200116d8</load_address>
         <run_address>0x200116d8</run_address>
         <size>0x40</size>
         <input_file_ref idref="fl-10"/>
      </object_component>
      <object_component id="oc-6eb">
         <name>.text:_fcpy</name>
         <load_address>0x20011718</load_address>
         <run_address>0x20011718</run_address>
         <size>0x3e</size>
         <input_file_ref idref="fl-eb"/>
      </object_component>
      <object_component id="oc-446">
         <name>.text:ClockP_destruct</name>
         <load_address>0x20011758</load_address>
         <run_address>0x20011758</run_address>
         <size>0x3c</size>
         <input_file_ref idref="fl-1b"/>
      </object_component>
      <object_component id="oc-810">
         <name>.text:Power_setConstraint</name>
         <load_address>0x20011794</load_address>
         <run_address>0x20011794</run_address>
         <size>0x3c</size>
         <input_file_ref idref="fl-13"/>
      </object_component>
      <object_component id="oc-834">
         <name>.text:TimerCC32XX_close</name>
         <load_address>0x200117d0</load_address>
         <run_address>0x200117d0</run_address>
         <size>0x3a</size>
         <input_file_ref idref="fl-15"/>
      </object_component>
      <object_component id="oc-59d">
         <name>.text:getCountsRTC</name>
         <load_address>0x2001180a</load_address>
         <run_address>0x2001180a</run_address>
         <size>0x3a</size>
         <input_file_ref idref="fl-1d"/>
      </object_component>
      <object_component id="oc-76d">
         <name>.text:PRCMLPDSEnterKeepDebugIf</name>
         <load_address>0x20011844</load_address>
         <run_address>0x20011844</run_address>
         <size>0x38</size>
         <input_file_ref idref="fl-25"/>
      </object_component>
      <object_component id="oc-9b5">
         <name>.text:TimerCC32XX_hwiIntFunction</name>
         <load_address>0x2001187c</load_address>
         <run_address>0x2001187c</run_address>
         <size>0x38</size>
         <input_file_ref idref="fl-15"/>
      </object_component>
      <object_component id="oc-db">
         <name>.text:addToList</name>
         <load_address>0x200118b4</load_address>
         <run_address>0x200118b4</run_address>
         <size>0x38</size>
         <input_file_ref idref="fl-1b"/>
      </object_component>
      <object_component id="oc-59">
         <name>.text:initVectors</name>
         <load_address>0x200118ec</load_address>
         <run_address>0x200118ec</run_address>
         <size>0x38</size>
         <input_file_ref idref="fl-1e"/>
      </object_component>
      <object_component id="oc-73e">
         <name>.text:notify</name>
         <load_address>0x20011924</load_address>
         <run_address>0x20011924</run_address>
         <size>0x38</size>
         <input_file_ref idref="fl-13"/>
      </object_component>
      <object_component id="oc-39c">
         <name>.text</name>
         <load_address>0x2001195c</load_address>
         <run_address>0x2001195c</run_address>
         <size>0x38</size>
         <input_file_ref idref="fl-e1"/>
      </object_component>
      <object_component id="oc-392">
         <name>.text</name>
         <load_address>0x20011994</load_address>
         <run_address>0x20011994</run_address>
         <size>0x38</size>
         <input_file_ref idref="fl-e2"/>
      </object_component>
      <object_component id="oc-a74">
         <name>.text:TimerControlStall</name>
         <load_address>0x200119cc</load_address>
         <run_address>0x200119cc</run_address>
         <size>0x36</size>
         <input_file_ref idref="fl-26"/>
      </object_component>
      <object_component id="oc-7c1">
         <name>.text:UARTCC32XX_readCancel</name>
         <load_address>0x20011a02</load_address>
         <run_address>0x20011a02</run_address>
         <size>0x36</size>
         <input_file_ref idref="fl-16"/>
      </object_component>
      <object_component id="oc-58b">
         <name>.text:ClockP_getTicksUntilInterrupt</name>
         <load_address>0x20011a38</load_address>
         <run_address>0x20011a38</run_address>
         <size>0x34</size>
         <input_file_ref idref="fl-1b"/>
      </object_component>
      <object_component id="oc-72f">
         <name>.text:ClockP_startup</name>
         <load_address>0x20011a6c</load_address>
         <run_address>0x20011a6c</run_address>
         <size>0x34</size>
         <input_file_ref idref="fl-1b"/>
      </object_component>
      <object_component id="oc-2ab">
         <name>.text:PinModeGet</name>
         <load_address>0x20011aa0</load_address>
         <run_address>0x20011aa0</run_address>
         <size>0x34</size>
         <input_file_ref idref="fl-24"/>
      </object_component>
      <object_component id="oc-910">
         <name>.text:PowerCC32XX_restoreParkState</name>
         <load_address>0x20011ad4</load_address>
         <run_address>0x20011ad4</run_address>
         <size>0x34</size>
         <input_file_ref idref="fl-13"/>
      </object_component>
      <object_component id="oc-993">
         <name>.text:TimerCC32XX_freeTimerResource</name>
         <load_address>0x20011b08</load_address>
         <run_address>0x20011b08</run_address>
         <size>0x34</size>
         <input_file_ref idref="fl-15"/>
      </object_component>
      <object_component id="oc-a68">
         <name>.text:getPowerMgrId</name>
         <load_address>0x20011b3c</load_address>
         <run_address>0x20011b3c</run_address>
         <size>0x34</size>
         <input_file_ref idref="fl-15"/>
      </object_component>
      <object_component id="oc-434">
         <name>.text:ClockP_start</name>
         <load_address>0x20011b70</load_address>
         <run_address>0x20011b70</run_address>
         <size>0x30</size>
         <input_file_ref idref="fl-1b"/>
      </object_component>
      <object_component id="oc-8dc">
         <name>.text:PowerCC32XX_restoreParkedPin</name>
         <load_address>0x20011ba0</load_address>
         <run_address>0x20011ba0</run_address>
         <size>0x30</size>
         <input_file_ref idref="fl-13"/>
      </object_component>
      <object_component id="oc-3a8">
         <name>.text:_outs</name>
         <load_address>0x20011bd0</load_address>
         <run_address>0x20011bd0</run_address>
         <size>0x30</size>
         <input_file_ref idref="fl-df"/>
      </object_component>
      <object_component id="oc-6ce">
         <name>.text</name>
         <load_address>0x20011c00</load_address>
         <run_address>0x20011c00</run_address>
         <size>0x2e</size>
         <input_file_ref idref="fl-f2"/>
      </object_component>
      <object_component id="oc-931">
         <name>.text:PowerCC32XX_getParkState</name>
         <load_address>0x20011c30</load_address>
         <run_address>0x20011c30</run_address>
         <size>0x2c</size>
         <input_file_ref idref="fl-13"/>
      </object_component>
      <object_component id="oc-316">
         <name>.text:HwiP_create</name>
         <load_address>0x20011c5c</load_address>
         <run_address>0x20011c5c</run_address>
         <size>0x2a</size>
         <input_file_ref idref="fl-1c"/>
      </object_component>
      <object_component id="oc-9c2">
         <name>.text:TimerLoadSet</name>
         <load_address>0x20011c86</load_address>
         <run_address>0x20011c86</run_address>
         <size>0x2a</size>
         <input_file_ref idref="fl-26"/>
      </object_component>
      <object_component id="oc-9bc">
         <name>.text:TimerPrescaleSet</name>
         <load_address>0x20011cb0</load_address>
         <run_address>0x20011cb0</run_address>
         <size>0x2a</size>
         <input_file_ref idref="fl-26"/>
      </object_component>
      <object_component id="oc-65c">
         <name>.text:I2CFIFODataPutNonBlocking</name>
         <load_address>0x20011cda</load_address>
         <run_address>0x20011cda</run_address>
         <size>0x28</size>
         <input_file_ref idref="fl-22"/>
      </object_component>
      <object_component id="oc-2a5">
         <name>.text:PRCMPeripheralClkDisable</name>
         <load_address>0x20011d04</load_address>
         <run_address>0x20011d04</run_address>
         <size>0x28</size>
         <input_file_ref idref="fl-25"/>
      </object_component>
      <object_component id="oc-2e4">
         <name>.text:Power_registerNotify</name>
         <load_address>0x20011d2c</load_address>
         <run_address>0x20011d2c</run_address>
         <size>0x28</size>
         <input_file_ref idref="fl-13"/>
      </object_component>
      <object_component id="oc-5e9">
         <name>.text:free_list_insert</name>
         <load_address>0x20011d54</load_address>
         <run_address>0x20011d54</run_address>
         <size>0x28</size>
         <input_file_ref idref="fl-e9"/>
      </object_component>
      <object_component id="oc-7e5">
         <name>.text:I2CFIFODataGetNonBlocking</name>
         <load_address>0x20011d7c</load_address>
         <run_address>0x20011d7c</run_address>
         <size>0x26</size>
         <input_file_ref idref="fl-22"/>
      </object_component>
      <object_component id="oc-68f">
         <name>.text:I2C_cancel</name>
         <load_address>0x20011da2</load_address>
         <run_address>0x20011da2</run_address>
         <size>0x26</size>
         <input_file_ref idref="fl-e"/>
      </object_component>
      <object_component id="oc-456">
         <name>.text:List_put</name>
         <load_address>0x20011dc8</load_address>
         <run_address>0x20011dc8</run_address>
         <size>0x26</size>
         <input_file_ref idref="fl-17"/>
      </object_component>
      <object_component id="oc-a0b">
         <name>.text:List_remove</name>
         <load_address>0x20011dee</load_address>
         <run_address>0x20011dee</run_address>
         <size>0x26</size>
         <input_file_ref idref="fl-17"/>
      </object_component>
      <object_component id="oc-611">
         <name>.text:HwiP_dispatch</name>
         <load_address>0x20011e14</load_address>
         <run_address>0x20011e14</run_address>
         <size>0x24</size>
         <input_file_ref idref="fl-1c"/>
      </object_component>
      <object_component id="oc-92b">
         <name>.text:PowerCC32XX_reset</name>
         <load_address>0x20011e38</load_address>
         <run_address>0x20011e38</run_address>
         <size>0x24</size>
         <input_file_ref idref="fl-13"/>
      </object_component>
      <object_component id="oc-c5">
         <name>.text:_c_int00_noargs:_c_int00_noargs</name>
         <load_address>0x20011e5c</load_address>
         <run_address>0x20011e5c</run_address>
         <size>0x24</size>
         <input_file_ref idref="fl-ea"/>
      </object_component>
      <object_component id="oc-7ed">
         <name>.text:I2CMasterSlaveAddrSet</name>
         <load_address>0x20011e80</load_address>
         <run_address>0x20011e80</run_address>
         <size>0x22</size>
         <input_file_ref idref="fl-22"/>
      </object_component>
      <object_component id="oc-a03">
         <name>.text:HwiP_destruct</name>
         <load_address>0x20011ea2</load_address>
         <run_address>0x20011ea2</run_address>
         <size>0x20</size>
         <input_file_ref idref="fl-1c"/>
      </object_component>
      <object_component id="oc-904">
         <name>.text:Power_unregisterNotify</name>
         <load_address>0x20011ec4</load_address>
         <run_address>0x20011ec4</run_address>
         <size>0x20</size>
         <input_file_ref idref="fl-13"/>
      </object_component>
      <object_component id="oc-917">
         <name>.text:RingBuf_peek</name>
         <load_address>0x20011ee4</load_address>
         <run_address>0x20011ee4</run_address>
         <size>0x20</size>
         <input_file_ref idref="fl-18"/>
      </object_component>
      <object_component id="oc-925">
         <name>.text:getPowerMgrId</name>
         <load_address>0x20011f04</load_address>
         <run_address>0x20011f04</run_address>
         <size>0x20</size>
         <input_file_ref idref="fl-16"/>
      </object_component>
      <object_component id="oc-638">
         <name>.text:I2CMasterIntStatusEx</name>
         <load_address>0x20011f24</load_address>
         <run_address>0x20011f24</run_address>
         <size>0x1e</size>
         <input_file_ref idref="fl-22"/>
      </object_component>
      <object_component id="oc-4c1">
         <name>.text:SemaphoreP_constructBinary</name>
         <load_address>0x20011f42</load_address>
         <run_address>0x20011f42</run_address>
         <size>0x1e</size>
         <input_file_ref idref="fl-1a"/>
      </object_component>
      <object_component id="oc-9d6">
         <name>.text:TimerDisable</name>
         <load_address>0x20011f60</load_address>
         <run_address>0x20011f60</run_address>
         <size>0x1e</size>
         <input_file_ref idref="fl-26"/>
      </object_component>
      <object_component id="oc-9cf">
         <name>.text:TimerEnable</name>
         <load_address>0x20011f7e</load_address>
         <run_address>0x20011f7e</run_address>
         <size>0x1e</size>
         <input_file_ref idref="fl-26"/>
      </object_component>
      <object_component id="oc-8b9">
         <name>.text:PinToPadGet</name>
         <load_address>0x20011f9c</load_address>
         <run_address>0x20011f9c</run_address>
         <size>0x1c</size>
         <input_file_ref idref="fl-24"/>
      </object_component>
      <object_component id="oc-57f">
         <name>.text:SwiP_disable</name>
         <load_address>0x20011fb8</load_address>
         <run_address>0x20011fb8</run_address>
         <size>0x1c</size>
         <input_file_ref idref="fl-1f"/>
      </object_component>
      <object_component id="oc-47">
         <name>.text:decompress:ZI:__TI_zero_init_nomemset:__TI_zero_init_nomemset</name>
         <load_address>0x20011fd4</load_address>
         <run_address>0x20011fd4</run_address>
         <size>0x1c</size>
         <input_file_ref idref="fl-e6"/>
      </object_component>
      <object_component id="oc-5e3">
         <name>.text:free_list_remove</name>
         <load_address>0x20011ff0</load_address>
         <run_address>0x20011ff0</run_address>
         <size>0x1c</size>
         <input_file_ref idref="fl-e9"/>
      </object_component>
      <object_component id="oc-532">
         <name>.text:memccpy</name>
         <load_address>0x2001200c</load_address>
         <run_address>0x2001200c</run_address>
         <size>0x1c</size>
         <input_file_ref idref="fl-fd"/>
      </object_component>
      <object_component id="oc-93d">
         <name>.text:ClockP_create</name>
         <load_address>0x20012028</load_address>
         <run_address>0x20012028</run_address>
         <size>0x1a</size>
         <input_file_ref idref="fl-1b"/>
      </object_component>
      <object_component id="oc-2c6">
         <name>.text:SemaphoreP_createBinary</name>
         <load_address>0x20012042</load_address>
         <run_address>0x20012042</run_address>
         <size>0x1a</size>
         <input_file_ref idref="fl-1a"/>
      </object_component>
      <object_component id="oc-21">
         <name>.text:resetISR</name>
         <load_address>0x2001205c</load_address>
         <run_address>0x2001205c</run_address>
         <size>0x1a</size>
         <input_file_ref idref="fl-1e"/>
      </object_component>
      <object_component id="oc-824">
         <name>.text:I2CMasterBusBusy</name>
         <load_address>0x20012076</load_address>
         <run_address>0x20012076</run_address>
         <size>0x18</size>
         <input_file_ref idref="fl-22"/>
      </object_component>
      <object_component id="oc-64a">
         <name>.text:I2CMasterIntDisableEx</name>
         <load_address>0x2001208e</load_address>
         <run_address>0x2001208e</run_address>
         <size>0x18</size>
         <input_file_ref idref="fl-22"/>
      </object_component>
      <object_component id="oc-7ff">
         <name>.text:I2CMasterIntEnableEx</name>
         <load_address>0x200120a6</load_address>
         <run_address>0x200120a6</run_address>
         <size>0x18</size>
         <input_file_ref idref="fl-22"/>
      </object_component>
      <object_component id="oc-81e">
         <name>.text:I2CRxFIFOFlush</name>
         <load_address>0x200120be</load_address>
         <run_address>0x200120be</run_address>
         <size>0x18</size>
         <input_file_ref idref="fl-22"/>
      </object_component>
      <object_component id="oc-818">
         <name>.text:I2CTxFIFOFlush</name>
         <load_address>0x200120d6</load_address>
         <run_address>0x200120d6</run_address>
         <size>0x18</size>
         <input_file_ref idref="fl-22"/>
      </object_component>
      <object_component id="oc-591">
         <name>.text:Power_getTransitionLatency</name>
         <load_address>0x200120f0</load_address>
         <run_address>0x200120f0</run_address>
         <size>0x18</size>
         <input_file_ref idref="fl-13"/>
      </object_component>
      <object_component id="oc-780">
         <name>.text:Power_idleFunc</name>
         <load_address>0x20012108</load_address>
         <run_address>0x20012108</run_address>
         <size>0x18</size>
         <input_file_ref idref="fl-13"/>
      </object_component>
      <object_component id="oc-840">
         <name>.text:TimerCC32XX_getCount</name>
         <load_address>0x20012120</load_address>
         <run_address>0x20012120</run_address>
         <size>0x18</size>
         <input_file_ref idref="fl-15"/>
      </object_component>
      <object_component id="oc-9dc">
         <name>.text:TimerIntDisable</name>
         <load_address>0x20012138</load_address>
         <run_address>0x20012138</run_address>
         <size>0x18</size>
         <input_file_ref idref="fl-26"/>
      </object_component>
      <object_component id="oc-9c9">
         <name>.text:TimerIntEnable</name>
         <load_address>0x20012150</load_address>
         <run_address>0x20012150</run_address>
         <size>0x18</size>
         <input_file_ref idref="fl-26"/>
      </object_component>
      <object_component id="oc-974">
         <name>.text:UARTBusy</name>
         <load_address>0x20012168</load_address>
         <run_address>0x20012168</run_address>
         <size>0x18</size>
         <input_file_ref idref="fl-27"/>
      </object_component>
      <object_component id="oc-a5f">
         <name>.text:UARTIntEnable</name>
         <load_address>0x20012180</load_address>
         <run_address>0x20012180</run_address>
         <size>0x18</size>
         <input_file_ref idref="fl-27"/>
      </object_component>
      <object_component id="oc-345">
         <name>.text:UART_Params_init</name>
         <load_address>0x20012198</load_address>
         <run_address>0x20012198</run_address>
         <size>0x18</size>
         <input_file_ref idref="fl-10"/>
      </object_component>
      <object_component id="oc-3ae">
         <name>.text:_outc</name>
         <load_address>0x200121b0</load_address>
         <run_address>0x200121b0</run_address>
         <size>0x18</size>
         <input_file_ref idref="fl-df"/>
      </object_component>
      <object_component id="oc-223">
         <name>.text:gpioButtonFxn0</name>
         <load_address>0x200121c8</load_address>
         <run_address>0x200121c8</run_address>
         <size>0x18</size>
         <input_file_ref idref="fl-2"/>
      </object_component>
      <object_component id="oc-229">
         <name>.text:gpioButtonFxn1</name>
         <load_address>0x200121e0</load_address>
         <run_address>0x200121e0</run_address>
         <size>0x18</size>
         <input_file_ref idref="fl-2"/>
      </object_component>
      <object_component id="oc-5ae">
         <name>.text</name>
         <load_address>0x200121f8</load_address>
         <run_address>0x200121f8</run_address>
         <size>0x18</size>
         <input_file_ref idref="fl-e3"/>
      </object_component>
      <object_component id="oc-38a">
         <name>.text:timerCallback</name>
         <load_address>0x20012210</load_address>
         <run_address>0x20012210</run_address>
         <size>0x18</size>
         <input_file_ref idref="fl-2"/>
      </object_component>
      <object_component id="oc-7f9">
         <name>.text:I2CMasterBurstLengthSet</name>
         <load_address>0x20012228</load_address>
         <run_address>0x20012228</run_address>
         <size>0x16</size>
         <input_file_ref idref="fl-22"/>
      </object_component>
      <object_component id="oc-293">
         <name>.text:PRCMHIBRegRead</name>
         <load_address>0x2001223e</load_address>
         <run_address>0x2001223e</run_address>
         <size>0x16</size>
         <input_file_ref idref="fl-25"/>
      </object_component>
      <object_component id="oc-28d">
         <name>.text:PRCMHIBRegWrite</name>
         <load_address>0x20012254</load_address>
         <run_address>0x20012254</run_address>
         <size>0x16</size>
         <input_file_ref idref="fl-25"/>
      </object_component>
      <object_component id="oc-41c">
         <name>.text:SemaphoreP_create</name>
         <load_address>0x2001226a</load_address>
         <run_address>0x2001226a</run_address>
         <size>0x16</size>
         <input_file_ref idref="fl-1a"/>
      </object_component>
      <object_component id="oc-6ff">
         <name>.text:strchr</name>
         <load_address>0x20012280</load_address>
         <run_address>0x20012280</run_address>
         <size>0x16</size>
         <input_file_ref idref="fl-fe"/>
      </object_component>
      <object_component id="oc-a3">
         <name>.text:CPUcpsid</name>
         <load_address>0x20012296</load_address>
         <run_address>0x20012296</run_address>
         <size>0x14</size>
         <input_file_ref idref="fl-21"/>
      </object_component>
      <object_component id="oc-45d">
         <name>.text:HwiP_inISR</name>
         <load_address>0x200122ac</load_address>
         <run_address>0x200122ac</run_address>
         <size>0x14</size>
         <input_file_ref idref="fl-1c"/>
      </object_component>
      <object_component id="oc-82c">
         <name>.text:I2CSupport_masterFinish</name>
         <load_address>0x200122c0</load_address>
         <run_address>0x200122c0</run_address>
         <size>0x14</size>
         <input_file_ref idref="fl-12"/>
      </object_component>
      <object_component id="oc-364">
         <name>.text:I2C_transfer</name>
         <load_address>0x200122d4</load_address>
         <run_address>0x200122d4</run_address>
         <size>0x14</size>
         <input_file_ref idref="fl-e"/>
      </object_component>
      <object_component id="oc-af">
         <name>.text:IntVTableBaseSet</name>
         <load_address>0x200122e8</load_address>
         <run_address>0x200122e8</run_address>
         <size>0x14</size>
         <input_file_ref idref="fl-23"/>
      </object_component>
      <object_component id="oc-463">
         <name>.text:Power_disablePolicy</name>
         <load_address>0x200122fc</load_address>
         <run_address>0x200122fc</run_address>
         <size>0x14</size>
         <input_file_ref idref="fl-13"/>
      </object_component>
      <object_component id="oc-8d5">
         <name>.text:Power_getDependencyCount</name>
         <load_address>0x20012310</load_address>
         <run_address>0x20012310</run_address>
         <size>0x14</size>
         <input_file_ref idref="fl-13"/>
      </object_component>
      <object_component id="oc-a59">
         <name>.text:releasePowerConstraint</name>
         <load_address>0x20012324</load_address>
         <run_address>0x20012324</run_address>
         <size>0x14</size>
         <input_file_ref idref="fl-16"/>
      </object_component>
      <object_component id="oc-503">
         <name>.text:strlen</name>
         <load_address>0x20012338</load_address>
         <run_address>0x20012338</run_address>
         <size>0x14</size>
         <input_file_ref idref="fl-ff"/>
      </object_component>
      <object_component id="oc-310">
         <name>.text:HwiP_Params_init</name>
         <load_address>0x2001234c</load_address>
         <run_address>0x2001234c</run_address>
         <size>0x12</size>
         <input_file_ref idref="fl-1c"/>
      </object_component>
      <object_component id="oc-63e">
         <name>.text:I2CMasterIntClearEx</name>
         <load_address>0x2001235e</load_address>
         <run_address>0x2001235e</run_address>
         <size>0x12</size>
         <input_file_ref idref="fl-22"/>
      </object_component>
      <object_component id="oc-91f">
         <name>.text:RingBuf_construct</name>
         <load_address>0x20012370</load_address>
         <run_address>0x20012370</run_address>
         <size>0x12</size>
         <input_file_ref idref="fl-18"/>
      </object_component>
      <object_component id="oc-a7c">
         <name>.text:TimerIntClear</name>
         <load_address>0x20012382</load_address>
         <run_address>0x20012382</run_address>
         <size>0x12</size>
         <input_file_ref idref="fl-26"/>
      </object_component>
      <object_component id="oc-11a">
         <name>.text:main</name>
         <load_address>0x20012394</load_address>
         <run_address>0x20012394</run_address>
         <size>0x12</size>
         <input_file_ref idref="fl-4"/>
      </object_component>
      <object_component id="oc-538">
[...]
      <symbol id="sm-b04">
         <name>HwiP_disableInterrupt</name>
         <value>0x200124b5</value>
         <object_component_ref idref="oc-67d"/>
      </symbol>
      <symbol id="sm-b34">
         <name>PowerCC32XX_initPolicy</name>
         <value>0x2000e4af</value>
         <object_component_ref idref="oc-405"/>
      </symbol>
      <symbol id="sm-b35">
         <name>PowerCC32XX_sleepPolicy</name>
         <value>0x2000db65</value>
         <object_component_ref idref="oc-40b"/>
      </symbol>
      <symbol id="sm-b8a">
         <name>resetISR</name>
         <value>0x2001205d</value>
         <object_component_ref idref="oc-21"/>
      </symbol>
      <symbol id="sm-b8b">
         <name>resetVectorAddr</name>
         <value>0x20012070</value>
         <object_component_ref idref="oc-21"/>
      </symbol>
      <symbol id="sm-b8c">
         <name>initVectors</name>
         <value>0x200118ed</value>
         <object_component_ref idref="oc-59"/>
      </symbol>
      <symbol id="sm-b8d">
         <name>resetVectors</name>
         <value>0x20004000</value>
         <object_component_ref idref="oc-27"/>
      </symbol>
      <symbol id="sm-bbd">
         <name>SwiP_disable</name>
         <value>0x20011fb9</value>
         <object_component_ref idref="oc-57f"/>
      </symbol>
      <symbol id="sm-bbe">
         <name>SwiP_restore</name>
         <value>0x20011445</value>
         <object_component_ref idref="oc-5b9"/>
      </symbol>
      <symbol id="sm-bc9">
         <name>CPUcpsid</name>
         <value>0x20012297</value>
         <object_component_ref idref="oc-a3"/>
      </symbol>
      <symbol id="sm-c36">
         <name>I2CRxFIFOFlush</name>
         <value>0x200120bf</value>
         <object_component_ref idref="oc-81e"/>
      </symbol>
      <symbol id="sm-c37">
         <name>I2CTxFIFOFlush</name>
         <value>0x200120d7</value>
         <object_component_ref idref="oc-818"/>
      </symbol>
      <symbol id="sm-c38">
         <name>I2CFIFODataPutNonBlocking</name>
         <value>0x20011cdb</value>
         <object_component_ref idref="oc-65c"/>
      </symbol>
      <symbol id="sm-c39">
         <name>I2CMasterBusBusy</name>
         <value>0x20012077</value>
         <object_component_ref idref="oc-824"/>
      </symbol>
      <symbol id="sm-c3a">
         <name>I2CMasterIntDisableEx</name>
         <value>0x2001208f</value>
         <object_component_ref idref="oc-64a"/>
      </symbol>
      <symbol id="sm-c3b">
         <name>I2CMasterBurstLengthSet</name>
         <value>0x20012229</value>
         <object_component_ref idref="oc-7f9"/>
      </symbol>
      <symbol id="sm-c3c">
         <name>I2CMasterIntClearEx</name>
         <value>0x2001235f</value>
         <object_component_ref idref="oc-63e"/>
      </symbol>
      <symbol id="sm-c3d">
         <name>I2CMasterSlaveAddrSet</name>
         <value>0x20011e81</value>
         <object_component_ref idref="oc-7ed"/>
      </symbol>
      <symbol id="sm-c3e">
         <name>I2CMasterIntEnableEx</name>
         <value>0x200120a7</value>
         <object_component_ref idref="oc-7ff"/>
      </symbol>
      <symbol id="sm-c3f">
         <name>I2CFIFOStatus</name>
         <value>0x20012439</value>
         <object_component_ref idref="oc-662"/>
      </symbol>
      <symbol id="sm-c40">
         <name>I2CMasterIntStatusEx</name>
         <value>0x20011f25</value>
         <object_component_ref idref="oc-638"/>
      </symbol>
      <symbol id="sm-c41">
         <name>I2CFIFODataGetNonBlocking</name>
         <value>0x20011d7d</value>
         <object_component_ref idref="oc-7e5"/>
      </symbol>
      <symbol id="sm-c86">
         <name>IntVTableBaseSet</name>
         <value>0x200122e9</value>
         <object_component_ref idref="oc-af"/>
      </symbol>
      <symbol id="sm-c87">
         <name>IntEnable</name>
         <value>0x2000f7e1</value>
         <object_component_ref idref="oc-b5"/>
      </symbol>
      <symbol id="sm-c88">
         <name>IntMasterDisable</name>
         <value>0x20012559</value>
         <object_component_ref idref="oc-53"/>
      </symbol>
      <symbol id="sm-c89">
         <name>IntPendSet</name>
         <value>0x2000fe99</value>
         <object_component_ref idref="oc-8eb"/>
      </symbol>
      <symbol id="sm-cc3">
         <name>PinModeGet</name>
         <value>0x20011aa1</value>
         <object_component_ref idref="oc-2ab"/>
      </symbol>
      <symbol id="sm-cc4">
         <name>PinConfigSet</name>
         <value>0x2000ff21</value>
         <object_component_ref idref="oc-304"/>
      </symbol>
      <symbol id="sm-cc5">
         <name>PinModeSet</name>
         <value>0x200115d9</value>
         <object_component_ref idref="oc-2b1"/>
      </symbol>
      <symbol id="sm-cc6">
         <name>PinToPadGet</name>
         <value>0x20011f9d</value>
         <object_component_ref idref="oc-8b9"/>
      </symbol>
      <symbol id="sm-d8f">
         <name>PRCMLPDSRestoreInfoSet</name>
         <value>0x20011379</value>
         <object_component_ref idref="oc-8cd"/>
      </symbol>
      <symbol id="sm-d90">
         <name>PRCMPeripheralReset</name>
         <value>0x20010b39</value>
         <object_component_ref idref="oc-29f"/>
      </symbol>
      <symbol id="sm-d91">
         <name>PRCMLPDSEnter</name>
         <value>0x20011189</value>
         <object_component_ref idref="oc-767"/>
      </symbol>
      <symbol id="sm-d92">
         <name>PRCMPeripheralClkEnable</name>
         <value>0x200111d1</value>
         <object_component_ref idref="oc-299"/>
      </symbol>
      <symbol id="sm-d93">
         <name>PRCMLPDSEnterKeepDebugIf</name>
         <value>0x20011845</value>
         <object_component_ref idref="oc-76d"/>
      </symbol>
      <symbol id="sm-d94">
         <name>PRCMCC3200MCUInit</name>
         <value>0x2000ca91</value>
         <object_component_ref idref="oc-1cd"/>
      </symbol>
      <symbol id="sm-d95">
         <name>PRCMHIBRegWrite</name>
         <value>0x20012255</value>
         <object_component_ref idref="oc-28d"/>
      </symbol>
      <symbol id="sm-d96">
         <name>PRCMSysResetCauseGet</name>
         <value>0x2001096d</value>
         <object_component_ref idref="oc-286"/>
      </symbol>
      <symbol id="sm-d97">
         <name>PRCMPeripheralClkDisable</name>
         <value>0x20011d05</value>
         <object_component_ref idref="oc-2a5"/>
      </symbol>
      <symbol id="sm-d98">
         <name>PRCMHIBRegRead</name>
         <value>0x2001223f</value>
         <object_component_ref idref="oc-293"/>
      </symbol>
      <symbol id="sm-de0">
         <name>TimerLoadSet</name>
         <value>0x20011c87</value>
         <object_component_ref idref="oc-9c2"/>
      </symbol>
      <symbol id="sm-de1">
         <name>TimerDisable</name>
         <value>0x20011f61</value>
         <object_component_ref idref="oc-9d6"/>
      </symbol>
      <symbol id="sm-de2">
         <name>TimerEnable</name>
         <value>0x20011f7f</value>
         <object_component_ref idref="oc-9cf"/>
      </symbol>
      <symbol id="sm-de3">
         <name>TimerIntDisable</name>
         <value>0x20012139</value>
         <object_component_ref idref="oc-9dc"/>
      </symbol>
      <symbol id="sm-de4">
         <name>TimerPrescaleSet</name>
         <value>0x20011cb1</value>
         <object_component_ref idref="oc-9bc"/>
      </symbol>
      <symbol id="sm-de5">
         <name>TimerControlStall</name>
         <value>0x200119cd</value>
         <object_component_ref idref="oc-a74"/>
      </symbol>
      <symbol id="sm-de6">
         <name>TimerIntEnable</name>
         <value>0x20012151</value>
         <object_component_ref idref="oc-9c9"/>
      </symbol>
      <symbol id="sm-de7">
         <name>TimerIntClear</name>
         <value>0x20012383</value>
         <object_component_ref idref="oc-a7c"/>
      </symbol>
      <symbol id="sm-dfb">
         <name>UARTBusy</name>
         <value>0x20012169</value>
         <object_component_ref idref="oc-974"/>
      </symbol>
      <symbol id="sm-dfc">
         <name>UARTIntEnable</name>
         <value>0x20012181</value>
         <object_component_ref idref="oc-a5f"/>
      </symbol>
      <symbol id="sm-e00">
         <name>UtilsDelay</name>
         <value>0x200125b3</value>
         <object_component_ref idref="oc-28c"/>
      </symbol>
      <symbol id="sm-e10">
         <name>FlashDisable</name>
         <value>0x20011141</value>
         <object_component_ref idref="oc-8e3"/>
      </symbol>
      <symbol id="sm-e3f">
         <name>snprintf</name>
         <value>0x200110f5</value>
         <object_component_ref idref="oc-217"/>
      </symbol>
      <symbol id="sm-e49">
         <name>__aeabi_fmul</name>
         <value>0x200103bb</value>
         <object_component_ref idref="oc-397"/>
      </symbol>
      <symbol id="sm-e53">
         <name>__aeabi_f2iz</name>
         <value>0x2001195d</value>
         <object_component_ref idref="oc-39c"/>
      </symbol>
      <symbol id="sm-e5e">
         <name>__aeabi_i2f</name>
         <value>0x20011995</value>
         <object_component_ref idref="oc-392"/>
      </symbol>
      <symbol id="sm-e67">
         <name>__aeabi_lmul</name>
         <value>0x200121f9</value>
         <object_component_ref idref="oc-5ae"/>
      </symbol>
      <symbol id="sm-e82">
         <name>memcpy</name>
         <value>0x2000fbb1</value>
         <object_component_ref idref="oc-3b"/>
      </symbol>
      <symbol id="sm-e83">
         <name>__aeabi_memcpy</name>
         <value>0x2000fbb1</value>
         <object_component_ref idref="oc-3b"/>
      </symbol>
      <symbol id="sm-e84">
         <name>__aeabi_memcpy8</name>
         <value>0x2000fbb1</value>
         <object_component_ref idref="oc-3b"/>
      </symbol>
      <symbol id="sm-e85">
         <name>__aeabi_memcpy4</name>
         <value>0x2000fbb1</value>
         <object_component_ref idref="oc-3b"/>
      </symbol>
      <symbol id="sm-e92">
         <name>__aeabi_uldivmod</name>
         <value>0x2000fce5</value>
         <object_component_ref idref="oc-5a3"/>
      </symbol>
      <symbol id="sm-ea6">
         <name>__TI_zero_init_nomemset</name>
         <value>0x20011fd5</value>
         <object_component_ref idref="oc-47"/>
      </symbol>
      <symbol id="sm-ebd">
         <name>__TI_decompress_none</name>
         <value>0x200124fb</value>
         <object_component_ref idref="oc-1a"/>
      </symbol>
      <symbol id="sm-ee0">
         <name>__TI_decompress_lzss</name>
         <value>0x200107d5</value>
         <object_component_ref idref="oc-14"/>
      </symbol>
      <symbol id="sm-f69">
         <name>_sys_memory</name>
         <value>0x20004040</value>
         <object_component_ref idref="oc-2a"/>
      </symbol>
      <symbol id="sm-f6a">
         <name>free</name>
         <value>0x2000ee49</value>
         <object_component_ref idref="oc-427"/>
      </symbol>
      <symbol id="sm-f6b">
         <name>memalign</name>
         <value>0x2000ea5d</value>
         <object_component_ref idref="oc-607"/>
      </symbol>
      <symbol id="sm-f6c">
         <name>malloc</name>
         <value>0x20012589</value>
         <object_component_ref idref="oc-482"/>
      </symbol>
      <symbol id="sm-f6d">
         <name>aligned_alloc</name>
         <value>0x2000ea5d</value>
         <object_component_ref idref="oc-607"/>
      </symbol>
      <symbol id="sm-f7f">
         <name>__stack</name>
         <value>0x20003000</value>
         <object_component_ref idref="oc-2d"/>
      </symbol>
      <symbol id="sm-f80">
         <name>_c_int00_noargs</name>
         <value>0x20011e5d</value>
         <object_component_ref idref="oc-c5"/>
      </symbol>
      <symbol id="sm-10e5">
         <name>__TI_printfi</name>
         <value>0x2000c041</value>
         <object_component_ref idref="oc-3a2"/>
      </symbol>
      <symbol id="sm-10ef">
         <name>__aeabi_idiv0</name>
         <value>0x20010e87</value>
         <object_component_ref idref="oc-738"/>
      </symbol>
      <symbol id="sm-10f0">
         <name>__aeabi_ldiv0</name>
         <value>0x20010e87</value>
         <object_component_ref idref="oc-738"/>
      </symbol>
      <symbol id="sm-1107">
         <name>__aeabi_dsub</name>
         <value>0x2000d9ad</value>
         <object_component_ref idref="oc-6d3"/>
      </symbol>
      <symbol id="sm-1108">
         <name>__aeabi_dadd</name>
         <value>0x2000d9b7</value>
         <object_component_ref idref="oc-6d3"/>
      </symbol>
      <symbol id="sm-112a">
         <name>__aeabi_cdcmpeq</name>
         <value>0x20010031</value>
         <object_component_ref idref="oc-515"/>
      </symbol>
      <symbol id="sm-112b">
         <name>__aeabi_cdcmple</name>
         <value>0x20010031</value>
         <object_component_ref idref="oc-515"/>
      </symbol>
      <symbol id="sm-112c">
         <name>__aeabi_cdrcmple</name>
         <value>0x200100b7</value>
         <object_component_ref idref="oc-6be"/>
      </symbol>
      <symbol id="sm-1140">
         <name>__aeabi_ddiv</name>
         <value>0x2000e379</value>
         <object_component_ref idref="oc-6b9"/>
      </symbol>
      <symbol id="sm-114b">
         <name>__aeabi_dmul</name>
         <value>0x2000ec59</value>
         <object_component_ref idref="oc-6b4"/>
      </symbol>
      <symbol id="sm-1155">
         <name>__aeabi_d2iz</name>
         <value>0x20011261</value>
         <object_component_ref idref="oc-6c3"/>
      </symbol>
      <symbol id="sm-115f">
         <name>__aeabi_i2d</name>
         <value>0x20011c01</value>
         <object_component_ref idref="oc-6ce"/>
      </symbol>
      <symbol id="sm-116e">
         <name>__aeabi_memset</name>
         <value>0x20010437</value>
         <object_component_ref idref="oc-9d"/>
      </symbol>
      <symbol id="sm-116f">
         <name>memset</name>
         <value>0x2001043d</value>
         <object_component_ref idref="oc-9d"/>
      </symbol>
      <symbol id="sm-1170">
         <name>__aeabi_memset8</name>
         <value>0x20010437</value>
         <object_component_ref idref="oc-9d"/>
      </symbol>
      <symbol id="sm-1171">
         <name>__aeabi_memset4</name>
         <value>0x20010437</value>
         <object_component_ref idref="oc-9d"/>
      </symbol>
      <symbol id="sm-1172">
         <name>__aeabi_memclr8</name>
         <value>0x20010435</value>
         <object_component_ref idref="oc-9d"/>
      </symbol>
      <symbol id="sm-1173">
         <name>__aeabi_memclr4</name>
         <value>0x20010435</value>
         <object_component_ref idref="oc-9d"/>
      </symbol>
      <symbol id="sm-1174">
         <name>__aeabi_memclr</name>
         <value>0x20010435</value>
         <object_component_ref idref="oc-9d"/>
      </symbol>
      <symbol id="sm-119c">
         <name>__TI_auto_init_nobinit_nopinit</name>
         <value>0x20011511</value>
         <object_component_ref idref="oc-172"/>
      </symbol>
      <symbol id="sm-11a6">
         <name>_system_pre_init</name>
         <value>0x200125c5</value>
         <object_component_ref idref="oc-114"/>
      </symbol>
      <symbol id="sm-11b2">
         <name>C$$EXIT</name>
         <value>0x200125c9</value>
         <object_component_ref idref="oc-166"/>
      </symbol>
      <symbol id="sm-11b3">
         <name>abort</name>
         <value>0x200125c9</value>
         <object_component_ref idref="oc-166"/>
      </symbol>
      <symbol id="sm-11c8">
         <name>_nop</name>
         <value>0x2000f0c7</value>
         <object_component_ref idref="oc-3cd"/>
      </symbol>
      <symbol id="sm-11c9">
         <name>_lock</name>
         <value>0x20012b6c</value>
         <object_component_ref idref="oc-239"/>
      </symbol>
      <symbol id="sm-11ca">
         <name>_unlock</name>
         <value>0x20012b70</value>
         <object_component_ref idref="oc-239"/>
      </symbol>
      <symbol id="sm-11d9">
         <name>__TI_ltoa</name>
         <value>0x20010c95</value>
         <object_component_ref idref="oc-6c8"/>
      </symbol>
      <symbol id="sm-11f0">
         <name>atoi</name>
         <value>0x2001105d</value>
         <object_component_ref idref="oc-509"/>
      </symbol>
      <symbol id="sm-11fb">
         <name>_ctypes_</name>
         <value>0x20012b98</value>
         <object_component_ref idref="oc-6ad"/>
      </symbol>
      <symbol id="sm-120b">
         <name>memccpy</name>
         <value>0x2001200d</value>
         <object_component_ref idref="oc-532"/>
      </symbol>
      <symbol id="sm-121b">
         <name>strchr</name>
         <value>0x20012281</value>
         <object_component_ref idref="oc-6ff"/>
      </symbol>
      <symbol id="sm-1229">
         <name>strlen</name>
         <value>0x20012339</value>
         <object_component_ref idref="oc-503"/>
      </symbol>
      <symbol id="sm-123f">
         <name>__aeabi_errno_addr</name>
         <value>0x20012581</value>
         <object_component_ref idref="oc-53e"/>
      </symbol>
      <symbol id="sm-1240">
         <name>errno</name>
         <value>0x20012b94</value>
         <object_component_ref idref="oc-70f"/>
      </symbol>
      <symbol id="sm-1259">
         <name>wcslen</name>
         <value>0x200123a7</value>
         <object_component_ref idref="oc-538"/>
      </symbol>
      <symbol id="sm-1279">
         <name>frexpl</name>
         <value>0x20010a29</value>
         <object_component_ref idref="oc-6f3"/>
      </symbol>
      <symbol id="sm-127a">
         <name>frexp</name>
         <value>0x20010a29</value>
         <object_component_ref idref="oc-6f3"/>
      </symbol>
      <symbol id="sm-1298">
         <name>scalbn</name>
         <value>0x2000ef2d</value>
         <object_component_ref idref="oc-6f9"/>
      </symbol>
      <symbol id="sm-1299">
         <name>scalbnl</name>
         <value>0x2000ef2d</value>
         <object_component_ref idref="oc-6f9"/>
      </symbol>
      <symbol id="sm-129a">
         <name>ldexpl</name>
         <value>0x2000ef2d</value>
         <object_component_ref idref="oc-6f9"/>
      </symbol>
      <symbol id="sm-129b">
         <name>ldexp</name>
         <value>0x2000ef2d</value>
         <object_component_ref idref="oc-6f9"/>
      </symbol>
      <symbol id="sm-12a5">
         <name>copysign</name>
         <value>0x20012521</value>
         <object_component_ref idref="oc-883"/>
      </symbol>
      <symbol id="sm-12a6">
         <name>copysignl</name>
         <value>0x20012521</value>
         <object_component_ref idref="oc-883"/>
      </symbol>
      <symbol id="sm-12a7">
         <name>__TI_static_base__</name>
         <value>0x20013490</value>
      </symbol>
      <symbol id="sm-12aa">
         <name>ITM_flush</name>
         <value>0x0</value>
      </symbol>
      <symbol id="sm-12ab">
         <name>ITM_restore</name>
         <value>0x0</value>
      </symbol>
      <symbol id="sm-12ac">
         <name>__mpu_init</name>
         <value>0x0</value>
      </symbol>
      <symbol id="sm-12ad">
         <name>_system_post_cinit</name>
         <value>0x0</value>
      </symbol>
      <symbol id="sm-12ae">
         <name>NoRTOS_start</name>
         <value>0x200124c3</value>
      </symbol>
   </symbol_table>
   <title>Link successful</title>
</link_info>
