******************************************************************************
                  TI ARM Linker PC v20.2.7                     
******************************************************************************
>> Linked Sun Feb  4 14:12:43 2024

OUTPUT FILE NAME:   <uartecho_CC3220S_LAUNCHXL_nortos_ccs.out>
ENTRY POINT SYMBOL: "resetISR"  address: 2000f2f9


MEMORY CONFIGURATION

         name            origin    length      used     unused   attr    fill
----------------------  --------  ---------  --------  --------  ----  --------
  SRAM2                 20000000   00004000  0000130c  00002cf4  RW X
  SRAM                  20004000   0003c000  0000c35a  0002fca6  RW X
  LOG_DATA              90000000   00040000  00000000  00040000  R   


SEGMENT ALLOCATION MAP

run origin  load origin   length   init length attrs members
----------  ----------- ---------- ----------- ----- -------
20003000    20003000    00001000   00000000    rw-
  20003000    20003000    00001000   00000000    rw- .stack
20004000    20004000    00000040   00000040    r--
  20004000    20004000    00000040   00000040    r-- .resetVecs
20004040    20004040    00008000   00000000    rw-
  20004040    20004040    00008000   00000000    rw- .sysmem
2000c040    2000c040    000035e4   000035e4    r-x
  2000c040    2000c040    000035e4   000035e4    r-x .text
2000f624    2000f624    000005b0   00000000    rw-
  2000f624    2000f624    000005b0   00000000    rw- .data
2000fbd4    2000fbd4    00000466   00000466    r--
  2000fbd4    2000fbd4    00000466   00000466    r-- .const
20010040    20010040    00000238   00000000    rw-
  20010040    20010040    00000238   00000000    rw- .bss
20010278    20010278    000000e8   000000e8    r--
  20010278    20010278    000000e8   000000e8    r-- .cinit


SECTION ALLOCATION MAP

 output                                  attributes/
section   page    origin      length       input sections
--------  ----  ----------  ----------   ----------------
.text      0    2000c040    000035e4     
                  2000c040    0000042c     driverlib.a : prcm.obj (.text:PRCMCC3200MCUInit)
                  2000c46c    00000288     drivers_cc32xx.a : UARTCC32XX.oem4 (.text:UARTCC32XX_open)
                  2000c6f4    000001e4                      : GPIOCC32XX.oem4 (.text:GPIO_setConfig)
                  2000c8d8    0000019c     nortos_cc32xx.a : PowerCC32XX_nortos.oem4 (.text:PowerCC32XX_sleepPolicy)
                  2000ca74    00000148     drivers_cc32xx.a : PowerCC32XX.oem4 (.text:parkPins)
                  2000cbbc    00000138                      : PowerCC32XX.oem4 (.text:Power_sleep)
                  2000ccf4    00000120                      : UARTCC32XX.oem4 (.text:UARTCC32XX_close)
                  2000ce14    00000100     rtsv7M4_T_le_eabi.lib : memory.c.obj (.text:aligned_alloc)
                  2000cf14    000000f4     uartecho.obj (.text:mainThread)
                  2000d008    000000f2     drivers_cc32xx.a : UARTCC32XX.oem4 (.text:UARTCC32XX_control)
                  2000d0fa    00000002     ti_drivers_config.obj (.text:Board_initHook)
                  2000d0fc    000000e4     rtsv7M4_T_le_eabi.lib : memory.c.obj (.text:free)
                  2000d1e0    000000ca     drivers_cc32xx.a : UARTCC32XX.oem4 (.text:UARTCC32XX_write)
                  2000d2aa    00000002     nortos_cc32xx.a : PowerCC32XX_nortos.oem4 (.text:PowerCC32XX_initPolicy)
                  2000d2ac    000000c4     drivers_cc32xx.a : GPIOCC32XX.oem4 (.text:GPIO_init)
                  2000d370    000000c0                      : PowerCC32XX.oem4 (.text:restoreParkedPins)
                  2000d430    000000ba                      : UARTCC32XX.oem4 (.text:UARTCC32XX_readPolling)
                  2000d4ea    00000002                      : UARTCC32XX.oem4 (.text:UARTCC32XX_init)
                  2000d4ec    000000b8                      : UARTCC32XX.oem4 (.text:initHw)
                  2000d5a4    000000b6                      : UARTCC32XX.oem4 (.text:readTaskCallback)
                  2000d65a    000000b0                      : UARTCC32XX.oem4 (.text:readTaskBlocking)
                  2000d70a    000000ae                      : UARTCC32XX.oem4 (.text:readIsrTextBlocking)
                  2000d7b8    000000a8     driverlib.a : interrupt.obj (.text:IntEnable)
                  2000d860    000000a8     drivers_cc32xx.a : PowerCC32XX.oem4 (.text:PowerCC32XX_configureWakeup)
                  2000d908    000000a2                      : UARTCC32XX.oem4 (.text:readIsrTextCallback)
                  2000d9aa    000000a2                      : UARTCC32XX.oem4 (.text:writeData)
                  2000da4c    000000a0     nortos_cc32xx.a : SemaphoreP_nortos.oem4 (.text:SemaphoreP_pend)
                  2000daec    0000009c     rtsv7M4_T_le_eabi.lib : memcpy_t2.asm.obj (.text)
                  2000db88    00000098     drivers_cc32xx.a : GPIOCC32XX.oem4 (.text:powerNotifyFxn)
                  2000dc20    00000096     rtsv7M4_T_le_eabi.lib : ull_div_t2.asm.obj (.text)
                  2000dcb6    00000002                           : _lock.c.obj (.text:_nop)
                  2000dcb8    00000090     drivers_cc32xx.a : PowerCC32XX.oem4 (.text:restoreNVICRegs)
                  2000dd48    0000008c     nortos_cc32xx.a : HwiPCC32XX_nortos.oem4 (.text:HwiP_construct)
                  2000ddd4    00000088     driverlib.a : interrupt.obj (.text:IntPendSet)
                  2000de5c    00000088                 : pin.obj (.text:PinConfigSet)
                  2000dee4    00000084     drivers_cc32xx.a : PowerCC32XX.oem4 (.text:Power_init)
                  2000df68    00000084                      : PowerCC32XX.oem4 (.text:saveNVICRegs)
                  2000dfec    00000080                      : PowerCC32XX.oem4 (.text:Power_setDependency)
                  2000e06c    0000007c                      : UARTCC32XX.oem4 (.text:readIsrBinaryBlocking)
                  2000e0e8    00000078                      : GPIOCC32XX.oem4 (.text:GPIO_hwiIntFxn)
                  2000e160    00000078                      : UARTCC32XX.oem4 (.text:readIsrBinaryCallback)
                  2000e1d8    00000074                      : UARTCC32XX.oem4 (.text:UARTCC32XX_hwiIntFxn)
                  2000e24c    00000070     rtsv7M4_T_le_eabi.lib : memory.c.obj (.text:split)
                  2000e2bc    00000068                           : copy_decompress_lzss.c.obj (.text:decompress:lzss:__TI_decompress_lzss)
                  2000e324    00000066     drivers_cc32xx.a : UARTCC32XX.oem4 (.text:UARTCC32XX_writeCancel)
                  2000e38a    00000002     nortos_cc32xx.a : startup_cc32xx_ccs.oem4 (.text:busFaultHandler)
                  2000e38c    00000064     drivers_cc32xx.a : PowerCC32XX.oem4 (.text:PowerCC32XX_setParkState)
                  2000e3f0    00000062                      : UARTCC32XX.oem4 (.text:UARTCC32XX_writePolling)
                  2000e452    00000002     nortos_cc32xx.a : SemaphoreP_nortos.oem4 (.text:clkFxn)
                  2000e454    00000060     driverlib.a : prcm.obj (.text:PRCMSysResetCauseGet)
                  2000e4b4    0000005c     drivers_cc32xx.a : GPIOCC32XX.oem4 (.text:GPIO_setCallback)
                  2000e510    0000005c     nortos_cc32xx.a : ClockPSysTick_nortos.oem4 (.text:sysTickInit)
                  2000e56c    00000058     drivers_cc32xx.a : GPIOCC32XX.oem4 (.text:GPIO_write)
                  2000e5c4    00000058     driverlib.a : prcm.obj (.text:PRCMPeripheralReset)
                  2000e61c    00000058     drivers_cc32xx.a : PowerCC32XX.oem4 (.text:Power_releaseDependency)
                  2000e674    00000054                      : UARTCC32XX.oem4 (.text:ringBufGet)
                  2000e6c8    00000052                      : PowerCC32XX_asm.oem4 (.text:PowerCC32XX_resumeLPDS)
                  2000e71a    00000002     nortos_cc32xx.a : startup_cc32xx_ccs.oem4 (.text:defaultHandler)
                  2000e71c    00000050                     : ClockPSysTick_nortos.oem4 (.text:ClockP_sysTickHandler)
                  2000e76c    00000050                     : SemaphoreP_nortos.oem4 (.text:SemaphoreP_construct)
                  2000e7bc    0000004c     drivers_cc32xx.a : GPIOCC32XX.oem4 (.text:GPIO_enableInt)
                  2000e808    0000004c                      : PowerCC32XX.oem4 (.text:PowerCC32XX_parkPin)
                  2000e854    0000004c                      : PowerCC32XX.oem4 (.text:restorePeriphClocks)
                  2000e8a0    00000048     driverlib.a : flash.obj (.text:FlashDisable)
                  2000e8e8    00000048                 : prcm.obj (.text:PRCMLPDSEnter)
                  2000e930    00000048                 : prcm.obj (.text:PRCMPeripheralClkEnable)
                  2000e978    00000048     drivers_cc32xx.a : PowerCC32XX.oem4 (.text:Power_releaseConstraint)
                  2000e9c0    00000046                      : RingBuf.oem4 (.text:RingBuf_put)
                  2000ea06    00000002     nortos_cc32xx.a : startup_cc32xx_ccs.oem4 (.text:faultISR)
                  2000ea08    00000044                     : ClockPSysTick_nortos.oem4 (.text:ClockP_stop)
                  2000ea4c    00000044     driverlib.a : prcm.obj (.text:PRCMLPDSRestoreInfoSet)
                  2000ea90    00000044     drivers_cc32xx.a : PowerCC32XX_asm.oem4 (.text:PowerCC32XX_enterLPDS)
                  2000ead4    00000044     nortos_cc32xx.a : SemaphoreP_nortos.oem4 (.text:SemaphoreP_post)
                  2000eb18    00000044                     : SwiP_nortos.oem4 (.text:SwiP_restore)
                  2000eb5c    00000044     drivers_cc32xx.a : UART.oem4 (.text:UART_init)
                  2000eba0    00000044     rtsv7M4_T_le_eabi.lib : autoinit.c.obj (.text:__TI_auto_init_nobinit_nopinit:__TI_auto_init_nobinit_nopinit)
                  2000ebe4    00000040     nortos_cc32xx.a : ClockPSysTick_nortos.oem4 (.text:ClockP_construct)
                  2000ec24    00000040     driverlib.a : pin.obj (.text:PinModeSet)
                  2000ec64    00000040     drivers_cc32xx.a : RingBuf.oem4 (.text:RingBuf_get)
                  2000eca4    00000040                      : UARTCC32XX.oem4 (.text:UARTCC32XX_read)
                  2000ece4    00000040                      : UART.oem4 (.text:UART_open)
                  2000ed24    0000003c     nortos_cc32xx.a : ClockPSysTick_nortos.oem4 (.text:ClockP_destruct)
                  2000ed60    0000003c     drivers_cc32xx.a : PowerCC32XX.oem4 (.text:Power_setConstraint)
                  2000ed9c    0000003a     nortos_cc32xx.a : PowerCC32XX_nortos.oem4 (.text:getCountsRTC)
                  2000edd6    00000002                     : startup_cc32xx_ccs.oem4 (.text:nmiISR)
                  2000edd8    00000038     driverlib.a : prcm.obj (.text:PRCMLPDSEnterKeepDebugIf)
                  2000ee10    00000038     nortos_cc32xx.a : ClockPSysTick_nortos.oem4 (.text:addToList)
                  2000ee48    00000038                     : startup_cc32xx_ccs.oem4 (.text:initVectors)
                  2000ee80    00000038     drivers_cc32xx.a : PowerCC32XX.oem4 (.text:notify)
                  2000eeb8    00000036                      : UARTCC32XX.oem4 (.text:UARTCC32XX_readCancel)
                  2000eeee    00000002     rtsv7M4_T_le_eabi.lib : div0.asm.obj (.text)
                  2000eef0    00000034     nortos_cc32xx.a : ClockPSysTick_nortos.oem4 (.text:ClockP_getTicksUntilInterrupt)
                  2000ef24    00000034                     : ClockPSysTick_nortos.oem4 (.text:ClockP_startup)
                  2000ef58    00000034     driverlib.a : pin.obj (.text:PinModeGet)
                  2000ef8c    00000034     drivers_cc32xx.a : PowerCC32XX.oem4 (.text:PowerCC32XX_restoreParkState)
                  2000efc0    00000030     nortos_cc32xx.a : ClockPSysTick_nortos.oem4 (.text:ClockP_start)
                  2000eff0    00000030     drivers_cc32xx.a : PowerCC32XX.oem4 (.text:PowerCC32XX_restoreParkedPin)
                  2000f020    0000002c                      : PowerCC32XX.oem4 (.text:PowerCC32XX_getParkState)
                  2000f04c    0000002c     uartecho.obj (.text:parseCommand)
                  2000f078    0000002a     nortos_cc32xx.a : HwiPCC32XX_nortos.oem4 (.text:HwiP_create)
                  2000f0a2    00000002     --HOLE-- [fill = 0]
                  2000f0a4    00000028     driverlib.a : prcm.obj (.text:PRCMPeripheralClkDisable)
                  2000f0cc    00000028     drivers_cc32xx.a : PowerCC32XX.oem4 (.text:Power_registerNotify)
                  2000f0f4    00000028     rtsv7M4_T_le_eabi.lib : memory.c.obj (.text:free_list_insert)
                  2000f11c    00000026     drivers_cc32xx.a : List.oem4 (.text:List_put)
                  2000f142    00000026                      : List.oem4 (.text:List_remove)
                  2000f168    00000024     nortos_cc32xx.a : HwiPCC32XX_nortos.oem4 (.text:HwiP_dispatch)
                  2000f18c    00000024     drivers_cc32xx.a : PowerCC32XX.oem4 (.text:PowerCC32XX_reset)
                  2000f1b0    00000024     rtsv7M4_T_le_eabi.lib : boot_cortex_m.c.obj (.text:_c_int00_noargs:_c_int00_noargs)
                  2000f1d4    00000020     nortos_cc32xx.a : HwiPCC32XX_nortos.oem4 (.text:HwiP_destruct)
                  2000f1f4    00000020     drivers_cc32xx.a : PowerCC32XX.oem4 (.text:Power_unregisterNotify)
                  2000f214    00000020                      : RingBuf.oem4 (.text:RingBuf_peek)
                  2000f234    00000020                      : UARTCC32XX.oem4 (.text:getPowerMgrId)
                  2000f254    0000001c     driverlib.a : pin.obj (.text:PinToPadGet)
                  2000f270    0000001c     nortos_cc32xx.a : SwiP_nortos.oem4 (.text:SwiP_disable)
                  2000f28c    0000001c     rtsv7M4_T_le_eabi.lib : copy_zero_init.c.obj (.text:decompress:ZI:__TI_zero_init_nomemset:__TI_zero_init_nomemset)
                  2000f2a8    0000001c                           : memory.c.obj (.text:free_list_remove)
                  2000f2c4    0000001a     nortos_cc32xx.a : ClockPSysTick_nortos.oem4 (.text:ClockP_create)
                  2000f2de    0000001a                     : SemaphoreP_nortos.oem4 (.text:SemaphoreP_createBinary)
                  2000f2f8    0000001a                     : startup_cc32xx_ccs.oem4 (.text:resetISR)
                  2000f312    00000002     --HOLE-- [fill = 0]
                  2000f314    00000018     drivers_cc32xx.a : PowerCC32XX.oem4 (.text:Power_getTransitionLatency)
                  2000f32c    00000018                      : PowerCC32XX.oem4 (.text:Power_idleFunc)
                  2000f344    00000018     driverlib.a : uart.obj (.text:UARTBusy)
                  2000f35c    00000018                 : uart.obj (.text:UARTIntEnable)
                  2000f374    00000018     drivers_cc32xx.a : UART.oem4 (.text:UART_Params_init)
                  2000f38c    00000018     rtsv7M4_T_le_eabi.lib : ll_mul_t2.asm.obj (.text)
                  2000f3a4    00000018                           : strcmp.c.obj (.text:strcmp)
                  2000f3bc    00000016     driverlib.a : prcm.obj (.text:PRCMHIBRegRead)
                  2000f3d2    00000016                 : prcm.obj (.text:PRCMHIBRegWrite)
                  2000f3e8    00000016     nortos_cc32xx.a : SemaphoreP_nortos.oem4 (.text:SemaphoreP_create)
                  2000f3fe    00000014     driverlib.a : cpu.obj (.text:CPUcpsid)
                  2000f412    00000002     --HOLE-- [fill = 0]
                  2000f414    00000014     nortos_cc32xx.a : HwiPCC32XX_nortos.oem4 (.text:HwiP_inISR)
                  2000f428    00000014     driverlib.a : interrupt.obj (.text:IntVTableBaseSet)
                  2000f43c    00000014     drivers_cc32xx.a : PowerCC32XX.oem4 (.text:Power_disablePolicy)
                  2000f450    00000014                      : PowerCC32XX.oem4 (.text:Power_getDependencyCount)
                  2000f464    00000014                      : UARTCC32XX.oem4 (.text:releasePowerConstraint)
                  2000f478    00000012     nortos_cc32xx.a : HwiPCC32XX_nortos.oem4 (.text:HwiP_Params_init)
                  2000f48a    00000012     drivers_cc32xx.a : RingBuf.oem4 (.text:RingBuf_construct)
                  2000f49c    00000012     main_nortos.obj (.text:main)
                  2000f4ae    00000010     ti_drivers_config.obj (.text:Board_init)
                  2000f4be    00000010     nortos_cc32xx.a : ClockPSysTick_nortos.oem4 (.text:ClockP_add)
                  2000f4ce    00000010                     : ClockPSysTick_nortos.oem4 (.text:ClockP_delete)
                  2000f4de    00000002     --HOLE-- [fill = 0]
                  2000f4e0    00000010                     : ClockPSysTick_nortos.oem4 (.text:ClockP_getCpuFreq)
                  2000f4f0    00000010                     : ClockPSysTick_nortos.oem4 (.text:ClockP_getSystemTicks)
                  2000f500    00000010                     : ClockPSysTick_nortos.oem4 (.text:ClockP_setTicks)
                  2000f510    00000010                     : HwiPCC32XX_nortos.oem4 (.text:HwiP_delete)
                  2000f520    00000010                     : HwiPCC32XX_nortos.oem4 (.text:HwiP_restore)
                  2000f530    00000010     drivers_cc32xx.a : PowerCC32XX.oem4 (.text:Power_enablePolicy)
                  2000f540    00000010     nortos_cc32xx.a : SemaphoreP_nortos.oem4 (.text:SemaphoreP_Params_init)
                  2000f550    00000010     drivers_cc32xx.a : UARTCC32XX.oem4 (.text:readBlockingTimeout)
                  2000f560    00000010     rtsv7M4_T_le_eabi.lib : tolower.c.obj (.text:tolower)
                  2000f570    0000000e     nortos_cc32xx.a : HwiPCC32XX_nortos.oem4 (.text:HwiP_disable)
                  2000f57e    0000000e                     : HwiPCC32XX_nortos.oem4 (.text:HwiP_enable)
                  2000f58c    0000000e     drivers_cc32xx.a : RingBuf.oem4 (.text:RingBuf_isFull)
                  2000f59a    0000000e     rtsv7M4_T_le_eabi.lib : copy_decompress_none.c.obj (.text:decompress:none:__TI_decompress_none)
                  2000f5a8    0000000c     drivers_cc32xx.a : PowerCC32XX.oem4 (.text:Power_getConstraintMask)
                  2000f5b4    0000000c                      : UARTCC32XX.oem4 (.text:postNotifyFxn)
                  2000f5c0    0000000a     nortos_cc32xx.a : ClockPSysTick_nortos.oem4 (.text:ClockP_Params_init)
                  2000f5ca    0000000a                     : ClockPSysTick_nortos.oem4 (.text:ClockP_isActive)
                  2000f5d4    0000000a     driverlib.a : interrupt.obj (.text:IntMasterDisable)
                  2000f5de    0000000a     drivers_cc32xx.a : UART.oem4 (.text:UART_read)
                  2000f5e8    0000000a                      : UART.oem4 (.text:UART_write)
                  2000f5f2    00000008     rtsv7M4_T_le_eabi.lib : memory.c.obj (.text:malloc)
                  2000f5fa    00000008     drivers_cc32xx.a : UARTCC32XX.oem4 (.text:readSemCallback)
                  2000f602    00000008                      : UARTCC32XX.oem4 (.text:writeSemCallback)
                  2000f60a    00000006     driverlib.a : utils.obj (.text:UtilsDelay)
                  2000f610    00000004     nortos_cc32xx.a : ClockPSysTick_nortos.oem4 (.text:ClockP_setTimeout)
                  2000f614    00000004                     : HwiPCC32XX_nortos.oem4 (.text:HwiP_post)
                  2000f618    00000004                     : SemaphoreP_nortos.oem4 (.text:SemaphoreP_delete)
                  2000f61c    00000004     rtsv7M4_T_le_eabi.lib : pre_init.c.obj (.text:_system_pre_init)
                  2000f620    00000004                           : exit.c.obj (.text:abort:abort)

.const     0    2000fbd4    00000466     
                  2000fbd4    00000101     rtsv7M4_T_le_eabi.lib : ctype.c.obj (.const:.string:_ctypes_)
                  2000fcd5    00000003     ti_drivers_config.obj (.const)
                  2000fcd8    00000100     driverlib.a : pin.obj (.const:g_ulPinToPadMap)
                  2000fdd8    000000a8                 : prcm.obj (.const:PRCM_PeriphRegsList)
                  2000fe80    00000044     ti_drivers_config.obj (.const:PowerCC32XX_config)
                  2000fec4    00000028     drivers_cc32xx.a : UARTCC32XX.oem4 (.const:UARTCC32XX_fxnTable)
                  2000feec    00000024                      : UART.oem4 (.const:UART_defaultParams)
                  2000ff10    00000024     ti_drivers_config.obj (.const:uartCC32XXHWAttrs0)
                  2000ff34    00000021     drivers_cc32xx.a : GPIOCC32XX.oem4 (.const:.string:pinTable)
                  2000ff55    00000003     --HOLE-- [fill = 0]
                  2000ff58    00000020                      : UARTCC32XX.oem4 (.const:staticFxnTable)
                  2000ff78    00000018     driverlib.a : interrupt.obj (.const:g_pulEnRegs)
                  2000ff90    00000018                 : interrupt.obj (.const:g_pulPendRegs)
                  2000ffa8    00000014     ti_drivers_config.obj (.const:GPIOCC32XX_config)
                  2000ffbc    00000014     drivers_cc32xx.a : GPIOCC32XX.oem4 (.const:gpioBaseAddresses)
                  2000ffd0    00000014                      : UARTCC32XX.oem4 (.const:parityType)
                  2000ffe4    00000014                      : GPIOCC32XX.oem4 (.const:powerResources)
                  2000fff8    00000010                      : UARTCC32XX.oem4 (.const:dataLength)
                  20010008    0000000c     ti_drivers_config.obj (.const:UART_config)
                  20010014    00000008     drivers_cc32xx.a : GPIOCC32XX.oem4 (.const:outPinTypes)
                  2001001c    00000008                      : UARTCC32XX.oem4 (.const:stopBits)
                  20010024    00000006                      : GPIOCC32XX.oem4 (.const:.string:interruptType)
                  2001002a    00000006                      : GPIOCC32XX.oem4 (.const:inPinTypes)
                  20010030    00000006                      : GPIOCC32XX.oem4 (.const:outPinStrengths)
                  20010036    00000004                      : GPIOCC32XX.oem4 (.const:.string:portInterruptIds)

.cinit     0    20010278    000000e8     
                  20010278    000000bf     (.cinit..data.load) [load image, compression = lzss]
                  20010337    00000001     --HOLE-- [fill = 0]
                  20010338    0000000c     (__TI_handler_table)
                  20010344    00000004     --HOLE-- [fill = 0]
                  20010348    00000008     (.cinit..bss.load) [load image, compression = zero_init]
                  20010350    00000010     (__TI_cinit_table)

.init_array 
*          0    20004000    00000000     UNINITIALIZED

.ramVecs   0    20000000    0000030c     NOLOAD SECTION
                  20000000    0000030c     nortos_cc32xx.a : startup_cc32xx_ccs.oem4 (.ramVecs)

.stack     0    20003000    00001000     UNINITIALIZED
                  20003000    00000004     rtsv7M4_T_le_eabi.lib : boot_cortex_m.c.obj (.stack)
                  20003004    00000ffc     --HOLE--

.resetVecs 
*          0    20004000    00000040     
                  20004000    00000040     nortos_cc32xx.a : startup_cc32xx_ccs.oem4 (.resetVecs:retain)

.sysmem    0    20004040    00008000     UNINITIALIZED
                  20004040    00000010     rtsv7M4_T_le_eabi.lib : memory.c.obj (.sysmem)
                  20004050    00007ff0     --HOLE--

.data      0    2000f624    000005b0     UNINITIALIZED
                  2000f624    0000030c     nortos_cc32xx.a : HwiPCC32XX_nortos.oem4 (.data:HwiP_dispatchTable)
                  2000f930    0000016c     drivers_cc32xx.a : PowerCC32XX.oem4 (.data:PowerCC32XX_module)
                  2000fa9c    000000f8     ti_drivers_config.obj (.data:parkInfo)
                  2000fb94    00000009     drivers_cc32xx.a : GPIOCC32XX.oem4 (.data)
                  2000fb9d    00000003     nortos_cc32xx.a : SemaphoreP_nortos.oem4 (.data)
                  2000fba0    00000008     rtsv7M4_T_le_eabi.lib : _lock.c.obj (.data:$O1$$)
                  2000fba8    00000008                           : memory.c.obj (.data:$O1$$)
                  2000fbb0    00000008     nortos_cc32xx.a : SemaphoreP_nortos.oem4 (.data:SemaphoreP_defaultParams)
                  2000fbb8    00000008                     : HwiPCC32XX_nortos.oem4 (.data)
                  2000fbc0    00000005                     : ClockPSysTick_nortos.oem4 (.data)
                  2000fbc5    00000001     drivers_cc32xx.a : UART.oem4 (.data)
                  2000fbc6    00000002     --HOLE--
                  2000fbc8    00000004     ti_drivers_config.obj (.data:gpioCallbackFunctions)
                  2000fbcc    00000004     ti_drivers_config.obj (.data:gpioPinConfigs)
                  2000fbd0    00000004     uartecho.obj (.data)

.bss       0    20010040    00000238     UNINITIALIZED
                  20010040    0000012c     (.common:PowerCC32XX_contextSave)
                  2001016c    00000084     (.common:uartCC32XXObjects0)
                  200101f0    00000020     drivers_cc32xx.a : GPIOCC32XX.oem4 (.bss:gpioCallbackInfo)
                  20010210    00000020     ti_drivers_config.obj (.bss:uartCC32XXRingBuffer0)
                  20010230    00000014     drivers_cc32xx.a : GPIOCC32XX.oem4 (.bss:powerNotifyObj)
                  20010244    00000004                      : GPIOCC32XX.oem4 (.bss)
                  20010248    00000010     (.common:ClockP_ctrl)
                  20010258    0000000d     nortos_cc32xx.a : SwiP_nortos.oem4 (.bss)
                  20010265    0000000c     (.common:cmdBuffer)
                  20010271    00000003     --HOLE--
                  20010274    00000004                     : ClockPSysTick_nortos.oem4 (.bss)

.log_data 
*          0    90000000    00000000     COPY SECTION

__llvm_prf_cnts 
*          0    20004000    00000000     UNINITIALIZED

MODULE SUMMARY

       Module                       code    ro data   rw data
       ------                       ----    -------   -------
    .\
       uartecho.obj                 288     0         16     
       main_nortos.obj              18      0         0      
    +--+----------------------------+-------+---------+---------+
       Total:                       306     0         16     
                                                             
    .\syscfg\
       ti_drivers_config.obj        18      139       420    
    +--+----------------------------+-------+---------+---------+
       Total:                       18      139       420    
                                                             
    C:/ti/simplelink_cc32xx_sdk_4_30_00_06/kernel/nortos/lib/ccs/m4/nortos_cc32xx.a
       HwiPCC32XX_nortos.oem4       352     0         788    
       startup_cc32xx_ccs.oem4      90      64        780    
       ClockPSysTick_nortos.oem4    702     0         25     
       PowerCC32XX_nortos.oem4      472     0         0      
       SemaphoreP_nortos.oem4       378     0         11     
       SwiP_nortos.oem4             96      0         13     
    +--+----------------------------+-------+---------+---------+
       Total:                       2090    64        1617   
                                                             
    C:/ti/simplelink_cc32xx_sdk_4_30_00_06/source/ti/devices/cc32xx/driverlib/ccs/Release/driverlib.a
       prcm.obj                     1604    168       0      
       pin.obj                      280     256       0      
       interrupt.obj                334     48        0      
       flash.obj                    72      0         0      
       uart.obj                     48      0         0      
       cpu.obj                      20      0         0      
       utils.obj                    6       0         0      
    +--+----------------------------+-------+---------+---------+
       Total:                       2364    472       0      
                                                             
    C:/ti/simplelink_cc32xx_sdk_4_30_00_06/source/ti/drivers/lib/ccs/m4/drivers_cc32xx.a
       UARTCC32XX.oem4              3466    116       0      
       PowerCC32XX.oem4             2432    0         664    
       GPIOCC32XX.oem4              1208    103       65     
       UART.oem4                    176     36        1      
       RingBuf.oem4                 198     0         0      
       PowerCC32XX_asm.oem4         150     0         0      
       List.oem4                    76      0         0      
    +--+----------------------------+-------+---------+---------+
       Total:                       7706    255       730    
                                                             
    C:\Users\sstut\ti\ccs1250\ccs\tools\compiler\ti-cgt-arm_20.2.7.LTS\lib\rtsv7M4_T_le_eabi.lib
       memory.c.obj                 672     0         8      
       ctype.c.obj                  0       257       0      
       memcpy_t2.asm.obj            156     0         0      
       ull_div_t2.asm.obj           150     0         0      
       copy_decompress_lzss.c.obj   104     0         0      
       autoinit.c.obj               68      0         0      
       boot_cortex_m.c.obj          36      0         0      
       copy_zero_init.c.obj         28      0         0      
       ll_mul_t2.asm.obj            24      0         0      
       strcmp.c.obj                 24      0         0      
       tolower.c.obj                16      0         0      
       copy_decompress_none.c.obj   14      0         0      
       _lock.c.obj                  2       0         8      
       exit.c.obj                   4       0         0      
       pre_init.c.obj               4       0         0      
       div0.asm.obj                 2       0         0      
    +--+----------------------------+-------+---------+---------+
       Total:                       1304    257       16     
                                                             
       Heap:                        0       0         32768  
       Stack:                       0       0         4096   
       Linker Generated:            0       227       0      
    +--+----------------------------+-------+---------+---------+
       Grand Total:                 13788   1414      39663  


LINKER GENERATED COPY TABLES

__TI_cinit_table @ 20010350 records: 2, size/record: 8, table size: 16
	.data: load addr=20010278, load size=000000bf bytes, run addr=2000f624, run size=000005b0 bytes, compression=lzss
	.bss: load addr=20010348, load size=00000008 bytes, run addr=20010040, run size=00000238 bytes, compression=zero_init


LINKER GENERATED HANDLER TABLE

__TI_handler_table @ 20010338 records: 3, size/record: 4, table size: 12
	index: 0, handler: __TI_decompress_lzss
	index: 1, handler: __TI_decompress_none
	index: 2, handler: __TI_zero_init


GLOBAL SYMBOLS: SORTED ALPHABETICALLY BY Name 

address   name                          
-------   ----                          
2000f4af  Board_init                    
2000d0fb  Board_initHook                
2000f621  C$$EXIT                       
2000fcd5  CONFIG_GPIO_LED_0_CONST       
2000fcd6  CONFIG_UART_0_CONST           
2000f3ff  CPUcpsid                      
2000f5c1  ClockP_Params_init            
2000f4bf  ClockP_add                    
2000ebe5  ClockP_construct              
2000f2c5  ClockP_create                 
20010248  ClockP_ctrl                   
2000f4cf  ClockP_delete                 
2000ed25  ClockP_destruct               
2000e71d  ClockP_doTick                 
2000f4e1  ClockP_getCpuFreq             
2000f4f1  ClockP_getSystemTicks         
2000eef1  ClockP_getTicksUntilInterrupt 
2000f5cb  ClockP_isActive               
2000f501  ClockP_setTicks               
2000f611  ClockP_setTimeout             
2000efc1  ClockP_start                  
2000ef25  ClockP_startup                
2000ea09  ClockP_stop                   
2000e71d  ClockP_sysTickHandler         
2000fbc0  ClockP_tickPeriod             
2000e8a1  FlashDisable                  
2000ffa8  GPIOCC32XX_config             
2000e7bd  GPIO_enableInt                
2000e0e9  GPIO_hwiIntFxn                
2000d2ad  GPIO_init                     
2000e4b5  GPIO_setCallback              
2000c6f5  GPIO_setConfig                
2000e56d  GPIO_write                    
2000f479  HwiP_Params_init              
2000dd49  HwiP_construct                
2000f079  HwiP_create                   
2000f511  HwiP_delete                   
2000f1d5  HwiP_destruct                 
2000f571  HwiP_disable                  
2000f169  HwiP_dispatch                 
2000f57f  HwiP_enable                   
2000f415  HwiP_inISR                    
2000fbb8  HwiP_key                      
2000f615  HwiP_post                     
2000f521  HwiP_restore                  
2000fbbc  HwiP_swiPIntNum               
UNDEFED   ITM_flush                     
UNDEFED   ITM_restore                   
2000d7b9  IntEnable                     
2000f5d5  IntMasterDisable              
2000ddd5  IntPendSet                    
2000f429  IntVTableBaseSet              
2000f11d  List_put                      
2000f143  List_remove                   
2000f57f  NoRTOS_start                  
2000c041  PRCMCC3200MCUInit             
2000f3bd  PRCMHIBRegRead                
2000f3d3  PRCMHIBRegWrite               
2000e8e9  PRCMLPDSEnter                 
2000edd9  PRCMLPDSEnterKeepDebugIf      
2000ea4d  PRCMLPDSRestoreInfoSet        
2000f0a5  PRCMPeripheralClkDisable      
2000e931  PRCMPeripheralClkEnable       
2000e5c5  PRCMPeripheralReset           
2000e455  PRCMSysResetCauseGet          
2000de5d  PinConfigSet                  
2000ef59  PinModeGet                    
2000ec25  PinModeSet                    
2000f255  PinToPadGet                   
2000fe80  PowerCC32XX_config            
2000d861  PowerCC32XX_configureWakeup   
20010040  PowerCC32XX_contextSave       
2000ea91  PowerCC32XX_enterLPDS         
2000f021  PowerCC32XX_getParkState      
2000d2ab  PowerCC32XX_initPolicy        
2000f930  PowerCC32XX_module            
2000e809  PowerCC32XX_parkPin           
2000f18d  PowerCC32XX_reset             
2000ef8d  PowerCC32XX_restoreParkState  
2000eff1  PowerCC32XX_restoreParkedPin  
2000e6c9  PowerCC32XX_resumeLPDS        
2000e38d  PowerCC32XX_setParkState      
2000c8d9  PowerCC32XX_sleepPolicy       
2000f43d  Power_disablePolicy           
2000f531  Power_enablePolicy            
2000f5a9  Power_getConstraintMask       
2000f451  Power_getDependencyCount      
2000f315  Power_getTransitionLatency    
2000f32d  Power_idleFunc                
2000dee5  Power_init                    
2000f0cd  Power_registerNotify          
2000e979  Power_releaseConstraint       
2000e61d  Power_releaseDependency       
2000ed61  Power_setConstraint           
2000dfed  Power_setDependency           
2000cbbd  Power_sleep                   
2000f1f5  Power_unregisterNotify        
2000f48b  RingBuf_construct             
2000ec65  RingBuf_get                   
2000f58d  RingBuf_isFull                
2000f215  RingBuf_peek                  
2000e9c1  RingBuf_put                   
2000f541  SemaphoreP_Params_init        
2000e76d  SemaphoreP_construct          
2000f3e9  SemaphoreP_create             
2000f2df  SemaphoreP_createBinary       
2000fbb0  SemaphoreP_defaultParams      
2000f619  SemaphoreP_delete             
2000da4d  SemaphoreP_pend               
2000ead5  SemaphoreP_post               
2000f271  SwiP_disable                  
2000eb19  SwiP_restore                  
2000f345  UARTBusy                      
2000ccf5  UARTCC32XX_close              
2000d009  UARTCC32XX_control            
2000fec4  UARTCC32XX_fxnTable           
2000d4eb  UARTCC32XX_init               
2000c46d  UARTCC32XX_open               
2000eca5  UARTCC32XX_read               
2000eeb9  UARTCC32XX_readCancel         
2000d431  UARTCC32XX_readPolling        
2000d1e1  UARTCC32XX_write              
2000e325  UARTCC32XX_writeCancel        
2000e3f1  UARTCC32XX_writePolling       
2000f35d  UARTIntEnable                 
2000f375  UART_Params_init              
20010008  UART_config                   
2000fcd7  UART_count                    
2000feec  UART_defaultParams            
2000eb5d  UART_init                     
2000ece5  UART_open                     
2000f5df  UART_read                     
2000f5e9  UART_write                    
2000f60b  UtilsDelay                    
20004000  __STACK_END                   
00001000  __STACK_SIZE                  
00008000  __SYSMEM_SIZE                 
20010350  __TI_CINIT_Base               
20010360  __TI_CINIT_Limit              
20010338  __TI_Handler_Table_Base       
20010344  __TI_Handler_Table_Limit      
2000eba1  __TI_auto_init_nobinit_nopinit
2000e2bd  __TI_decompress_lzss          
2000f59b  __TI_decompress_none          
ffffffff  __TI_pprof_out_hndl           
ffffffff  __TI_prof_data_size           
ffffffff  __TI_prof_data_start          
20010278  __TI_static_base__            
2000f28d  __TI_zero_init_nomemset       
2000eeef  __aeabi_idiv0                 
2000eeef  __aeabi_ldiv0                 
2000f38d  __aeabi_lmul                  
2000daed  __aeabi_memcpy                
2000daed  __aeabi_memcpy4               
2000daed  __aeabi_memcpy8               
2000dc21  __aeabi_uldivmod              
ffffffff  __binit__                     
ffffffff  __c_args__                    
UNDEFED   __mpu_init                    
20003000  __stack                       
20004000  __start___llvm_prf_cnts       
20004000  __stop___llvm_prf_cnts        
2000f1b1  _c_int00_noargs               
2000fbd4  _ctypes_                      
2000fba0  _lock                         
2000dcb7  _nop                          
20004040  _sys_memory                   
UNDEFED   _system_post_cinit            
2000f61d  _system_pre_init              
2000fba4  _unlock                       
2000f621  abort                         
2000ce15  aligned_alloc                 
ffffffff  binit                         
2000e453  clkFxn                        
20010265  cmdBuffer                     
2000fbd0  cmdIndex                      
2000d0fd  free                          
2000fbc8  gpioCallbackFunctions         
2000fbcc  gpioPinConfigs                
2001002a  inPinTypes                    
2000ee49  initVectors                   
2000f49d  main                          
2000cf15  mainThread                    
2000f5f3  malloc                        
2000ce15  memalign                      
2000daed  memcpy                        
20010030  outPinStrengths               
20010014  outPinTypes                   
2000fa9c  parkInfo                      
2000f04d  parseCommand                  
2000f2f9  resetISR                      
2000f30c  resetVectorAddr               
20004000  resetVectors                  
2000f3a5  strcmp                        
2000f561  tolower                       
2001016c  uartCC32XXObjects0            


GLOBAL SYMBOLS: SORTED BY Symbol Address 

address   name                          
-------   ----                          
00001000  __STACK_SIZE                  
00008000  __SYSMEM_SIZE                 
20003000  __stack                       
20004000  __STACK_END                   
20004000  __start___llvm_prf_cnts       
20004000  __stop___llvm_prf_cnts        
20004000  resetVectors                  
20004040  _sys_memory                   
2000c041  PRCMCC3200MCUInit             
2000c46d  UARTCC32XX_open               
2000c6f5  GPIO_setConfig                
2000c8d9  PowerCC32XX_sleepPolicy       
2000cbbd  Power_sleep                   
2000ccf5  UARTCC32XX_close              
2000ce15  aligned_alloc                 
2000ce15  memalign                      
2000cf15  mainThread                    
2000d009  UARTCC32XX_control            
2000d0fb  Board_initHook                
2000d0fd  free                          
2000d1e1  UARTCC32XX_write              
2000d2ab  PowerCC32XX_initPolicy        
2000d2ad  GPIO_init                     
2000d431  UARTCC32XX_readPolling        
2000d4eb  UARTCC32XX_init               
2000d7b9  IntEnable                     
2000d861  PowerCC32XX_configureWakeup   
2000da4d  SemaphoreP_pend               
2000daed  __aeabi_memcpy                
2000daed  __aeabi_memcpy4               
2000daed  __aeabi_memcpy8               
2000daed  memcpy                        
2000dc21  __aeabi_uldivmod              
2000dcb7  _nop                          
2000dd49  HwiP_construct                
2000ddd5  IntPendSet                    
2000de5d  PinConfigSet                  
2000dee5  Power_init                    
2000dfed  Power_setDependency           
2000e0e9  GPIO_hwiIntFxn                
2000e2bd  __TI_decompress_lzss          
2000e325  UARTCC32XX_writeCancel        
2000e38d  PowerCC32XX_setParkState      
2000e3f1  UARTCC32XX_writePolling       
2000e453  clkFxn                        
2000e455  PRCMSysResetCauseGet          
2000e4b5  GPIO_setCallback              
2000e56d  GPIO_write                    
2000e5c5  PRCMPeripheralReset           
2000e61d  Power_releaseDependency       
2000e6c9  PowerCC32XX_resumeLPDS        
2000e71d  ClockP_doTick                 
2000e71d  ClockP_sysTickHandler         
2000e76d  SemaphoreP_construct          
2000e7bd  GPIO_enableInt                
2000e809  PowerCC32XX_parkPin           
2000e8a1  FlashDisable                  
2000e8e9  PRCMLPDSEnter                 
2000e931  PRCMPeripheralClkEnable       
2000e979  Power_releaseConstraint       
2000e9c1  RingBuf_put                   
2000ea09  ClockP_stop                   
2000ea4d  PRCMLPDSRestoreInfoSet        
2000ea91  PowerCC32XX_enterLPDS         
2000ead5  SemaphoreP_post               
2000eb19  SwiP_restore                  
2000eb5d  UART_init                     
2000eba1  __TI_auto_init_nobinit_nopinit
2000ebe5  ClockP_construct              
2000ec25  PinModeSet                    
2000ec65  RingBuf_get                   
2000eca5  UARTCC32XX_read               
2000ece5  UART_open                     
2000ed25  ClockP_destruct               
2000ed61  Power_setConstraint           
2000edd9  PRCMLPDSEnterKeepDebugIf      
2000ee49  initVectors                   
2000eeb9  UARTCC32XX_readCancel         
2000eeef  __aeabi_idiv0                 
2000eeef  __aeabi_ldiv0                 
2000eef1  ClockP_getTicksUntilInterrupt 
2000ef25  ClockP_startup                
2000ef59  PinModeGet                    
2000ef8d  PowerCC32XX_restoreParkState  
2000efc1  ClockP_start                  
2000eff1  PowerCC32XX_restoreParkedPin  
2000f021  PowerCC32XX_getParkState      
2000f04d  parseCommand                  
2000f079  HwiP_create                   
2000f0a5  PRCMPeripheralClkDisable      
2000f0cd  Power_registerNotify          
2000f11d  List_put                      
2000f143  List_remove                   
2000f169  HwiP_dispatch                 
2000f18d  PowerCC32XX_reset             
2000f1b1  _c_int00_noargs               
2000f1d5  HwiP_destruct                 
2000f1f5  Power_unregisterNotify        
2000f215  RingBuf_peek                  
2000f255  PinToPadGet                   
2000f271  SwiP_disable                  
2000f28d  __TI_zero_init_nomemset       
2000f2c5  ClockP_create                 
2000f2df  SemaphoreP_createBinary       
2000f2f9  resetISR                      
2000f30c  resetVectorAddr               
2000f315  Power_getTransitionLatency    
2000f32d  Power_idleFunc                
2000f345  UARTBusy                      
2000f35d  UARTIntEnable                 
2000f375  UART_Params_init              
2000f38d  __aeabi_lmul                  
2000f3a5  strcmp                        
2000f3bd  PRCMHIBRegRead                
2000f3d3  PRCMHIBRegWrite               
2000f3e9  SemaphoreP_create             
2000f3ff  CPUcpsid                      
2000f415  HwiP_inISR                    
2000f429  IntVTableBaseSet              
2000f43d  Power_disablePolicy           
2000f451  Power_getDependencyCount      
2000f479  HwiP_Params_init              
2000f48b  RingBuf_construct             
2000f49d  main                          
2000f4af  Board_init                    
2000f4bf  ClockP_add                    
2000f4cf  ClockP_delete                 
2000f4e1  ClockP_getCpuFreq             
2000f4f1  ClockP_getSystemTicks         
2000f501  ClockP_setTicks               
2000f511  HwiP_delete                   
2000f521  HwiP_restore                  
2000f531  Power_enablePolicy            
2000f541  SemaphoreP_Params_init        
2000f561  tolower                       
2000f571  HwiP_disable                  
2000f57f  HwiP_enable                   
2000f57f  NoRTOS_start                  
2000f58d  RingBuf_isFull                
2000f59b  __TI_decompress_none          
2000f5a9  Power_getConstraintMask       
2000f5c1  ClockP_Params_init            
2000f5cb  ClockP_isActive               
2000f5d5  IntMasterDisable              
2000f5df  UART_read                     
2000f5e9  UART_write                    
2000f5f3  malloc                        
2000f60b  UtilsDelay                    
2000f611  ClockP_setTimeout             
2000f615  HwiP_post                     
2000f619  SemaphoreP_delete             
2000f61d  _system_pre_init              
2000f621  C$$EXIT                       
2000f621  abort                         
2000f930  PowerCC32XX_module            
2000fa9c  parkInfo                      
2000fba0  _lock                         
2000fba4  _unlock                       
2000fbb0  SemaphoreP_defaultParams      
2000fbb8  HwiP_key                      
2000fbbc  HwiP_swiPIntNum               
2000fbc0  ClockP_tickPeriod             
2000fbc8  gpioCallbackFunctions         
2000fbcc  gpioPinConfigs                
2000fbd0  cmdIndex                      
2000fbd4  _ctypes_                      
2000fcd5  CONFIG_GPIO_LED_0_CONST       
2000fcd6  CONFIG_UART_0_CONST           
2000fcd7  UART_count                    
2000fe80  PowerCC32XX_config            
2000fec4  UARTCC32XX_fxnTable           
2000feec  UART_defaultParams            
2000ffa8  GPIOCC32XX_config             
20010008  UART_config                   
20010014  outPinTypes                   
2001002a  inPinTypes                    
20010030  outPinStrengths               
20010040  PowerCC32XX_contextSave       
2001016c  uartCC32XXObjects0            
20010248  ClockP_ctrl                   
20010265  cmdBuffer                     
20010278  __TI_static_base__            
20010338  __TI_Handler_Table_Base       
20010344  __TI_Handler_Table_Limit      
20010350  __TI_CINIT_Base               
20010360  __TI_CINIT_Limit              
ffffffff  __TI_pprof_out_hndl           
ffffffff  __TI_prof_data_size           
ffffffff  __TI_prof_data_start          
ffffffff  __binit__                     
ffffffff  __c_args__                    
ffffffff  binit                         
UNDEFED   ITM_flush                     
UNDEFED   ITM_restore                   
UNDEFED   __mpu_init                    
UNDEFED   _system_post_cinit            

[196 symbols]
