<?xml version="1.0" encoding="ISO-8859-1" ?>
<link_info>
   <banner>TI ARM Linker PC v20.2.7.LTS</banner>
   <copyright>Copyright (c) 1996-2018 Texas Instruments Incorporated</copyright>
   <link_time>0x65bfefbb</link_time>
   <link_errors>0x0</link_errors>
   <output_file>uartecho_CC3220S_LAUNCHXL_nortos_ccs.out</output_file>
   <entry_point>
      <name>resetISR</name>
      <address>0x2000f2f9</address>
   </entry_point>
   <input_file_list>
      <input_file id="fl-2">
         <path>.\</path>
         <kind>object</kind>
         <file>main_nortos.obj</file>
         <name>main_nortos.obj</name>
      </input_file>
      <input_file id="fl-3">
         <path>.\</path>
         <kind>object</kind>
         <file>uartecho.obj</file>
         <name>uartecho.obj</name>
      </input_file>
      <input_file id="fl-4">
         <path>.\syscfg\</path>
         <kind>object</kind>
         <file>ti_drivers_config.obj</file>
         <name>ti_drivers_config.obj</name>
      </input_file>
      <input_file id="fl-d">
         <kind>object</kind>
         <file>&lt;internal&gt;</file>
         <name>&lt;internal&gt;</name>
      </input_file>
      <input_file id="fl-e">
         <path>C:\ti\simplelink_cc32xx_sdk_4_30_00_06\source\ti\drivers\lib\ccs\m4\</path>
         <kind>archive</kind>
         <file>drivers_cc32xx.a</file>
         <name>UART.oem4</name>
      </input_file>
      <input_file id="fl-f">
         <path>C:\ti\simplelink_cc32xx_sdk_4_30_00_06\source\ti\drivers\lib\ccs\m4\</path>
         <kind>archive</kind>
         <file>drivers_cc32xx.a</file>
         <name>GPIOCC32XX.oem4</name>
      </input_file>
      <input_file id="fl-10">
         <path>C:\ti\simplelink_cc32xx_sdk_4_30_00_06\source\ti\drivers\lib\ccs\m4\</path>
         <kind>archive</kind>
         <file>drivers_cc32xx.a</file>
         <name>PowerCC32XX.oem4</name>
      </input_file>
      <input_file id="fl-11">
         <path>C:\ti\simplelink_cc32xx_sdk_4_30_00_06\source\ti\drivers\lib\ccs\m4\</path>
         <kind>archive</kind>
         <file>drivers_cc32xx.a</file>
         <name>PowerCC32XX_asm.oem4</name>
      </input_file>
      <input_file id="fl-12">
         <path>C:\ti\simplelink_cc32xx_sdk_4_30_00_06\source\ti\drivers\lib\ccs\m4\</path>
         <kind>archive</kind>
         <file>drivers_cc32xx.a</file>
         <name>UARTCC32XX.oem4</name>
      </input_file>
      <input_file id="fl-13">
         <path>C:\ti\simplelink_cc32xx_sdk_4_30_00_06\source\ti\drivers\lib\ccs\m4\</path>
         <kind>archive</kind>
         <file>drivers_cc32xx.a</file>
         <name>List.oem4</name>
      </input_file>
      <input_file id="fl-14">
         <path>C:\ti\simplelink_cc32xx_sdk_4_30_00_06\source\ti\drivers\lib\ccs\m4\</path>
         <kind>archive</kind>
         <file>drivers_cc32xx.a</file>
         <name>RingBuf.oem4</name>
      </input_file>
      <input_file id="fl-15">
         <path>C:\ti\simplelink_cc32xx_sdk_4_30_00_06\kernel\nortos\lib\ccs\m4\</path>
         <kind>archive</kind>
         <file>nortos_cc32xx.a</file>
         <name>NoRTOS.oem4</name>
      </input_file>
      <input_file id="fl-16">
         <path>C:\ti\simplelink_cc32xx_sdk_4_30_00_06\kernel\nortos\lib\ccs\m4\</path>
         <kind>archive</kind>
         <file>nortos_cc32xx.a</file>
         <name>SemaphoreP_nortos.oem4</name>
      </input_file>
      <input_file id="fl-17">
         <path>C:\ti\simplelink_cc32xx_sdk_4_30_00_06\kernel\nortos\lib\ccs\m4\</path>
         <kind>archive</kind>
         <file>nortos_cc32xx.a</file>
         <name>ClockPSysTick_nortos.oem4</name>
      </input_file>
      <input_file id="fl-18">
         <path>C:\ti\simplelink_cc32xx_sdk_4_30_00_06\kernel\nortos\lib\ccs\m4\</path>
         <kind>archive</kind>
         <file>nortos_cc32xx.a</file>
         <name>HwiPCC32XX_nortos.oem4</name>
      </input_file>
      <input_file id="fl-19">
         <path>C:\ti\simplelink_cc32xx_sdk_4_30_00_06\kernel\nortos\lib\ccs\m4\</path>
         <kind>archive</kind>
         <file>nortos_cc32xx.a</file>
         <name>PowerCC32XX_nortos.oem4</name>
      </input_file>
      <input_file id="fl-1a">
         <path>C:\ti\simplelink_cc32xx_sdk_4_30_00_06\kernel\nortos\lib\ccs\m4\</path>
         <kind>archive</kind>
         <file>nortos_cc32xx.a</file>
         <name>startup_cc32xx_ccs.oem4</name>
      </input_file>
      <input_file id="fl-1b">
         <path>C:\ti\simplelink_cc32xx_sdk_4_30_00_06\kernel\nortos\lib\ccs\m4\</path>
         <kind>archive</kind>
         <file>nortos_cc32xx.a</file>
         <name>SwiP_nortos.oem4</name>
      </input_file>
      <input_file id="fl-1c">
         <path>C:\ti\simplelink_cc32xx_sdk_4_30_00_06\kernel\nortos\lib\ccs\m4\</path>
         <kind>archive</kind>
         <file>nortos_cc32xx.a</file>
         <name>QueueP_nortos.oem4</name>
      </input_file>
      <input_file id="fl-1d">
         <path>C:\ti\simplelink_cc32xx_sdk_4_30_00_06\source\ti\devices\cc32xx\driverlib\ccs\Release\</path>
         <kind>archive</kind>
         <file>driverlib.a</file>
         <name>cpu.obj</name>
      </input_file>
      <input_file id="fl-1e">
         <path>C:\ti\simplelink_cc32xx_sdk_4_30_00_06\source\ti\devices\cc32xx\driverlib\ccs\Release\</path>
         <kind>archive</kind>
         <file>driverlib.a</file>
         <name>interrupt.obj</name>
      </input_file>
      <input_file id="fl-1f">
         <path>C:\ti\simplelink_cc32xx_sdk_4_30_00_06\source\ti\devices\cc32xx\driverlib\ccs\Release\</path>
         <kind>archive</kind>
         <file>driverlib.a</file>
         <name>pin.obj</name>
      </input_file>
      <input_file id="fl-20">
         <path>C:\ti\simplelink_cc32xx_sdk_4_30_00_06\source\ti\devices\cc32xx\driverlib\ccs\Release\</path>
         <kind>archive</kind>
         <file>driverlib.a</file>
         <name>prcm.obj</name>
      </input_file>
      <input_file id="fl-21">
         <path>C:\ti\simplelink_cc32xx_sdk_4_30_00_06\source\ti\devices\cc32xx\driverlib\ccs\Release\</path>
         <kind>archive</kind>
         <file>driverlib.a</file>
         <name>uart.obj</name>
      </input_file>
      <input_file id="fl-22">
         <path>C:\ti\simplelink_cc32xx_sdk_4_30_00_06\source\ti\devices\cc32xx\driverlib\ccs\Release\</path>
         <kind>archive</kind>
         <file>driverlib.a</file>
         <name>utils.obj</name>
      </input_file>
      <input_file id="fl-23">
         <path>C:\ti\simplelink_cc32xx_sdk_4_30_00_06\source\ti\devices\cc32xx\driverlib\ccs\Release\</path>
         <kind>archive</kind>
         <file>driverlib.a</file>
         <name>flash.obj</name>
      </input_file>
      <input_file id="fl-d9">
         <path>C:\Users\sstut\ti\ccs1250\ccs\tools\compiler\ti-cgt-arm_20.2.7.LTS\lib\</path>
         <kind>archive</kind>
         <file>rtsv7M4_T_le_eabi.lib</file>
         <name>ll_mul_t2.asm.obj</name>
      </input_file>
      <input_file id="fl-da">
         <path>C:\Users\sstut\ti\ccs1250\ccs\tools\compiler\ti-cgt-arm_20.2.7.LTS\lib\</path>
         <kind>archive</kind>
         <file>rtsv7M4_T_le_eabi.lib</file>
         <name>memcpy_t2.asm.obj</name>
      </input_file>
      <input_file id="fl-db">
         <path>C:\Users\sstut\ti\ccs1250\ccs\tools\compiler\ti-cgt-arm_20.2.7.LTS\lib\</path>
         <kind>archive</kind>
         <file>rtsv7M4_T_le_eabi.lib</file>
         <name>ull_div_t2.asm.obj</name>
      </input_file>
      <input_file id="fl-dc">
         <path>C:\Users\sstut\ti\ccs1250\ccs\tools\compiler\ti-cgt-arm_20.2.7.LTS\lib\</path>
         <kind>archive</kind>
         <file>rtsv7M4_T_le_eabi.lib</file>
         <name>copy_zero_init.c.obj</name>
      </input_file>
      <input_file id="fl-dd">
         <path>C:\Users\sstut\ti\ccs1250\ccs\tools\compiler\ti-cgt-arm_20.2.7.LTS\lib\</path>
         <kind>archive</kind>
         <file>rtsv7M4_T_le_eabi.lib</file>
         <name>copy_decompress_none.c.obj</name>
      </input_file>
      <input_file id="fl-de">
         <path>C:\Users\sstut\ti\ccs1250\ccs\tools\compiler\ti-cgt-arm_20.2.7.LTS\lib\</path>
         <kind>archive</kind>
         <file>rtsv7M4_T_le_eabi.lib</file>
         <name>copy_decompress_lzss.c.obj</name>
      </input_file>
      <input_file id="fl-df">
         <path>C:\Users\sstut\ti\ccs1250\ccs\tools\compiler\ti-cgt-arm_20.2.7.LTS\lib\</path>
         <kind>archive</kind>
         <file>rtsv7M4_T_le_eabi.lib</file>
         <name>memory.c.obj</name>
      </input_file>
      <input_file id="fl-e0">
         <path>C:\Users\sstut\ti\ccs1250\ccs\tools\compiler\ti-cgt-arm_20.2.7.LTS\lib\</path>
         <kind>archive</kind>
         <file>rtsv7M4_T_le_eabi.lib</file>
         <name>strcmp.c.obj</name>
      </input_file>
      <input_file id="fl-e1">
         <path>C:\Users\sstut\ti\ccs1250\ccs\tools\compiler\ti-cgt-arm_20.2.7.LTS\lib\</path>
         <kind>archive</kind>
         <file>rtsv7M4_T_le_eabi.lib</file>
         <name>tolower.c.obj</name>
      </input_file>
      <input_file id="fl-e2">
         <path>C:\Users\sstut\ti\ccs1250\ccs\tools\compiler\ti-cgt-arm_20.2.7.LTS\lib\</path>
         <kind>archive</kind>
         <file>rtsv7M4_T_le_eabi.lib</file>
         <name>boot_cortex_m.c.obj</name>
      </input_file>
      <input_file id="fl-e3">
         <path>C:\Users\sstut\ti\ccs1250\ccs\tools\compiler\ti-cgt-arm_20.2.7.LTS\lib\</path>
         <kind>archive</kind>
         <file>rtsv7M4_T_le_eabi.lib</file>
         <name>div0.asm.obj</name>
      </input_file>
      <input_file id="fl-e4">
         <path>C:\Users\sstut\ti\ccs1250\ccs\tools\compiler\ti-cgt-arm_20.2.7.LTS\lib\</path>
         <kind>archive</kind>
         <file>rtsv7M4_T_le_eabi.lib</file>
         <name>memset_t2.asm.obj</name>
      </input_file>
      <input_file id="fl-e5">
         <path>C:\Users\sstut\ti\ccs1250\ccs\tools\compiler\ti-cgt-arm_20.2.7.LTS\lib\</path>
         <kind>archive</kind>
         <file>rtsv7M4_T_le_eabi.lib</file>
         <name>autoinit.c.obj</name>
      </input_file>
      <input_file id="fl-e6">
         <path>C:\Users\sstut\ti\ccs1250\ccs\tools\compiler\ti-cgt-arm_20.2.7.LTS\lib\</path>
         <kind>archive</kind>
         <file>rtsv7M4_T_le_eabi.lib</file>
         <name>pre_init.c.obj</name>
      </input_file>
      <input_file id="fl-e7">
         <path>C:\Users\sstut\ti\ccs1250\ccs\tools\compiler\ti-cgt-arm_20.2.7.LTS\lib\</path>
         <kind>archive</kind>
         <file>rtsv7M4_T_le_eabi.lib</file>
         <name>cpy_tbl.c.obj</name>
      </input_file>
      <input_file id="fl-e8">
         <path>C:\Users\sstut\ti\ccs1250\ccs\tools\compiler\ti-cgt-arm_20.2.7.LTS\lib\</path>
         <kind>archive</kind>
         <file>rtsv7M4_T_le_eabi.lib</file>
         <name>exit.c.obj</name>
      </input_file>
      <input_file id="fl-e9">
         <path>C:\Users\sstut\ti\ccs1250\ccs\tools\compiler\ti-cgt-arm_20.2.7.LTS\lib\</path>
         <kind>archive</kind>
         <file>rtsv7M4_T_le_eabi.lib</file>
         <name>_lock.c.obj</name>
      </input_file>
      <input_file id="fl-ea">
         <path>C:\Users\sstut\ti\ccs1250\ccs\tools\compiler\ti-cgt-arm_20.2.7.LTS\lib\</path>
         <kind>archive</kind>
         <file>rtsv7M4_T_le_eabi.lib</file>
         <name>args_main.c.obj</name>
      </input_file>
      <input_file id="fl-eb">
         <path>C:\Users\sstut\ti\ccs1250\ccs\tools\compiler\ti-cgt-arm_20.2.7.LTS\lib\</path>
         <kind>archive</kind>
         <file>rtsv7M4_T_le_eabi.lib</file>
         <name>ctype.c.obj</name>
      </input_file>
   </input_file_list>
   <object_component_list>
      <object_component id="oc-1a9">
         <name>.text:PRCMCC3200MCUInit</name>
         <load_address>0x2000c040</load_address>
         <run_address>0x2000c040</run_address>
         <size>0x42c</size>
         <input_file_ref idref="fl-20"/>
      </object_component>
      <object_component id="oc-4fc">
         <name>.text:UARTCC32XX_open</name>
         <load_address>0x2000c46c</load_address>
         <run_address>0x2000c46c</run_address>
         <size>0x288</size>
         <input_file_ref idref="fl-12"/>
      </object_component>
      <object_component id="oc-1c9">
         <name>.text:GPIO_setConfig</name>
         <load_address>0x2000c6f4</load_address>
         <run_address>0x2000c6f4</run_address>
         <size>0x1e4</size>
         <input_file_ref idref="fl-f"/>
      </object_component>
      <object_component id="oc-37d">
         <name>.text:PowerCC32XX_sleepPolicy</name>
         <load_address>0x2000c8d8</load_address>
         <run_address>0x2000c8d8</run_address>
         <size>0x19c</size>
         <input_file_ref idref="fl-19"/>
      </object_component>
      <object_component id="oc-56a">
         <name>.text:parkPins</name>
         <load_address>0x2000ca74</load_address>
         <run_address>0x2000ca74</run_address>
         <size>0x148</size>
         <input_file_ref idref="fl-10"/>
      </object_component>
      <object_component id="oc-48a">
         <name>.text:Power_sleep</name>
         <load_address>0x2000cbbc</load_address>
         <run_address>0x2000cbbc</run_address>
         <size>0x138</size>
         <input_file_ref idref="fl-10"/>
      </object_component>
      <object_component id="oc-4ea">
         <name>.text:UARTCC32XX_close</name>
         <load_address>0x2000ccf4</load_address>
         <run_address>0x2000ccf4</run_address>
         <size>0x120</size>
         <input_file_ref idref="fl-12"/>
      </object_component>
      <object_component id="oc-52e">
         <name>.text:aligned_alloc</name>
         <load_address>0x2000ce14</load_address>
         <run_address>0x2000ce14</run_address>
         <size>0x100</size>
         <input_file_ref idref="fl-df"/>
      </object_component>
      <object_component id="oc-15e">
         <name>.text:mainThread</name>
         <load_address>0x2000cf14</load_address>
         <run_address>0x2000cf14</run_address>
         <size>0xf4</size>
         <input_file_ref idref="fl-3"/>
      </object_component>
      <object_component id="oc-4f0">
         <name>.text:UARTCC32XX_control</name>
         <load_address>0x2000d008</load_address>
         <run_address>0x2000d008</run_address>
         <size>0xf2</size>
         <input_file_ref idref="fl-12"/>
      </object_component>
      <object_component id="oc-1b5">
         <name>.text:Board_initHook</name>
         <load_address>0x2000d0fa</load_address>
         <run_address>0x2000d0fa</run_address>
         <size>0x2</size>
         <input_file_ref idref="fl-4"/>
      </object_component>
      <object_component id="oc-399">
         <name>.text:free</name>
         <load_address>0x2000d0fc</load_address>
         <run_address>0x2000d0fc</run_address>
         <size>0xe4</size>
         <input_file_ref idref="fl-df"/>
      </object_component>
      <object_component id="oc-514">
         <name>.text:UARTCC32XX_write</name>
         <load_address>0x2000d1e0</load_address>
         <run_address>0x2000d1e0</run_address>
         <size>0xca</size>
         <input_file_ref idref="fl-12"/>
      </object_component>
      <object_component id="oc-377">
         <name>.text:PowerCC32XX_initPolicy</name>
         <load_address>0x2000d2aa</load_address>
         <run_address>0x2000d2aa</run_address>
         <size>0x2</size>
         <input_file_ref idref="fl-19"/>
      </object_component>
      <object_component id="oc-1bd">
         <name>.text:GPIO_init</name>
         <load_address>0x2000d2ac</load_address>
         <run_address>0x2000d2ac</run_address>
         <size>0xc4</size>
         <input_file_ref idref="fl-f"/>
      </object_component>
      <object_component id="oc-587">
         <name>.text:restoreParkedPins</name>
         <load_address>0x2000d370</load_address>
         <run_address>0x2000d370</run_address>
         <size>0xc0</size>
         <input_file_ref idref="fl-10"/>
      </object_component>
      <object_component id="oc-508">
         <name>.text:UARTCC32XX_readPolling</name>
         <load_address>0x2000d430</load_address>
         <run_address>0x2000d430</run_address>
         <size>0xba</size>
         <input_file_ref idref="fl-12"/>
      </object_component>
      <object_component id="oc-4f6">
         <name>.text:UARTCC32XX_init</name>
         <load_address>0x2000d4ea</load_address>
         <run_address>0x2000d4ea</run_address>
         <size>0x2</size>
         <input_file_ref idref="fl-12"/>
      </object_component>
      <object_component id="oc-614">
         <name>.text:initHw</name>
         <load_address>0x2000d4ec</load_address>
         <run_address>0x2000d4ec</run_address>
         <size>0xb8</size>
         <input_file_ref idref="fl-12"/>
      </object_component>
      <object_component id="oc-6fa">
         <name>.text:readTaskCallback</name>
         <load_address>0x2000d5a4</load_address>
         <run_address>0x2000d5a4</run_address>
         <size>0xb6</size>
         <input_file_ref idref="fl-12"/>
      </object_component>
      <object_component id="oc-6e8">
         <name>.text:readTaskBlocking</name>
         <load_address>0x2000d65a</load_address>
         <run_address>0x2000d65a</run_address>
         <size>0xb0</size>
         <input_file_ref idref="fl-12"/>
      </object_component>
      <object_component id="oc-6ee">
         <name>.text:readIsrTextBlocking</name>
         <load_address>0x2000d70a</load_address>
         <run_address>0x2000d70a</run_address>
         <size>0xae</size>
         <input_file_ref idref="fl-12"/>
      </object_component>
      <object_component id="oc-b5">
         <name>.text:IntEnable</name>
         <load_address>0x2000d7b8</load_address>
         <run_address>0x2000d7b8</run_address>
         <size>0xa8</size>
         <input_file_ref idref="fl-1e"/>
      </object_component>
      <object_component id="oc-286">
         <name>.text:PowerCC32XX_configureWakeup</name>
         <load_address>0x2000d860</load_address>
         <run_address>0x2000d860</run_address>
         <size>0xa8</size>
         <input_file_ref idref="fl-10"/>
      </object_component>
      <object_component id="oc-700">
         <name>.text:readIsrTextCallback</name>
         <load_address>0x2000d908</load_address>
         <run_address>0x2000d908</run_address>
         <size>0xa2</size>
         <input_file_ref idref="fl-12"/>
      </object_component>
      <object_component id="oc-64b">
         <name>.text:writeData</name>
         <load_address>0x2000d9aa</load_address>
         <run_address>0x2000d9aa</run_address>
         <size>0xa2</size>
         <input_file_ref idref="fl-12"/>
      </object_component>
      <object_component id="oc-2ac">
         <name>.text:SemaphoreP_pend</name>
         <load_address>0x2000da4c</load_address>
         <run_address>0x2000da4c</run_address>
         <size>0xa0</size>
         <input_file_ref idref="fl-16"/>
      </object_component>
      <object_component id="oc-3b">
         <name>.text</name>
         <load_address>0x2000daec</load_address>
         <run_address>0x2000daec</run_address>
         <size>0x9c</size>
         <input_file_ref idref="fl-da"/>
      </object_component>
      <object_component id="oc-2ce">
         <name>.text:powerNotifyFxn</name>
         <load_address>0x2000db88</load_address>
         <run_address>0x2000db88</run_address>
         <size>0x98</size>
         <input_file_ref idref="fl-f"/>
      </object_component>
      <object_component id="oc-485">
         <name>.text</name>
         <load_address>0x2000dc20</load_address>
         <run_address>0x2000dc20</run_address>
         <size>0x96</size>
         <input_file_ref idref="fl-db"/>
      </object_component>
      <object_component id="oc-33f">
         <name>.text:_nop</name>
         <load_address>0x2000dcb6</load_address>
         <run_address>0x2000dcb6</run_address>
         <size>0x2</size>
         <input_file_ref idref="fl-e9"/>
      </object_component>
      <object_component id="oc-57b">
         <name>.text:restoreNVICRegs</name>
         <load_address>0x2000dcb8</load_address>
         <run_address>0x2000dcb8</run_address>
         <size>0x90</size>
         <input_file_ref idref="fl-10"/>
      </object_component>
      <object_component id="oc-40e">
         <name>.text:HwiP_construct</name>
         <load_address>0x2000dd48</load_address>
         <run_address>0x2000dd48</run_address>
         <size>0x8c</size>
         <input_file_ref idref="fl-18"/>
      </object_component>
      <object_component id="oc-6aa">
         <name>.text:IntPendSet</name>
         <load_address>0x2000ddd4</load_address>
         <run_address>0x2000ddd4</run_address>
         <size>0x88</size>
         <input_file_ref idref="fl-1e"/>
      </object_component>
      <object_component id="oc-2e2">
         <name>.text:PinConfigSet</name>
         <load_address>0x2000de5c</load_address>
         <run_address>0x2000de5c</run_address>
         <size>0x88</size>
         <input_file_ref idref="fl-1f"/>
      </object_component>
      <object_component id="oc-1af">
         <name>.text:Power_init</name>
         <load_address>0x2000dee4</load_address>
         <run_address>0x2000dee4</run_address>
         <size>0x84</size>
         <input_file_ref idref="fl-10"/>
      </object_component>
      <object_component id="oc-570">
         <name>.text:saveNVICRegs</name>
         <load_address>0x2000df68</load_address>
         <run_address>0x2000df68</run_address>
         <size>0x84</size>
         <input_file_ref idref="fl-10"/>
      </object_component>
      <object_component id="oc-2e8">
         <name>.text:Power_setDependency</name>
         <load_address>0x2000dfec</load_address>
         <run_address>0x2000dfec</run_address>
         <size>0x80</size>
         <input_file_ref idref="fl-10"/>
      </object_component>
      <object_component id="oc-6e2">
         <name>.text:readIsrBinaryBlocking</name>
         <load_address>0x2000e06c</load_address>
         <run_address>0x2000e06c</run_address>
         <size>0x7c</size>
         <input_file_ref idref="fl-12"/>
      </object_component>
      <object_component id="oc-30c">
         <name>.text:GPIO_hwiIntFxn</name>
         <load_address>0x2000e0e8</load_address>
         <run_address>0x2000e0e8</run_address>
         <size>0x78</size>
         <input_file_ref idref="fl-f"/>
      </object_component>
      <object_component id="oc-6f4">
         <name>.text:readIsrBinaryCallback</name>
         <load_address>0x2000e160</load_address>
         <run_address>0x2000e160</run_address>
         <size>0x78</size>
         <input_file_ref idref="fl-12"/>
      </object_component>
      <object_component id="oc-623">
         <name>.text:UARTCC32XX_hwiIntFxn</name>
         <load_address>0x2000e1d8</load_address>
         <run_address>0x2000e1d8</run_address>
         <size>0x74</size>
         <input_file_ref idref="fl-12"/>
      </object_component>
      <object_component id="oc-658">
         <name>.text:split</name>
         <load_address>0x2000e24c</load_address>
         <run_address>0x2000e24c</run_address>
         <size>0x70</size>
         <input_file_ref idref="fl-df"/>
      </object_component>
      <object_component id="oc-14">
         <name>.text:decompress:lzss:__TI_decompress_lzss</name>
         <load_address>0x2000e2bc</load_address>
         <run_address>0x2000e2bc</run_address>
         <size>0x68</size>
         <input_file_ref idref="fl-de"/>
      </object_component>
      <object_component id="oc-520">
         <name>.text:UARTCC32XX_writeCancel</name>
         <load_address>0x2000e324</load_address>
         <run_address>0x2000e324</run_address>
         <size>0x66</size>
         <input_file_ref idref="fl-12"/>
      </object_component>
      <object_component id="oc-73">
         <name>.text:busFaultHandler</name>
         <load_address>0x2000e38a</load_address>
         <run_address>0x2000e38a</run_address>
         <size>0x2</size>
         <input_file_ref idref="fl-1a"/>
      </object_component>
      <object_component id="oc-3e9">
         <name>.text:PowerCC32XX_setParkState</name>
         <load_address>0x2000e38c</load_address>
         <run_address>0x2000e38c</run_address>
         <size>0x64</size>
         <input_file_ref idref="fl-10"/>
      </object_component>
      <object_component id="oc-51a">
         <name>.text:UARTCC32XX_writePolling</name>
         <load_address>0x2000e3f0</load_address>
         <run_address>0x2000e3f0</run_address>
         <size>0x62</size>
         <input_file_ref idref="fl-12"/>
      </object_component>
      <object_component id="oc-3be">
         <name>.text:clkFxn</name>
         <load_address>0x2000e452</load_address>
         <run_address>0x2000e452</run_address>
         <size>0x2</size>
         <input_file_ref idref="fl-16"/>
      </object_component>
      <object_component id="oc-254">
         <name>.text:PRCMSysResetCauseGet</name>
         <load_address>0x2000e454</load_address>
         <run_address>0x2000e454</run_address>
         <size>0x60</size>
         <input_file_ref idref="fl-20"/>
      </object_component>
      <object_component id="oc-2b2">
         <name>.text:GPIO_setCallback</name>
         <load_address>0x2000e4b4</load_address>
         <run_address>0x2000e4b4</run_address>
         <size>0x5c</size>
         <input_file_ref idref="fl-f"/>
      </object_component>
      <object_component id="oc-670">
         <name>.text:sysTickInit</name>
         <load_address>0x2000e510</load_address>
         <run_address>0x2000e510</run_address>
         <size>0x5c</size>
         <input_file_ref idref="fl-17"/>
      </object_component>
      <object_component id="oc-1f3">
         <name>.text:GPIO_write</name>
         <load_address>0x2000e56c</load_address>
         <run_address>0x2000e56c</run_address>
         <size>0x58</size>
         <input_file_ref idref="fl-f"/>
      </object_component>
      <object_component id="oc-26d">
         <name>.text:PRCMPeripheralReset</name>
         <load_address>0x2000e5c4</load_address>
         <run_address>0x2000e5c4</run_address>
         <size>0x58</size>
         <input_file_ref idref="fl-20"/>
      </object_component>
      <object_component id="oc-5cf">
         <name>.text:Power_releaseDependency</name>
         <load_address>0x2000e61c</load_address>
         <run_address>0x2000e61c</run_address>
         <size>0x58</size>
         <input_file_ref idref="fl-10"/>
      </object_component>
      <object_component id="oc-748">
         <name>.text:ringBufGet</name>
         <load_address>0x2000e674</load_address>
         <run_address>0x2000e674</run_address>
         <size>0x54</size>
         <input_file_ref idref="fl-12"/>
      </object_component>
      <object_component id="oc-687">
         <name>.text:PowerCC32XX_resumeLPDS</name>
         <load_address>0x2000e6c8</load_address>
         <run_address>0x2000e6c8</run_address>
         <size>0x52</size>
         <input_file_ref idref="fl-11"/>
      </object_component>
      <object_component id="oc-6d">
         <name>.text:defaultHandler</name>
         <load_address>0x2000e71a</load_address>
         <run_address>0x2000e71a</run_address>
         <size>0x2</size>
         <input_file_ref idref="fl-1a"/>
      </object_component>
      <object_component id="oc-79">
         <name>.text:ClockP_sysTickHandler</name>
         <load_address>0x2000e71c</load_address>
         <run_address>0x2000e71c</run_address>
         <size>0x50</size>
         <input_file_ref idref="fl-17"/>
      </object_component>
      <object_component id="oc-4ab">
         <name>.text:SemaphoreP_construct</name>
         <load_address>0x2000e76c</load_address>
         <run_address>0x2000e76c</run_address>
         <size>0x50</size>
         <input_file_ref idref="fl-16"/>
      </object_component>
      <object_component id="oc-3ef">
         <name>.text:GPIO_enableInt</name>
         <load_address>0x2000e7bc</load_address>
         <run_address>0x2000e7bc</run_address>
         <size>0x4c</size>
         <input_file_ref idref="fl-f"/>
      </object_component>
      <object_component id="oc-67e">
         <name>.text:PowerCC32XX_parkPin</name>
         <load_address>0x2000e808</load_address>
         <run_address>0x2000e808</run_address>
         <size>0x4c</size>
         <input_file_ref idref="fl-10"/>
      </object_component>
      <object_component id="oc-581">
         <name>.text:restorePeriphClocks</name>
         <load_address>0x2000e854</load_address>
         <run_address>0x2000e854</run_address>
         <size>0x4c</size>
         <input_file_ref idref="fl-10"/>
      </object_component>
      <object_component id="oc-6a2">
         <name>.text:FlashDisable</name>
         <load_address>0x2000e8a0</load_address>
         <run_address>0x2000e8a0</run_address>
         <size>0x48</size>
         <input_file_ref idref="fl-23"/>
      </object_component>
      <object_component id="oc-58d">
         <name>.text:PRCMLPDSEnter</name>
         <load_address>0x2000e8e8</load_address>
         <run_address>0x2000e8e8</run_address>
         <size>0x48</size>
         <input_file_ref idref="fl-20"/>
      </object_component>
      <object_component id="oc-267">
         <name>.text:PRCMPeripheralClkEnable</name>
         <load_address>0x2000e930</load_address>
         <run_address>0x2000e930</run_address>
         <size>0x48</size>
         <input_file_ref idref="fl-20"/>
      </object_component>
      <object_component id="oc-5c3">
         <name>.text:Power_releaseConstraint</name>
         <load_address>0x2000e978</load_address>
         <run_address>0x2000e978</run_address>
         <size>0x48</size>
         <input_file_ref idref="fl-10"/>
      </object_component>
      <object_component id="oc-735">
         <name>.text:RingBuf_put</name>
         <load_address>0x2000e9c0</load_address>
         <run_address>0x2000e9c0</run_address>
         <size>0x46</size>
         <input_file_ref idref="fl-14"/>
      </object_component>
      <object_component id="oc-67">
         <name>.text:faultISR</name>
         <load_address>0x2000ea06</load_address>
         <run_address>0x2000ea06</run_address>
         <size>0x2</size>
         <input_file_ref idref="fl-1a"/>
      </object_component>
      <object_component id="oc-4d3">
         <name>.text:ClockP_stop</name>
         <load_address>0x2000ea08</load_address>
         <run_address>0x2000ea08</run_address>
         <size>0x44</size>
         <input_file_ref idref="fl-17"/>
      </object_component>
      <object_component id="oc-68c">
         <name>.text:PRCMLPDSRestoreInfoSet</name>
         <load_address>0x2000ea4c</load_address>
         <run_address>0x2000ea4c</run_address>
         <size>0x44</size>
         <input_file_ref idref="fl-20"/>
      </object_component>
      <object_component id="oc-576">
         <name>.text:PowerCC32XX_enterLPDS</name>
         <load_address>0x2000ea90</load_address>
         <run_address>0x2000ea90</run_address>
         <size>0x44</size>
         <input_file_ref idref="fl-11"/>
      </object_component>
      <object_component id="oc-2be">
         <name>.text:SemaphoreP_post</name>
         <load_address>0x2000ead4</load_address>
         <run_address>0x2000ead4</run_address>
         <size>0x44</size>
         <input_file_ref idref="fl-16"/>
      </object_component>
      <object_component id="oc-49b">
         <name>.text:SwiP_restore</name>
         <load_address>0x2000eb18</load_address>
         <run_address>0x2000eb18</run_address>
         <size>0x44</size>
         <input_file_ref idref="fl-1b"/>
      </object_component>
      <object_component id="oc-1c3">
         <name>.text:UART_init</name>
         <load_address>0x2000eb5c</load_address>
         <run_address>0x2000eb5c</run_address>
         <size>0x44</size>
         <input_file_ref idref="fl-e"/>
      </object_component>
      <object_component id="oc-171">
         <name>.text:__TI_auto_init_nobinit_nopinit:__TI_auto_init_nobinit_nopinit</name>
         <load_address>0x2000eba0</load_address>
         <run_address>0x2000eba0</run_address>
         <size>0x44</size>
         <input_file_ref idref="fl-e5"/>
      </object_component>
      <object_component id="oc-6d1">
         <name>.text:ClockP_construct</name>
         <load_address>0x2000ebe4</load_address>
         <run_address>0x2000ebe4</run_address>
         <size>0x40</size>
         <input_file_ref idref="fl-17"/>
      </object_component>
      <object_component id="oc-27f">
         <name>.text:PinModeSet</name>
         <load_address>0x2000ec24</load_address>
         <run_address>0x2000ec24</run_address>
         <size>0x40</size>
         <input_file_ref idref="fl-1f"/>
      </object_component>
      <object_component id="oc-63d">
         <name>.text:RingBuf_get</name>
         <load_address>0x2000ec64</load_address>
         <run_address>0x2000ec64</run_address>
         <size>0x40</size>
         <input_file_ref idref="fl-14"/>
      </object_component>
      <object_component id="oc-502">
         <name>.text:UARTCC32XX_read</name>
         <load_address>0x2000eca4</load_address>
         <run_address>0x2000eca4</run_address>
         <size>0x40</size>
         <input_file_ref idref="fl-12"/>
      </object_component>
      <object_component id="oc-1d5">
         <name>.text:UART_open</name>
         <load_address>0x2000ece4</load_address>
         <run_address>0x2000ece4</run_address>
         <size>0x40</size>
         <input_file_ref idref="fl-e"/>
      </object_component>
      <object_component id="oc-3b8">
         <name>.text:ClockP_destruct</name>
         <load_address>0x2000ed24</load_address>
         <run_address>0x2000ed24</run_address>
         <size>0x3c</size>
         <input_file_ref idref="fl-17"/>
      </object_component>
      <object_component id="oc-5e8">
         <name>.text:Power_setConstraint</name>
         <load_address>0x2000ed60</load_address>
         <run_address>0x2000ed60</run_address>
         <size>0x3c</size>
         <input_file_ref idref="fl-10"/>
      </object_component>
      <object_component id="oc-47f">
         <name>.text:getCountsRTC</name>
         <load_address>0x2000ed9c</load_address>
         <run_address>0x2000ed9c</run_address>
         <size>0x3a</size>
         <input_file_ref idref="fl-19"/>
      </object_component>
      <object_component id="oc-61">
         <name>.text:nmiISR</name>
         <load_address>0x2000edd6</load_address>
         <run_address>0x2000edd6</run_address>
         <size>0x2</size>
         <input_file_ref idref="fl-1a"/>
      </object_component>
      <object_component id="oc-593">
         <name>.text:PRCMLPDSEnterKeepDebugIf</name>
         <load_address>0x2000edd8</load_address>
         <run_address>0x2000edd8</run_address>
         <size>0x38</size>
         <input_file_ref idref="fl-20"/>
      </object_component>
      <object_component id="oc-db">
         <name>.text:addToList</name>
         <load_address>0x2000ee10</load_address>
         <run_address>0x2000ee10</run_address>
         <size>0x38</size>
         <input_file_ref idref="fl-17"/>
      </object_component>
      <object_component id="oc-59">
         <name>.text:initVectors</name>
         <load_address>0x2000ee48</load_address>
         <run_address>0x2000ee48</run_address>
         <size>0x38</size>
         <input_file_ref idref="fl-1a"/>
      </object_component>
      <object_component id="oc-564">
         <name>.text:notify</name>
         <load_address>0x2000ee80</load_address>
         <run_address>0x2000ee80</run_address>
         <size>0x38</size>
         <input_file_ref idref="fl-10"/>
      </object_component>
      <object_component id="oc-50e">
         <name>.text:UARTCC32XX_readCancel</name>
         <load_address>0x2000eeb8</load_address>
         <run_address>0x2000eeb8</run_address>
         <size>0x36</size>
         <input_file_ref idref="fl-12"/>
      </object_component>
      <object_component id="oc-55e">
         <name>.text</name>
         <load_address>0x2000eeee</load_address>
         <run_address>0x2000eeee</run_address>
         <size>0x2</size>
         <input_file_ref idref="fl-e3"/>
      </object_component>
      <object_component id="oc-46d">
         <name>.text:ClockP_getTicksUntilInterrupt</name>
         <load_address>0x2000eef0</load_address>
         <run_address>0x2000eef0</run_address>
         <size>0x34</size>
         <input_file_ref idref="fl-17"/>
      </object_component>
      <object_component id="oc-555">
         <name>.text:ClockP_startup</name>
         <load_address>0x2000ef24</load_address>
         <run_address>0x2000ef24</run_address>
         <size>0x34</size>
         <input_file_ref idref="fl-17"/>
      </object_component>
      <object_component id="oc-279">
         <name>.text:PinModeGet</name>
         <load_address>0x2000ef58</load_address>
         <run_address>0x2000ef58</run_address>
         <size>0x34</size>
         <input_file_ref idref="fl-1f"/>
      </object_component>
      <object_component id="oc-5d5">
         <name>.text:PowerCC32XX_restoreParkState</name>
         <load_address>0x2000ef8c</load_address>
         <run_address>0x2000ef8c</run_address>
         <size>0x34</size>
         <input_file_ref idref="fl-10"/>
      </object_component>
      <object_component id="oc-3a6">
         <name>.text:ClockP_start</name>
         <load_address>0x2000efc0</load_address>
         <run_address>0x2000efc0</run_address>
         <size>0x30</size>
         <input_file_ref idref="fl-17"/>
      </object_component>
      <object_component id="oc-69b">
         <name>.text:PowerCC32XX_restoreParkedPin</name>
         <load_address>0x2000eff0</load_address>
         <run_address>0x2000eff0</run_address>
         <size>0x30</size>
         <input_file_ref idref="fl-10"/>
      </object_component>
      <object_component id="oc-602">
         <name>.text:PowerCC32XX_getParkState</name>
         <load_address>0x2000f020</load_address>
         <run_address>0x2000f020</run_address>
         <size>0x2c</size>
         <input_file_ref idref="fl-10"/>
      </object_component>
      <object_component id="oc-1ed">
         <name>.text:parseCommand</name>
         <load_address>0x2000f04c</load_address>
         <run_address>0x2000f04c</run_address>
         <size>0x2c</size>
         <input_file_ref idref="fl-3"/>
      </object_component>
      <object_component id="oc-2f4">
         <name>.text:HwiP_create</name>
         <load_address>0x2000f078</load_address>
         <run_address>0x2000f078</run_address>
         <size>0x2a</size>
         <input_file_ref idref="fl-18"/>
      </object_component>
      <object_component id="oc-273">
         <name>.text:PRCMPeripheralClkDisable</name>
         <load_address>0x2000f0a4</load_address>
         <run_address>0x2000f0a4</run_address>
         <size>0x28</size>
         <input_file_ref idref="fl-20"/>
      </object_component>
      <object_component id="oc-2b8">
         <name>.text:Power_registerNotify</name>
         <load_address>0x2000f0cc</load_address>
         <run_address>0x2000f0cc</run_address>
         <size>0x28</size>
         <input_file_ref idref="fl-10"/>
      </object_component>
      <object_component id="oc-4cb">
         <name>.text:free_list_insert</name>
         <load_address>0x2000f0f4</load_address>
         <run_address>0x2000f0f4</run_address>
         <size>0x28</size>
         <input_file_ref idref="fl-df"/>
      </object_component>
      <object_component id="oc-3c9">
         <name>.text:List_put</name>
         <load_address>0x2000f11c</load_address>
         <run_address>0x2000f11c</run_address>
         <size>0x26</size>
         <input_file_ref idref="fl-13"/>
      </object_component>
      <object_component id="oc-6bf">
         <name>.text:List_remove</name>
         <load_address>0x2000f142</load_address>
         <run_address>0x2000f142</run_address>
         <size>0x26</size>
         <input_file_ref idref="fl-13"/>
      </object_component>
      <object_component id="oc-538">
         <name>.text:HwiP_dispatch</name>
         <load_address>0x2000f168</load_address>
         <run_address>0x2000f168</run_address>
         <size>0x24</size>
         <input_file_ref idref="fl-18"/>
      </object_component>
      <object_component id="oc-5fc">
         <name>.text:PowerCC32XX_reset</name>
         <load_address>0x2000f18c</load_address>
         <run_address>0x2000f18c</run_address>
         <size>0x24</size>
         <input_file_ref idref="fl-10"/>
      </object_component>
      <object_component id="oc-c5">
         <name>.text:_c_int00_noargs:_c_int00_noargs</name>
         <load_address>0x2000f1b0</load_address>
         <run_address>0x2000f1b0</run_address>
         <size>0x24</size>
         <input_file_ref idref="fl-e2"/>
      </object_component>
      <object_component id="oc-6b6">
         <name>.text:HwiP_destruct</name>
         <load_address>0x2000f1d4</load_address>
         <run_address>0x2000f1d4</run_address>
         <size>0x20</size>
         <input_file_ref idref="fl-18"/>
      </object_component>
      <object_component id="oc-5c9">
         <name>.text:Power_unregisterNotify</name>
         <load_address>0x2000f1f4</load_address>
         <run_address>0x2000f1f4</run_address>
         <size>0x20</size>
         <input_file_ref idref="fl-10"/>
      </object_component>
      <object_component id="oc-5e2">
         <name>.text:RingBuf_peek</name>
         <load_address>0x2000f214</load_address>
         <run_address>0x2000f214</run_address>
         <size>0x20</size>
         <input_file_ref idref="fl-14"/>
      </object_component>
      <object_component id="oc-5f6">
         <name>.text:getPowerMgrId</name>
         <load_address>0x2000f234</load_address>
         <run_address>0x2000f234</run_address>
         <size>0x20</size>
         <input_file_ref idref="fl-12"/>
      </object_component>
      <object_component id="oc-5db">
         <name>.text:PinToPadGet</name>
         <load_address>0x2000f254</load_address>
         <run_address>0x2000f254</run_address>
         <size>0x1c</size>
         <input_file_ref idref="fl-1f"/>
      </object_component>
      <object_component id="oc-461">
         <name>.text:SwiP_disable</name>
         <load_address>0x2000f270</load_address>
         <run_address>0x2000f270</run_address>
         <size>0x1c</size>
         <input_file_ref idref="fl-1b"/>
      </object_component>
      <object_component id="oc-47">
         <name>.text:decompress:ZI:__TI_zero_init_nomemset:__TI_zero_init_nomemset</name>
         <load_address>0x2000f28c</load_address>
         <run_address>0x2000f28c</run_address>
         <size>0x1c</size>
         <input_file_ref idref="fl-dc"/>
      </object_component>
      <object_component id="oc-4c5">
         <name>.text:free_list_remove</name>
         <load_address>0x2000f2a8</load_address>
         <run_address>0x2000f2a8</run_address>
         <size>0x1c</size>
         <input_file_ref idref="fl-df"/>
      </object_component>
      <object_component id="oc-60e">
         <name>.text:ClockP_create</name>
         <load_address>0x2000f2c4</load_address>
         <run_address>0x2000f2c4</run_address>
         <size>0x1a</size>
         <input_file_ref idref="fl-17"/>
      </object_component>
      <object_component id="oc-294">
         <name>.text:SemaphoreP_createBinary</name>
         <load_address>0x2000f2de</load_address>
         <run_address>0x2000f2de</run_address>
         <size>0x1a</size>
         <input_file_ref idref="fl-16"/>
      </object_component>
      <object_component id="oc-21">
         <name>.text:resetISR</name>
         <load_address>0x2000f2f8</load_address>
         <run_address>0x2000f2f8</run_address>
         <size>0x1a</size>
         <input_file_ref idref="fl-1a"/>
      </object_component>
      <object_component id="oc-473">
         <name>.text:Power_getTransitionLatency</name>
         <load_address>0x2000f314</load_address>
         <run_address>0x2000f314</run_address>
         <size>0x18</size>
         <input_file_ref idref="fl-10"/>
      </object_component>
      <object_component id="oc-5a6">
         <name>.text:Power_idleFunc</name>
         <load_address>0x2000f32c</load_address>
         <run_address>0x2000f32c</run_address>
         <size>0x18</size>
         <input_file_ref idref="fl-10"/>
      </object_component>
      <object_component id="oc-645">
         <name>.text:UARTBusy</name>
         <load_address>0x2000f344</load_address>
         <run_address>0x2000f344</run_address>
         <size>0x18</size>
         <input_file_ref idref="fl-21"/>
      </object_component>
      <object_component id="oc-715">
         <name>.text:UARTIntEnable</name>
         <load_address>0x2000f35c</load_address>
         <run_address>0x2000f35c</run_address>
         <size>0x18</size>
         <input_file_ref idref="fl-21"/>
      </object_component>
      <object_component id="oc-1cf">
         <name>.text:UART_Params_init</name>
         <load_address>0x2000f374</load_address>
         <run_address>0x2000f374</run_address>
         <size>0x18</size>
         <input_file_ref idref="fl-e"/>
      </object_component>
      <object_component id="oc-490">
         <name>.text</name>
         <load_address>0x2000f38c</load_address>
         <run_address>0x2000f38c</run_address>
         <size>0x18</size>
         <input_file_ref idref="fl-d9"/>
      </object_component>
      <object_component id="oc-32c">
         <name>.text:strcmp</name>
         <load_address>0x2000f3a4</load_address>
         <run_address>0x2000f3a4</run_address>
         <size>0x18</size>
         <input_file_ref idref="fl-e0"/>
      </object_component>
      <object_component id="oc-261">
         <name>.text:PRCMHIBRegRead</name>
         <load_address>0x2000f3bc</load_address>
         <run_address>0x2000f3bc</run_address>
         <size>0x16</size>
         <input_file_ref idref="fl-20"/>
      </object_component>
      <object_component id="oc-25b">
         <name>.text:PRCMHIBRegWrite</name>
         <load_address>0x2000f3d2</load_address>
         <run_address>0x2000f3d2</run_address>
         <size>0x16</size>
         <input_file_ref idref="fl-20"/>
      </object_component>
      <object_component id="oc-38e">
         <name>.text:SemaphoreP_create</name>
         <load_address>0x2000f3e8</load_address>
         <run_address>0x2000f3e8</run_address>
         <size>0x16</size>
         <input_file_ref idref="fl-16"/>
      </object_component>
      <object_component id="oc-a3">
         <name>.text:CPUcpsid</name>
         <load_address>0x2000f3fe</load_address>
         <run_address>0x2000f3fe</run_address>
         <size>0x14</size>
         <input_file_ref idref="fl-1d"/>
      </object_component>
      <object_component id="oc-3d0">
         <name>.text:HwiP_inISR</name>
         <load_address>0x2000f414</load_address>
         <run_address>0x2000f414</run_address>
         <size>0x14</size>
         <input_file_ref idref="fl-18"/>
      </object_component>
      <object_component id="oc-af">
         <name>.text:IntVTableBaseSet</name>
         <load_address>0x2000f428</load_address>
         <run_address>0x2000f428</run_address>
         <size>0x14</size>
         <input_file_ref idref="fl-1e"/>
      </object_component>
      <object_component id="oc-3d6">
         <name>.text:Power_disablePolicy</name>
         <load_address>0x2000f43c</load_address>
         <run_address>0x2000f43c</run_address>
         <size>0x14</size>
         <input_file_ref idref="fl-10"/>
      </object_component>
      <object_component id="oc-694">
         <name>.text:Power_getDependencyCount</name>
         <load_address>0x2000f450</load_address>
         <run_address>0x2000f450</run_address>
         <size>0x14</size>
         <input_file_ref idref="fl-10"/>
      </object_component>
      <object_component id="oc-70f">
         <name>.text:releasePowerConstraint</name>
         <load_address>0x2000f464</load_address>
         <run_address>0x2000f464</run_address>
         <size>0x14</size>
         <input_file_ref idref="fl-12"/>
      </object_component>
      <object_component id="oc-2ee">
         <name>.text:HwiP_Params_init</name>
         <load_address>0x2000f478</load_address>
         <run_address>0x2000f478</run_address>
         <size>0x12</size>
         <input_file_ref idref="fl-18"/>
      </object_component>
      <object_component id="oc-5f0">
         <name>.text:RingBuf_construct</name>
         <load_address>0x2000f48a</load_address>
         <run_address>0x2000f48a</run_address>
         <size>0x12</size>
         <input_file_ref idref="fl-14"/>
      </object_component>
      <object_component id="oc-11a">
         <name>.text:main</name>
         <load_address>0x2000f49c</load_address>
         <run_address>0x2000f49c</run_address>
         <size>0x12</size>
         <input_file_ref idref="fl-2"/>
      </object_component>
      <object_component id="oc-152">
         <name>.text:Board_init</name>
         <load_address>0x2000f4ae</load_address>
         <run_address>0x2000f4ae</run_address>
         <size>0x10</size>
         <input_file_ref idref="fl-4"/>
      </object_component>
      <object_component id="oc-3a0">
         <name>.text:ClockP_add</name>
         <load_address>0x2000f4be</load_address>
         <run_address>0x2000f4be</run_address>
         <size>0x10</size>
         <input_file_ref idref="fl-17"/>
      </object_component>
      <object_component id="oc-5bd">
         <name>.text:ClockP_delete</name>
         <load_address>0x2000f4ce</load_address>
         <run_address>0x2000f4ce</run_address>
         <size>0x10</size>
         <input_file_ref idref="fl-17"/>
      </object_component>
      <object_component id="oc-45b">
         <name>.text:ClockP_getCpuFreq</name>
         <load_address>0x2000f4e0</load_address>
         <run_address>0x2000f4e0</run_address>
         <size>0x10</size>
         <input_file_ref idref="fl-17"/>
      </object_component>
      <object_component id="oc-479">
         <name>.text:ClockP_getSystemTicks</name>
         <load_address>0x2000f4f0</load_address>
         <run_address>0x2000f4f0</run_address>
         <size>0x10</size>
         <input_file_ref idref="fl-17"/>
      </object_component>
      <object_component id="oc-495">
         <name>.text:ClockP_setTicks</name>
         <load_address>0x2000f500</load_address>
         <run_address>0x2000f500</run_address>
         <size>0x10</size>
         <input_file_ref idref="fl-17"/>
      </object_component>
      <object_component id="oc-5b7">
         <name>.text:HwiP_delete</name>
         <load_address>0x2000f510</load_address>
         <run_address>0x2000f510</run_address>
         <size>0x10</size>
         <input_file_ref idref="fl-18"/>
      </object_component>
      <object_component id="oc-2a0">
         <name>.text:HwiP_restore</name>
         <load_address>0x2000f520</load_address>
         <run_address>0x2000f520</run_address>
         <size>0x10</size>
         <input_file_ref idref="fl-18"/>
      </object_component>
      <object_component id="oc-3ac">
         <name>.text:Power_enablePolicy</name>
         <load_address>0x2000f530</load_address>
         <run_address>0x2000f530</run_address>
         <size>0x10</size>
         <input_file_ref idref="fl-10"/>
      </object_component>
      <object_component id="oc-388">
         <name>.text:SemaphoreP_Params_init</name>
         <load_address>0x2000f540</load_address>
         <run_address>0x2000f540</run_address>
         <size>0x10</size>
         <input_file_ref idref="fl-16"/>
      </object_component>
      <object_component id="oc-635">
         <name>.text:readBlockingTimeout</name>
         <load_address>0x2000f550</load_address>
         <run_address>0x2000f550</run_address>
         <size>0x10</size>
         <input_file_ref idref="fl-12"/>
      </object_component>
      <object_component id="oc-1e7">
         <name>.text:tolower</name>
         <load_address>0x2000f560</load_address>
         <run_address>0x2000f560</run_address>
         <size>0x10</size>
         <input_file_ref idref="fl-e1"/>
      </object_component>
      <object_component id="oc-29a">
         <name>.text:HwiP_disable</name>
         <load_address>0x2000f570</load_address>
         <run_address>0x2000f570</run_address>
         <size>0xe</size>
         <input_file_ref idref="fl-18"/>
      </object_component>
      <object_component id="oc-158">
         <name>.text:HwiP_enable</name>
         <load_address>0x2000f57e</load_address>
         <run_address>0x2000f57e</run_address>
         <size>0xe</size>
         <input_file_ref idref="fl-18"/>
      </object_component>
      <object_component id="oc-73b">
         <name>.text:RingBuf_isFull</name>
         <load_address>0x2000f58c</load_address>
         <run_address>0x2000f58c</run_address>
         <size>0xe</size>
         <input_file_ref idref="fl-14"/>
      </object_component>
      <object_component id="oc-1a">
         <name>.text:decompress:none:__TI_decompress_none</name>
         <load_address>0x2000f59a</load_address>
         <run_address>0x2000f59a</run_address>
         <size>0xe</size>
         <input_file_ref idref="fl-dd"/>
      </object_component>
      <object_component id="oc-467">
         <name>.text:Power_getConstraintMask</name>
         <load_address>0x2000f5a8</load_address>
         <run_address>0x2000f5a8</run_address>
         <size>0xc</size>
         <input_file_ref idref="fl-10"/>
      </object_component>
      <object_component id="oc-61d">
         <name>.text:postNotifyFxn</name>
         <load_address>0x2000f5b4</load_address>
         <run_address>0x2000f5b4</run_address>
         <size>0xc</size>
         <input_file_ref idref="fl-12"/>
      </object_component>
      <object_component id="oc-608">
         <name>.text:ClockP_Params_init</name>
         <load_address>0x2000f5c0</load_address>
         <run_address>0x2000f5c0</run_address>
         <size>0xa</size>
         <input_file_ref idref="fl-17"/>
      </object_component>
      <object_component id="oc-3b2">
         <name>.text:ClockP_isActive</name>
         <load_address>0x2000f5ca</load_address>
         <run_address>0x2000f5ca</run_address>
         <size>0xa</size>
         <input_file_ref idref="fl-17"/>
      </object_component>
      <object_component id="oc-53">
         <name>.text:IntMasterDisable</name>
         <load_address>0x2000f5d4</load_address>
         <run_address>0x2000f5d4</run_address>
         <size>0xa</size>
         <input_file_ref idref="fl-1e"/>
      </object_component>
      <object_component id="oc-1db">
         <name>.text:UART_read</name>
         <load_address>0x2000f5de</load_address>
         <run_address>0x2000f5de</run_address>
         <size>0xa</size>
         <input_file_ref idref="fl-e"/>
      </object_component>
      <object_component id="oc-1e1">
         <name>.text:UART_write</name>
         <load_address>0x2000f5e8</load_address>
         <run_address>0x2000f5e8</run_address>
         <size>0xa</size>
         <input_file_ref idref="fl-e"/>
      </object_component>
      <object_component id="oc-408">
         <name>.text:malloc</name>
         <load_address>0x2000f5f2</load_address>
         <run_address>0x2000f5f2</run_address>
         <size>0x8</size>
         <input_file_ref idref="fl-df"/>
      </object_component>
      <object_component id="oc-62f">
         <name>.text:readSemCallback</name>
         <load_address>0x2000f5fa</load_address>
         <run_address>0x2000f5fa</run_address>
         <size>0x8</size>
         <input_file_ref idref="fl-12"/>
      </object_component>
      <object_component id="oc-629">
         <name>.text:writeSemCallback</name>
         <load_address>0x2000f602</load_address>
         <run_address>0x2000f602</run_address>
         <size>0x8</size>
         <input_file_ref idref="fl-12"/>
      </object_component>
      <object_component id="oc-25a">
         <name>.text:UtilsDelay</name>
         <load_address>0x2000f60a</load_address>
         <run_address>0x2000f60a</run_address>
         <size>0x6</size>
         <input_file_ref idref="fl-22"/>
      </object_component>
      <object_component id="oc-742">
         <name>.text:ClockP_setTimeout</name>
         <load_address>0x2000f610</load_address>
         <run_address>0x2000f610</run_address>
         <size>0x4</size>
         <input_file_ref idref="fl-17"/>
      </object_component>
      <object_component id="oc-59c">
         <name>.text:HwiP_post</name>
         <load_address>0x2000f614</load_address>
         <run_address>0x2000f614</run_address>
         <size>0x4</size>
         <input_file_ref idref="fl-18"/>
      </object_component>
      <object_component id="oc-2a6">
         <name>.text:SemaphoreP_delete</name>
         <load_address>0x2000f618</load_address>
         <run_address>0x2000f618</run_address>
         <size>0x4</size>
         <input_file_ref idref="fl-16"/>
      </object_component>
      <object_component id="oc-114">
         <name>.text:_system_pre_init</name>
         <load_address>0x2000f61c</load_address>
         <run_address>0x2000f61c</run_address>
         <size>0x4</size>
         <input_file_ref idref="fl-e6"/>
      </object_component>
      <object_component id="oc-165">
         <name>.text:abort:abort</name>
         <load_address>0x2000f620</load_address>
         <run_address>0x2000f620</run_address>
         <size>0x4</size>
         <input_file_ref idref="fl-e8"/>
      </object_component>
      <object_component id="oc-327">
         <name>.const:.string:_ctypes_</name>
         <load_address>0x2000fbd4</load_address>
         <run_address>0x2000fbd4</run_address>
         <size>0x101</size>
         <input_file_ref idref="fl-eb"/>
      </object_component>
      <object_component id="oc-2db">
         <name>.const</name>
         <load_address>0x2000fcd5</load_address>
         <run_address>0x2000fcd5</run_address>
         <size>0x3</size>
         <input_file_ref idref="fl-4"/>
      </object_component>
      <object_component id="oc-36d">
         <name>.const:g_ulPinToPadMap</name>
         <load_address>0x2000fcd8</load_address>
         <run_address>0x2000fcd8</run_address>
         <size>0x100</size>
         <input_file_ref idref="fl-1f"/>
      </object_component>
      <object_component id="oc-366">
         <name>.const:PRCM_PeriphRegsList</name>
         <load_address>0x2000fdd8</load_address>
         <run_address>0x2000fdd8</run_address>
         <size>0xa8</size>
         <input_file_ref idref="fl-20"/>
      </object_component>
      <object_component id="oc-28f">
         <name>.const:PowerCC32XX_config</name>
         <load_address>0x2000fe80</load_address>
         <run_address>0x2000fe80</run_address>
         <size>0x44</size>
         <input_file_ref idref="fl-4"/>
      </object_component>
      <object_component id="oc-3fc">
         <name>.const:UARTCC32XX_fxnTable</name>
         <load_address>0x2000fec4</load_address>
         <run_address>0x2000fec4</run_address>
         <size>0x28</size>
         <input_file_ref idref="fl-12"/>
      </object_component>
      <object_component id="oc-31f">
         <name>.const:UART_defaultParams</name>
         <load_address>0x2000feec</load_address>
         <run_address>0x2000feec</run_address>
         <size>0x24</size>
         <input_file_ref idref="fl-e"/>
      </object_component>
      <object_component id="oc-400">
         <name>.const:uartCC32XXHWAttrs0</name>
         <load_address>0x2000ff10</load_address>
         <run_address>0x2000ff10</run_address>
         <size>0x24</size>
         <input_file_ref idref="fl-4"/>
      </object_component>
      <object_component id="oc-2fa">
         <name>.const:.string:pinTable</name>
         <load_address>0x2000ff34</load_address>
         <run_address>0x2000ff34</run_address>
         <size>0x21</size>
         <input_file_ref idref="fl-f"/>
      </object_component>
      <object_component id="oc-61a">
         <name>.const:staticFxnTable</name>
         <load_address>0x2000ff58</load_address>
         <run_address>0x2000ff58</run_address>
         <size>0x20</size>
         <input_file_ref idref="fl-12"/>
      </object_component>
      <object_component id="oc-10e">
         <name>.const:g_pulEnRegs</name>
         <load_address>0x2000ff78</load_address>
         <run_address>0x2000ff78</run_address>
         <size>0x18</size>
         <input_file_ref idref="fl-1e"/>
      </object_component>
      <object_component id="oc-726">
         <name>.const:g_pulPendRegs</name>
         <load_address>0x2000ff90</load_address>
         <run_address>0x2000ff90</run_address>
         <size>0x18</size>
         <input_file_ref idref="fl-1e"/>
      </object_component>
      <object_component id="oc-2c8">
         <name>.const:GPIOCC32XX_config</name>
         <load_address>0x2000ffa8</load_address>
         <run_address>0x2000ffa8</run_address>
         <size>0x14</size>
         <input_file_ref idref="fl-4"/>
      </object_component>
      <object_component id="oc-315">
         <name>.const:gpioBaseAddresses</name>
         <load_address>0x2000ffbc</load_address>
         <run_address>0x2000ffbc</run_address>
         <size>0x14</size>
         <input_file_ref idref="fl-f"/>
      </object_component>
      <object_component id="oc-6d8">
         <name>.const:parityType</name>
         <load_address>0x2000ffd0</load_address>
         <run_address>0x2000ffd0</run_address>
         <size>0x14</size>
         <input_file_ref idref="fl-12"/>
      </object_component>
      <object_component id="oc-2fd">
         <name>.const:powerResources</name>
         <load_address>0x2000ffe4</load_address>
         <run_address>0x2000ffe4</run_address>
         <size>0x14</size>
         <input_file_ref idref="fl-f"/>
      </object_component>
      <object_component id="oc-6de">
         <name>.const:dataLength</name>
         <load_address>0x2000fff8</load_address>
         <run_address>0x2000fff8</run_address>
         <size>0x10</size>
         <input_file_ref idref="fl-12"/>
      </object_component>
      <object_component id="oc-2de">
         <name>.const:UART_config</name>
         <load_address>0x20010008</load_address>
         <run_address>0x20010008</run_address>
         <size>0xc</size>
         <input_file_ref idref="fl-4"/>
      </object_component>
      <object_component id="oc-303">
         <name>.const:outPinTypes</name>
         <load_address>0x20010014</load_address>
         <run_address>0x20010014</run_address>
         <size>0x8</size>
         <input_file_ref idref="fl-f"/>
      </object_component>
      <object_component id="oc-6db">
         <name>.const:stopBits</name>
         <load_address>0x2001001c</load_address>
         <run_address>0x2001001c</run_address>
         <size>0x8</size>
         <input_file_ref idref="fl-12"/>
      </object_component>
      <object_component id="oc-312">
         <name>.const:.string:interruptType</name>
         <load_address>0x20010024</load_address>
         <run_address>0x20010024</run_address>
         <size>0x6</size>
         <input_file_ref idref="fl-f"/>
      </object_component>
      <object_component id="oc-306">
         <name>.const:inPinTypes</name>
         <load_address>0x2001002a</load_address>
         <run_address>0x2001002a</run_address>
         <size>0x6</size>
         <input_file_ref idref="fl-f"/>
      </object_component>
      <object_component id="oc-300">
         <name>.const:outPinStrengths</name>
         <load_address>0x20010030</load_address>
         <run_address>0x20010030</run_address>
         <size>0x6</size>
         <input_file_ref idref="fl-f"/>
      </object_component>
      <object_component id="oc-309">
         <name>.const:.string:portInterruptIds</name>
         <load_address>0x20010036</load_address>
         <run_address>0x20010036</run_address>
         <size>0x4</size>
         <input_file_ref idref="fl-f"/>
      </object_component>
      <object_component id="oc-789">
         <name>.cinit..data.load</name>
         <load_address>0x20010278</load_address>
         <run_address>0x20010278</run_address>
         <size>0xbf</size>
      </object_component>
      <object_component id="oc-787">
         <name>__TI_handler_table</name>
         <load_address>0x20010338</load_address>
         <run_address>0x20010338</run_address>
         <size>0xc</size>
      </object_component>
      <object_component id="oc-78a">
         <name>.cinit..bss.load</name>
         <load_address>0x20010348</load_address>
         <run_address>0x20010348</run_address>
         <size>0x8</size>
      </object_component>
      <object_component id="oc-788">
         <name>__TI_cinit_table</name>
         <load_address>0x20010350</load_address>
         <run_address>0x20010350</run_address>
         <size>0x10</size>
      </object_component>
      <object_component id="oc-1f9">
         <name>.data</name>
         <load_address>0x2000fbd0</load_address>
         <run_address>0x2000fbd0</run_address>
         <size>0x4</size>
         <input_file_ref idref="fl-3"/>
      </object_component>
      <object_component id="oc-3df">
         <name>.data:gpioPinConfigs</name>
         <load_address>0x2000fbcc</load_address>
         <run_address>0x2000fbcc</run_address>
         <size>0x4</size>
         <input_file_ref idref="fl-4"/>
      </object_component>
      <object_component id="oc-3e2">
         <name>.data:gpioCallbackFunctions</name>
         <load_address>0x2000fbc8</load_address>
         <run_address>0x2000fbc8</run_address>
         <size>0x4</size>
         <input_file_ref idref="fl-4"/>
      </object_component>
      <object_component id="oc-383">
         <name>.data:parkInfo</name>
         <load_address>0x2000fa9c</load_address>
         <run_address>0x2000fa9c</run_address>
         <size>0xf8</size>
         <input_file_ref idref="fl-4"/>
      </object_component>
      <object_component id="oc-2d8">
         <name>.data</name>
         <load_address>0x2000fbc5</load_address>
         <run_address>0x2000fbc5</run_address>
         <size>0x1</size>
         <input_file_ref idref="fl-e"/>
      </object_component>
      <object_component id="oc-2c5">
         <name>.data</name>
         <load_address>0x2000fb94</load_address>
         <run_address>0x2000fb94</run_address>
         <size>0x9</size>
         <input_file_ref idref="fl-f"/>
      </object_component>
      <object_component id="oc-28c">
         <name>.data:PowerCC32XX_module</name>
         <load_address>0x2000f930</load_address>
         <run_address>0x2000f930</run_address>
         <size>0x16c</size>
         <input_file_ref idref="fl-10"/>
      </object_component>
      <object_component id="oc-3c4">
         <name>.data</name>
         <load_address>0x2000fb9d</load_address>
         <run_address>0x2000fb9d</run_address>
         <size>0x3</size>
         <input_file_ref idref="fl-16"/>
      </object_component>
      <object_component id="oc-4a7">
         <name>.data:SemaphoreP_defaultParams</name>
         <load_address>0x2000fbb0</load_address>
         <run_address>0x2000fbb0</run_address>
         <size>0x8</size>
         <input_file_ref idref="fl-16"/>
      </object_component>
      <object_component id="oc-4a1">
         <name>.data</name>
         <load_address>0x2000fbc0</load_address>
         <run_address>0x2000fbc0</run_address>
         <size>0x5</size>
         <input_file_ref idref="fl-17"/>
      </object_component>
      <object_component id="oc-535">
         <name>.data:HwiP_dispatchTable</name>
         <load_address>0x2000f624</load_address>
         <run_address>0x2000f624</run_address>
         <size>0x30c</size>
         <input_file_ref idref="fl-18"/>
      </object_component>
      <object_component id="oc-53e">
         <name>.data</name>
         <load_address>0x2000fbb8</load_address>
         <run_address>0x2000fbb8</run_address>
         <size>0x8</size>
         <input_file_ref idref="fl-18"/>
      </object_component>
      <object_component id="oc-5af">
         <name>.data:$O1$$</name>
         <load_address>0x2000fba8</load_address>
         <run_address>0x2000fba8</run_address>
         <size>0x8</size>
         <input_file_ref idref="fl-df"/>
      </object_component>
      <object_component id="oc-20e">
         <name>.data:$O1$$</name>
         <load_address>0x2000fba0</load_address>
         <run_address>0x2000fba0</run_address>
         <size>0x8</size>
         <input_file_ref idref="fl-e9"/>
      </object_component>
      <object_component id="oc-529">
         <name>.bss:uartCC32XXRingBuffer0</name>
         <uninitialized>true</uninitialized>
         <run_address>0x20010210</run_address>
         <size>0x20</size>
         <input_file_ref idref="fl-4"/>
      </object_component>
      <object_component id="oc-2d4">
         <name>.bss:gpioCallbackInfo</name>
         <uninitialized>true</uninitialized>
         <run_address>0x200101f0</run_address>
         <size>0x20</size>
         <input_file_ref idref="fl-f"/>
      </object_component>
      <object_component id="oc-2cb">
         <name>.bss:powerNotifyObj</name>
         <uninitialized>true</uninitialized>
         <run_address>0x20010230</run_address>
         <size>0x14</size>
         <input_file_ref idref="fl-f"/>
      </object_component>
      <object_component id="oc-2c4">
         <name>.bss</name>
         <uninitialized>true</uninitialized>
         <run_address>0x20010244</run_address>
         <size>0x4</size>
         <input_file_ref idref="fl-f"/>
      </object_component>
      <object_component id="oc-676">
         <name>.bss</name>
         <uninitialized>true</uninitialized>
         <run_address>0x20010274</run_address>
         <size>0x4</size>
         <input_file_ref idref="fl-17"/>
      </object_component>
      <object_component id="oc-549">
         <name>.bss</name>
         <uninitialized>true</uninitialized>
         <run_address>0x20010258</run_address>
         <size>0xd</size>
         <input_file_ref idref="fl-1b"/>
      </object_component>
      <object_component id="oc-1fc">
         <name>.common:cmdBuffer</name>
         <uninitialized>true</uninitialized>
         <run_address>0x20010265</run_address>
         <size>0xc</size>
      </object_component>
      <object_component id="oc-3ff">
         <name>.common:uartCC32XXObjects0</name>
         <uninitialized>true</uninitialized>
         <run_address>0x2001016c</run_address>
         <size>0x84</size>
      </object_component>
      <object_component id="oc-685">
         <name>.common:PowerCC32XX_contextSave</name>
         <uninitialized>true</uninitialized>
         <run_address>0x20010040</run_address>
         <size>0x12c</size>
      </object_component>
      <object_component id="oc-e1">
         <name>.common:ClockP_ctrl</name>
         <uninitialized>true</uninitialized>
         <run_address>0x20010248</run_address>
         <size>0x10</size>
      </object_component>
      <object_component id="oc-2a">
         <name>.sysmem</name>
         <uninitialized>true</uninitialized>
         <run_address>0x20004040</run_address>
         <size>0x10</size>
         <input_file_ref idref="fl-df"/>
      </object_component>
      <object_component id="oc-78d">
         <name>.sysmem</name>
         <uninitialized>true</uninitialized>
         <run_address>0x20004040</run_address>
         <size>0x0</size>
      </object_component>
      <object_component id="oc-2d">
         <name>.stack</name>
         <uninitialized>true</uninitialized>
         <run_address>0x20003000</run_address>
         <size>0x4</size>
         <input_file_ref idref="fl-e2"/>
      </object_component>
      <object_component id="oc-78c">
         <name>.stack</name>
         <uninitialized>true</uninitialized>
         <run_address>0x20003000</run_address>
         <size>0x0</size>
      </object_component>
      <object_component id="oc-27">
         <name>.resetVecs:retain</name>
         <load_address>0x20004000</load_address>
         <run_address>0x20004000</run_address>
         <size>0x40</size>
         <input_file_ref idref="fl-1a"/>
      </object_component>
      <object_component id="oc-bb">
         <name>.ramVecs</name>
         <uninitialized>true</uninitialized>
         <run_address>0x20000000</run_address>
         <size>0x30c</size>
         <input_file_ref idref="fl-1a"/>
      </object_component>
      <object_component id="oc-14d">
         <name>.debug_info</name>
         <load_address>0x0</load_address>
         <run_address>0x0</run_address>
         <size>0x1b9</size>
         <input_file_ref idref="fl-2"/>
      </object_component>
      <object_component id="oc-11e">
         <name>.debug_info</name>
         <load_address>0x1b9</load_address>
         <run_address>0x1b9</run_address>
         <size>0x151</size>
         <input_file_ref idref="fl-2"/>
      </object_component>
      <object_component id="oc-e7">
         <name>.debug_info</name>
         <load_address>0x30a</load_address>
         <run_address>0x30a</run_address>
         <size>0x26b</size>
         <input_file_ref idref="fl-2"/>
      </object_component>
      <object_component id="oc-36">
         <name>.debug_info</name>
         <load_address>0x575</load_address>
         <run_address>0x575</run_address>
         <size>0x84</size>
         <input_file_ref idref="fl-2"/>
      </object_component>
      <object_component id="oc-148">
         <name>.debug_info</name>
         <load_address>0x5f9</load_address>
         <run_address>0x5f9</run_address>
         <size>0x2a4</size>
         <input_file_ref idref="fl-2"/>
      </object_component>
      <object_component id="oc-22c">
         <name>.debug_info</name>
         <load_address>0x89d</load_address>
         <run_address>0x89d</run_address>
         <size>0xef</size>
         <input_file_ref idref="fl-2"/>
      </object_component>
      <object_component id="oc-12f">
         <name>.debug_info</name>
         <load_address>0x98c</load_address>
         <run_address>0x98c</run_address>
         <size>0xbb</size>
         <input_file_ref idref="fl-2"/>
      </object_component>
      <object_component id="oc-24f">
         <name>.debug_info</name>
         <load_address>0xa47</load_address>
         <run_address>0xa47</run_address>
         <size>0x53</size>
         <input_file_ref idref="fl-2"/>
      </object_component>
      <object_component id="oc-1fd">
         <name>.debug_info</name>
         <load_address>0xa9a</load_address>
         <run_address>0xa9a</run_address>
         <size>0x415</size>
         <input_file_ref idref="fl-3"/>
      </object_component>
      <object_component id="oc-1fa">
         <name>.debug_info</name>
         <load_address>0xeaf</load_address>
         <run_address>0xeaf</run_address>
         <size>0xeb</size>
         <input_file_ref idref="fl-3"/>
      </object_component>
      <object_component id="oc-15f">
         <name>.debug_info</name>
         <load_address>0xf9a</load_address>
         <run_address>0xf9a</run_address>
         <size>0x294</size>
         <input_file_ref idref="fl-3"/>
      </object_component>
      <object_component id="oc-1ee">
         <name>.debug_info</name>
         <load_address>0x122e</load_address>
         <run_address>0x122e</run_address>
         <size>0x162</size>
         <input_file_ref idref="fl-3"/>
      </object_component>
      <object_component id="oc-200">
         <name>.debug_info</name>
         <load_address>0x1390</load_address>
         <run_address>0x1390</run_address>
         <size>0x4cf</size>
         <input_file_ref idref="fl-3"/>
      </object_component>
      <object_component id="oc-205">
         <name>.debug_info</name>
         <load_address>0x185f</load_address>
         <run_address>0x185f</run_address>
         <size>0x7a</size>
         <input_file_ref idref="fl-3"/>
      </object_component>
      <object_component id="oc-24a">
         <name>.debug_info</name>
         <load_address>0x18d9</load_address>
         <run_address>0x18d9</run_address>
         <size>0x3b</size>
         <input_file_ref idref="fl-3"/>
      </object_component>
      <object_component id="oc-338">
         <name>.debug_info</name>
         <load_address>0x1914</load_address>
         <run_address>0x1914</run_address>
         <size>0x35</size>
         <input_file_ref idref="fl-3"/>
      </object_component>
      <object_component id="oc-1a3">
         <name>.debug_info</name>
         <load_address>0x1949</load_address>
         <run_address>0x1949</run_address>
         <size>0x507</size>
         <input_file_ref idref="fl-4"/>
      </object_component>
      <object_component id="oc-3e0">
         <name>.debug_info</name>
         <load_address>0x1e50</load_address>
         <run_address>0x1e50</run_address>
         <size>0x104</size>
         <input_file_ref idref="fl-4"/>
      </object_component>
      <object_component id="oc-3e3">
         <name>.debug_info</name>
         <load_address>0x1f54</load_address>
         <run_address>0x1f54</run_address>
         <size>0x112</size>
         <input_file_ref idref="fl-4"/>
      </object_component>
      <object_component id="oc-2dc">
         <name>.debug_info</name>
         <load_address>0x2066</load_address>
         <run_address>0x2066</run_address>
         <size>0x172</size>
         <input_file_ref idref="fl-4"/>
      </object_component>
      <object_component id="oc-2c9">
         <name>.debug_info</name>
         <load_address>0x21d8</load_address>
         <run_address>0x21d8</run_address>
         <size>0x10a</size>
         <input_file_ref idref="fl-4"/>
      </object_component>
      <object_component id="oc-290">
         <name>.debug_info</name>
[...]
         <name>UARTCC32XX_writePolling</name>
         <value>0x2000e3f1</value>
         <object_component_ref idref="oc-51a"/>
      </symbol>
      <symbol id="sm-5a3">
         <name>UARTCC32XX_writeCancel</name>
         <value>0x2000e325</value>
         <object_component_ref idref="oc-520"/>
      </symbol>
      <symbol id="sm-5a4">
         <name>UARTCC32XX_control</name>
         <value>0x2000d009</value>
         <object_component_ref idref="oc-4f0"/>
      </symbol>
      <symbol id="sm-5a5">
         <name>UARTCC32XX_open</name>
         <value>0x2000c46d</value>
         <object_component_ref idref="oc-4fc"/>
      </symbol>
      <symbol id="sm-5a6">
         <name>UARTCC32XX_readCancel</name>
         <value>0x2000eeb9</value>
         <object_component_ref idref="oc-50e"/>
      </symbol>
      <symbol id="sm-5a7">
         <name>UARTCC32XX_write</name>
         <value>0x2000d1e1</value>
         <object_component_ref idref="oc-514"/>
      </symbol>
      <symbol id="sm-5a8">
         <name>UARTCC32XX_read</name>
         <value>0x2000eca5</value>
         <object_component_ref idref="oc-502"/>
      </symbol>
      <symbol id="sm-5a9">
         <name>UARTCC32XX_readPolling</name>
         <value>0x2000d431</value>
         <object_component_ref idref="oc-508"/>
      </symbol>
      <symbol id="sm-5c1">
         <name>List_remove</name>
         <value>0x2000f143</value>
         <object_component_ref idref="oc-6bf"/>
      </symbol>
      <symbol id="sm-5c2">
         <name>List_put</name>
         <value>0x2000f11d</value>
         <object_component_ref idref="oc-3c9"/>
      </symbol>
      <symbol id="sm-5f1">
         <name>RingBuf_put</name>
         <value>0x2000e9c1</value>
         <object_component_ref idref="oc-735"/>
      </symbol>
      <symbol id="sm-5f2">
         <name>RingBuf_isFull</name>
         <value>0x2000f58d</value>
         <object_component_ref idref="oc-73b"/>
      </symbol>
      <symbol id="sm-5f3">
         <name>RingBuf_construct</name>
         <value>0x2000f48b</value>
         <object_component_ref idref="oc-5f0"/>
      </symbol>
      <symbol id="sm-5f4">
         <name>RingBuf_peek</name>
         <value>0x2000f215</value>
         <object_component_ref idref="oc-5e2"/>
      </symbol>
      <symbol id="sm-5f5">
         <name>RingBuf_get</name>
         <value>0x2000ec65</value>
         <object_component_ref idref="oc-63d"/>
      </symbol>
      <symbol id="sm-670">
         <name>SemaphoreP_defaultParams</name>
         <value>0x2000fbb0</value>
         <object_component_ref idref="oc-4a7"/>
      </symbol>
      <symbol id="sm-671">
         <name>SemaphoreP_construct</name>
         <value>0x2000e76d</value>
         <object_component_ref idref="oc-4ab"/>
      </symbol>
      <symbol id="sm-672">
         <name>SemaphoreP_create</name>
         <value>0x2000f3e9</value>
         <object_component_ref idref="oc-38e"/>
      </symbol>
      <symbol id="sm-673">
         <name>SemaphoreP_post</name>
         <value>0x2000ead5</value>
         <object_component_ref idref="oc-2be"/>
      </symbol>
      <symbol id="sm-674">
         <name>SemaphoreP_pend</name>
         <value>0x2000da4d</value>
         <object_component_ref idref="oc-2ac"/>
      </symbol>
      <symbol id="sm-675">
         <name>SemaphoreP_delete</name>
         <value>0x2000f619</value>
         <object_component_ref idref="oc-2a6"/>
      </symbol>
      <symbol id="sm-676">
         <name>SemaphoreP_createBinary</name>
         <value>0x2000f2df</value>
         <object_component_ref idref="oc-294"/>
      </symbol>
      <symbol id="sm-677">
         <name>SemaphoreP_Params_init</name>
         <value>0x2000f541</value>
         <object_component_ref idref="oc-388"/>
      </symbol>
      <symbol id="sm-678">
         <name>clkFxn</name>
         <value>0x2000e453</value>
         <object_component_ref idref="oc-3be"/>
      </symbol>
      <symbol id="sm-762">
         <name>ClockP_ctrl</name>
         <value>0x20010248</value>
      </symbol>
      <symbol id="sm-763">
         <name>ClockP_delete</name>
         <value>0x2000f4cf</value>
         <object_component_ref idref="oc-5bd"/>
      </symbol>
      <symbol id="sm-764">
         <name>ClockP_doTick</name>
         <value>0x2000e71d</value>
         <object_component_ref idref="oc-79"/>
      </symbol>
      <symbol id="sm-765">
         <name>ClockP_setTimeout</name>
         <value>0x2000f611</value>
         <object_component_ref idref="oc-742"/>
      </symbol>
      <symbol id="sm-766">
         <name>ClockP_startup</name>
         <value>0x2000ef25</value>
         <object_component_ref idref="oc-555"/>
      </symbol>
      <symbol id="sm-767">
         <name>ClockP_stop</name>
         <value>0x2000ea09</value>
         <object_component_ref idref="oc-4d3"/>
      </symbol>
      <symbol id="sm-768">
         <name>ClockP_construct</name>
         <value>0x2000ebe5</value>
         <object_component_ref idref="oc-6d1"/>
      </symbol>
      <symbol id="sm-769">
         <name>ClockP_getTicksUntilInterrupt</name>
         <value>0x2000eef1</value>
         <object_component_ref idref="oc-46d"/>
      </symbol>
      <symbol id="sm-76a">
         <name>ClockP_setTicks</name>
         <value>0x2000f501</value>
         <object_component_ref idref="oc-495"/>
      </symbol>
      <symbol id="sm-76b">
         <name>ClockP_tickPeriod</name>
         <value>0x2000fbc0</value>
         <object_component_ref idref="oc-4a1"/>
      </symbol>
      <symbol id="sm-76c">
         <name>ClockP_create</name>
         <value>0x2000f2c5</value>
         <object_component_ref idref="oc-60e"/>
      </symbol>
      <symbol id="sm-76d">
         <name>ClockP_Params_init</name>
         <value>0x2000f5c1</value>
         <object_component_ref idref="oc-608"/>
      </symbol>
      <symbol id="sm-76e">
         <name>ClockP_getSystemTicks</name>
         <value>0x2000f4f1</value>
         <object_component_ref idref="oc-479"/>
      </symbol>
      <symbol id="sm-76f">
         <name>ClockP_destruct</name>
         <value>0x2000ed25</value>
         <object_component_ref idref="oc-3b8"/>
      </symbol>
      <symbol id="sm-770">
         <name>ClockP_start</name>
         <value>0x2000efc1</value>
         <object_component_ref idref="oc-3a6"/>
      </symbol>
      <symbol id="sm-771">
         <name>ClockP_sysTickHandler</name>
         <value>0x2000e71d</value>
         <object_component_ref idref="oc-79"/>
      </symbol>
      <symbol id="sm-772">
         <name>ClockP_isActive</name>
         <value>0x2000f5cb</value>
         <object_component_ref idref="oc-3b2"/>
      </symbol>
      <symbol id="sm-773">
         <name>ClockP_getCpuFreq</name>
         <value>0x2000f4e1</value>
         <object_component_ref idref="oc-45b"/>
      </symbol>
      <symbol id="sm-774">
         <name>ClockP_add</name>
         <value>0x2000f4bf</value>
         <object_component_ref idref="oc-3a0"/>
      </symbol>
      <symbol id="sm-7f5">
         <name>HwiP_delete</name>
         <value>0x2000f511</value>
         <object_component_ref idref="oc-5b7"/>
      </symbol>
      <symbol id="sm-7f6">
         <name>HwiP_construct</name>
         <value>0x2000dd49</value>
         <object_component_ref idref="oc-40e"/>
      </symbol>
      <symbol id="sm-7f7">
         <name>HwiP_inISR</name>
         <value>0x2000f415</value>
         <object_component_ref idref="oc-3d0"/>
      </symbol>
      <symbol id="sm-7f8">
         <name>HwiP_dispatch</name>
         <value>0x2000f169</value>
         <object_component_ref idref="oc-538"/>
      </symbol>
      <symbol id="sm-7f9">
         <name>HwiP_destruct</name>
         <value>0x2000f1d5</value>
         <object_component_ref idref="oc-6b6"/>
      </symbol>
      <symbol id="sm-7fa">
         <name>HwiP_swiPIntNum</name>
         <value>0x2000fbbc</value>
         <object_component_ref idref="oc-53e"/>
      </symbol>
      <symbol id="sm-7fb">
         <name>HwiP_Params_init</name>
         <value>0x2000f479</value>
         <object_component_ref idref="oc-2ee"/>
      </symbol>
      <symbol id="sm-7fc">
         <name>HwiP_disable</name>
         <value>0x2000f571</value>
         <object_component_ref idref="oc-29a"/>
      </symbol>
      <symbol id="sm-7fd">
         <name>HwiP_key</name>
         <value>0x2000fbb8</value>
         <object_component_ref idref="oc-53e"/>
      </symbol>
      <symbol id="sm-7fe">
         <name>HwiP_create</name>
         <value>0x2000f079</value>
         <object_component_ref idref="oc-2f4"/>
      </symbol>
      <symbol id="sm-7ff">
         <name>HwiP_post</name>
         <value>0x2000f615</value>
         <object_component_ref idref="oc-59c"/>
      </symbol>
      <symbol id="sm-800">
         <name>HwiP_enable</name>
         <value>0x2000f57f</value>
         <object_component_ref idref="oc-158"/>
      </symbol>
      <symbol id="sm-801">
         <name>HwiP_restore</name>
         <value>0x2000f521</value>
         <object_component_ref idref="oc-2a0"/>
      </symbol>
      <symbol id="sm-831">
         <name>PowerCC32XX_initPolicy</name>
         <value>0x2000d2ab</value>
         <object_component_ref idref="oc-377"/>
      </symbol>
      <symbol id="sm-832">
         <name>PowerCC32XX_sleepPolicy</name>
         <value>0x2000c8d9</value>
         <object_component_ref idref="oc-37d"/>
      </symbol>
      <symbol id="sm-887">
         <name>resetISR</name>
         <value>0x2000f2f9</value>
         <object_component_ref idref="oc-21"/>
      </symbol>
      <symbol id="sm-888">
         <name>resetVectorAddr</name>
         <value>0x2000f30c</value>
         <object_component_ref idref="oc-21"/>
      </symbol>
      <symbol id="sm-889">
         <name>initVectors</name>
         <value>0x2000ee49</value>
         <object_component_ref idref="oc-59"/>
      </symbol>
      <symbol id="sm-88a">
         <name>resetVectors</name>
         <value>0x20004000</value>
         <object_component_ref idref="oc-27"/>
      </symbol>
      <symbol id="sm-8ba">
         <name>SwiP_disable</name>
         <value>0x2000f271</value>
         <object_component_ref idref="oc-461"/>
      </symbol>
      <symbol id="sm-8bb">
         <name>SwiP_restore</name>
         <value>0x2000eb19</value>
         <object_component_ref idref="oc-49b"/>
      </symbol>
      <symbol id="sm-8c6">
         <name>CPUcpsid</name>
         <value>0x2000f3ff</value>
         <object_component_ref idref="oc-a3"/>
      </symbol>
      <symbol id="sm-90b">
         <name>IntVTableBaseSet</name>
         <value>0x2000f429</value>
         <object_component_ref idref="oc-af"/>
      </symbol>
      <symbol id="sm-90c">
         <name>IntEnable</name>
         <value>0x2000d7b9</value>
         <object_component_ref idref="oc-b5"/>
      </symbol>
      <symbol id="sm-90d">
         <name>IntMasterDisable</name>
         <value>0x2000f5d5</value>
         <object_component_ref idref="oc-53"/>
      </symbol>
      <symbol id="sm-90e">
         <name>IntPendSet</name>
         <value>0x2000ddd5</value>
         <object_component_ref idref="oc-6aa"/>
      </symbol>
      <symbol id="sm-948">
         <name>PinModeGet</name>
         <value>0x2000ef59</value>
         <object_component_ref idref="oc-279"/>
      </symbol>
      <symbol id="sm-949">
         <name>PinConfigSet</name>
         <value>0x2000de5d</value>
         <object_component_ref idref="oc-2e2"/>
      </symbol>
      <symbol id="sm-94a">
         <name>PinModeSet</name>
         <value>0x2000ec25</value>
         <object_component_ref idref="oc-27f"/>
      </symbol>
      <symbol id="sm-94b">
         <name>PinToPadGet</name>
         <value>0x2000f255</value>
         <object_component_ref idref="oc-5db"/>
      </symbol>
      <symbol id="sm-a14">
         <name>PRCMLPDSRestoreInfoSet</name>
         <value>0x2000ea4d</value>
         <object_component_ref idref="oc-68c"/>
      </symbol>
      <symbol id="sm-a15">
         <name>PRCMPeripheralReset</name>
         <value>0x2000e5c5</value>
         <object_component_ref idref="oc-26d"/>
      </symbol>
      <symbol id="sm-a16">
         <name>PRCMLPDSEnter</name>
         <value>0x2000e8e9</value>
         <object_component_ref idref="oc-58d"/>
      </symbol>
      <symbol id="sm-a17">
         <name>PRCMPeripheralClkEnable</name>
         <value>0x2000e931</value>
         <object_component_ref idref="oc-267"/>
      </symbol>
      <symbol id="sm-a18">
         <name>PRCMLPDSEnterKeepDebugIf</name>
         <value>0x2000edd9</value>
         <object_component_ref idref="oc-593"/>
      </symbol>
      <symbol id="sm-a19">
         <name>PRCMCC3200MCUInit</name>
         <value>0x2000c041</value>
         <object_component_ref idref="oc-1a9"/>
      </symbol>
      <symbol id="sm-a1a">
         <name>PRCMHIBRegWrite</name>
         <value>0x2000f3d3</value>
         <object_component_ref idref="oc-25b"/>
      </symbol>
      <symbol id="sm-a1b">
         <name>PRCMSysResetCauseGet</name>
         <value>0x2000e455</value>
         <object_component_ref idref="oc-254"/>
      </symbol>
      <symbol id="sm-a1c">
         <name>PRCMPeripheralClkDisable</name>
         <value>0x2000f0a5</value>
         <object_component_ref idref="oc-273"/>
      </symbol>
      <symbol id="sm-a1d">
         <name>PRCMHIBRegRead</name>
         <value>0x2000f3bd</value>
         <object_component_ref idref="oc-261"/>
      </symbol>
      <symbol id="sm-a31">
         <name>UARTBusy</name>
         <value>0x2000f345</value>
         <object_component_ref idref="oc-645"/>
      </symbol>
      <symbol id="sm-a32">
         <name>UARTIntEnable</name>
         <value>0x2000f35d</value>
         <object_component_ref idref="oc-715"/>
      </symbol>
      <symbol id="sm-a36">
         <name>UtilsDelay</name>
         <value>0x2000f60b</value>
         <object_component_ref idref="oc-25a"/>
      </symbol>
      <symbol id="sm-a46">
         <name>FlashDisable</name>
         <value>0x2000e8a1</value>
         <object_component_ref idref="oc-6a2"/>
      </symbol>
      <symbol id="sm-a4f">
         <name>__aeabi_lmul</name>
         <value>0x2000f38d</value>
         <object_component_ref idref="oc-490"/>
      </symbol>
      <symbol id="sm-a6a">
         <name>memcpy</name>
         <value>0x2000daed</value>
         <object_component_ref idref="oc-3b"/>
      </symbol>
      <symbol id="sm-a6b">
         <name>__aeabi_memcpy</name>
         <value>0x2000daed</value>
         <object_component_ref idref="oc-3b"/>
      </symbol>
      <symbol id="sm-a6c">
         <name>__aeabi_memcpy8</name>
         <value>0x2000daed</value>
         <object_component_ref idref="oc-3b"/>
      </symbol>
      <symbol id="sm-a6d">
         <name>__aeabi_memcpy4</name>
         <value>0x2000daed</value>
         <object_component_ref idref="oc-3b"/>
      </symbol>
      <symbol id="sm-a7a">
         <name>__aeabi_uldivmod</name>
         <value>0x2000dc21</value>
         <object_component_ref idref="oc-485"/>
      </symbol>
      <symbol id="sm-a8e">
         <name>__TI_zero_init_nomemset</name>
         <value>0x2000f28d</value>
         <object_component_ref idref="oc-47"/>
      </symbol>
      <symbol id="sm-aa5">
         <name>__TI_decompress_none</name>
         <value>0x2000f59b</value>
         <object_component_ref idref="oc-1a"/>
      </symbol>
      <symbol id="sm-ac8">
         <name>__TI_decompress_lzss</name>
         <value>0x2000e2bd</value>
         <object_component_ref idref="oc-14"/>
      </symbol>
      <symbol id="sm-b51">
         <name>_sys_memory</name>
         <value>0x20004040</value>
         <object_component_ref idref="oc-2a"/>
      </symbol>
      <symbol id="sm-b52">
         <name>free</name>
         <value>0x2000d0fd</value>
         <object_component_ref idref="oc-399"/>
      </symbol>
      <symbol id="sm-b53">
         <name>memalign</name>
         <value>0x2000ce15</value>
         <object_component_ref idref="oc-52e"/>
      </symbol>
      <symbol id="sm-b54">
         <name>malloc</name>
         <value>0x2000f5f3</value>
         <object_component_ref idref="oc-408"/>
      </symbol>
      <symbol id="sm-b55">
         <name>aligned_alloc</name>
         <value>0x2000ce15</value>
         <object_component_ref idref="oc-52e"/>
      </symbol>
      <symbol id="sm-b64">
         <name>strcmp</name>
         <value>0x2000f3a5</value>
         <object_component_ref idref="oc-32c"/>
      </symbol>
      <symbol id="sm-b73">
         <name>tolower</name>
         <value>0x2000f561</value>
         <object_component_ref idref="oc-1e7"/>
      </symbol>
      <symbol id="sm-b85">
         <name>__stack</name>
         <value>0x20003000</value>
         <object_component_ref idref="oc-2d"/>
      </symbol>
      <symbol id="sm-b86">
         <name>_c_int00_noargs</name>
         <value>0x2000f1b1</value>
         <object_component_ref idref="oc-c5"/>
      </symbol>
      <symbol id="sm-b90">
         <name>__aeabi_idiv0</name>
         <value>0x2000eeef</value>
         <object_component_ref idref="oc-55e"/>
      </symbol>
      <symbol id="sm-b91">
         <name>__aeabi_ldiv0</name>
         <value>0x2000eeef</value>
         <object_component_ref idref="oc-55e"/>
      </symbol>
      <symbol id="sm-bba">
         <name>__TI_auto_init_nobinit_nopinit</name>
         <value>0x2000eba1</value>
         <object_component_ref idref="oc-171"/>
      </symbol>
      <symbol id="sm-bc4">
         <name>_system_pre_init</name>
         <value>0x2000f61d</value>
         <object_component_ref idref="oc-114"/>
      </symbol>
      <symbol id="sm-bd0">
         <name>C$$EXIT</name>
         <value>0x2000f621</value>
         <object_component_ref idref="oc-165"/>
      </symbol>
      <symbol id="sm-bd1">
         <name>abort</name>
         <value>0x2000f621</value>
         <object_component_ref idref="oc-165"/>
      </symbol>
      <symbol id="sm-be6">
         <name>_nop</name>
         <value>0x2000dcb7</value>
         <object_component_ref idref="oc-33f"/>
      </symbol>
      <symbol id="sm-be7">
         <name>_lock</name>
         <value>0x2000fba0</value>
         <object_component_ref idref="oc-20e"/>
      </symbol>
      <symbol id="sm-be8">
         <name>_unlock</name>
         <value>0x2000fba4</value>
         <object_component_ref idref="oc-20e"/>
      </symbol>
      <symbol id="sm-bf4">
         <name>_ctypes_</name>
         <value>0x2000fbd4</value>
         <object_component_ref idref="oc-327"/>
      </symbol>
      <symbol id="sm-bf5">
         <name>__TI_static_base__</name>
         <value>0x20010278</value>
      </symbol>
      <symbol id="sm-bf8">
         <name>ITM_flush</name>
         <value>0x0</value>
      </symbol>
      <symbol id="sm-bf9">
         <name>ITM_restore</name>
         <value>0x0</value>
      </symbol>
      <symbol id="sm-bfa">
         <name>__mpu_init</name>
         <value>0x0</value>
      </symbol>
      <symbol id="sm-bfb">
         <name>_system_post_cinit</name>
         <value>0x0</value>
      </symbol>
      <symbol id="sm-bfc">
         <name>NoRTOS_start</name>
         <value>0x2000f57f</value>
      </symbol>
   </symbol_table>
   <title>Link successful</title>
</link_info>
